<html>
<body>
<pre>
<h1>µVision Build Log</h1>
<h2>Tool Versions:</h2>
IDE-Version: •ÏVision V5.35.0.0
Copyright (C) 2021 ARM Ltd and ARM Germany GmbH. All rights reserved.
License Information: Sehyun Hong, Handong Global University, LIC=----
 
Tool Versions:
Toolchain:       MDK-Lite  Version: 5.35.0.2
Toolchain Path:  C:\Keil_v5\ARM\ARMCLANG\Bin
C Compiler:      ArmClang.exe V6.16
Assembler:       Armasm.exe V6.16
Linker/Locator:  ArmLink.exe V6.16
Library Manager: ArmAr.exe V6.16
Hex Converter:   FromElf.exe V6.16
CPU DLL:         SARMCM3.DLL V5.35.0.2
Dialog DLL:      DCM.DLL V1.17.3.0
Target DLL:      STLink\ST-LINKIII-KEIL_SWO.dll V3.0.9.0
Dialog DLL:      TCM.DLL V1.53.0.0
 
<h2>Project:</h2>
C:\Users\sehye\source\repos\EC_2021\Tutorial\Tutorial_Zigbee_PLXDAQ\Tutorial_Zigbee_PLXDAQ.uvprojx
Project File Date:  12/03/2021

<h2>Output:</h2>
*** Using Compiler 'V6.16', folder: 'C:\Keil_v5\ARM\ARMCLANG\Bin'
Build target 'Target 1'
Tutorial_Zigbee_PLXDAQ.c(89): warning: In file included from...
../../Lib\EC_HAL.h(20): warning: In file included from...
../../Lib/ecUART.h(40): warning: this function declaration is not a prototype [-Wstrict-prototypes]
void UART2_init();
               ^
                void
Tutorial_Zigbee_PLXDAQ.c(92): warning: no previous extern declaration for non-static variable 'mcu2Data' [-Wmissing-variable-declarations]
uint8_t mcu2Data = 0;
        ^
Tutorial_Zigbee_PLXDAQ.c(92): note: declare 'static' if the variable is not intended to be used outside of this translation unit
uint8_t mcu2Data = 0;
^
Tutorial_Zigbee_PLXDAQ.c(93): warning: no previous extern declaration for non-static variable 'pcData' [-Wmissing-variable-declarations]
uint8_t pcData = 0;
        ^
Tutorial_Zigbee_PLXDAQ.c(93): note: declare 'static' if the variable is not intended to be used outside of this translation unit
uint8_t pcData = 0;
^
Tutorial_Zigbee_PLXDAQ.c(94): warning: no previous extern declaration for non-static variable 'indx' [-Wmissing-variable-declarations]
int indx =0;
    ^
Tutorial_Zigbee_PLXDAQ.c(94): note: declare 'static' if the variable is not intended to be used outside of this translation unit
int indx =0;
^
Tutorial_Zigbee_PLXDAQ.c(95): warning: no previous extern declaration for non-static variable 'maxBuf' [-Wmissing-variable-declarations]
int maxBuf=10;
    ^
Tutorial_Zigbee_PLXDAQ.c(95): note: declare 'static' if the variable is not intended to be used outside of this translation unit
int maxBuf=10;
^
Tutorial_Zigbee_PLXDAQ.c(96): warning: no previous extern declaration for non-static variable 'buffer' [-Wmissing-variable-declarations]
uint8_t buffer[100]={0,};
        ^
Tutorial_Zigbee_PLXDAQ.c(96): note: declare 'static' if the variable is not intended to be used outside of this translation unit
uint8_t buffer[100]={0,};
^
Tutorial_Zigbee_PLXDAQ.c(97): warning: no previous extern declaration for non-static variable 'bReceive' [-Wmissing-variable-declarations]
int bReceive=0;
    ^
Tutorial_Zigbee_PLXDAQ.c(97): note: declare 'static' if the variable is not intended to be used outside of this translation unit
int bReceive=0;
^
Tutorial_Zigbee_PLXDAQ.c(98): warning: no previous extern declaration for non-static variable 'ledOn' [-Wmissing-variable-declarations]
int ledOn = 0;
    ^
Tutorial_Zigbee_PLXDAQ.c(98): note: declare 'static' if the variable is not intended to be used outside of this translation unit
int ledOn = 0;
^
Tutorial_Zigbee_PLXDAQ.c(99): warning: no previous extern declaration for non-static variable 'endChar' [-Wmissing-variable-declarations]
int endChar = 13;
    ^
Tutorial_Zigbee_PLXDAQ.c(99): note: declare 'static' if the variable is not intended to be used outside of this translation unit
int endChar = 13;
^
Tutorial_Zigbee_PLXDAQ.c(100): warning: no previous extern declaration for non-static variable 'i' [-Wmissing-variable-declarations]
int i =0;
    ^
Tutorial_Zigbee_PLXDAQ.c(100): note: declare 'static' if the variable is not intended to be used outside of this translation unit
int i =0;
^
Tutorial_Zigbee_PLXDAQ.c(120): warning: implicit conversion changes signedness: 'int' to 'unsigned int' [-Wsign-conversion]
                GPIO_write(GPIOA,5,ledOn);
                ~~~~~~~~~~         ^~~~~
Tutorial_Zigbee_PLXDAQ.c(151): warning: implicit conversion changes signedness: 'int' to 'unsigned int' [-Wsign-conversion]
                                memset(buffer, 0, sizeof(char) * maxBuf);
                                                               ~ ^~~~~~
Tutorial_Zigbee_PLXDAQ.c(140): warning: no previous prototype for function 'USART6_IRQHandler' [-Wmissing-prototypes]
void USART6_IRQHandler(){               //USART1 INT 
     ^
Tutorial_Zigbee_PLXDAQ.c(140): note: declare 'static' if the function is not intended to be used outside of this translation unit
void USART6_IRQHandler(){               //USART1 INT 
^
static 
Tutorial_Zigbee_PLXDAQ.c(140): warning: this old-style function definition is not preceded by a prototype [-Wstrict-prototypes]
void USART6_IRQHandler(){               //USART1 INT 
                      ^
Tutorial_Zigbee_PLXDAQ.c(160): warning: no previous prototype for function 'USART2_IRQHandler' [-Wmissing-prototypes]
void USART2_IRQHandler(){               //USART2 INT 
     ^
Tutorial_Zigbee_PLXDAQ.c(160): note: declare 'static' if the function is not intended to be used outside of this translation unit
void USART2_IRQHandler(){               //USART2 INT 
^
static 
Tutorial_Zigbee_PLXDAQ.c(160): warning: this old-style function definition is not preceded by a prototype [-Wstrict-prototypes]
void USART2_IRQHandler(){               //USART2 INT 
                      ^
16 warnings generated.
compiling Tutorial_Zigbee_PLXDAQ.c...
linking...
Program Size: Code=2588 RO-data=440 RW-data=12 ZI-data=1764  
FromELF: creating hex file...
".\Objects\Tutorial_Zigbee_PLXDAQ.axf" - 0 Error(s), 16 Warning(s).

<h2>Software Packages used:</h2>

Package Vendor: ARM
                http://www.keil.com/pack/ARM.CMSIS.5.8.0.pack
                ARM.CMSIS.5.8.0
                CMSIS (Common Microcontroller Software Interface Standard)
   * Component: CORE Version: 5.5.0

Package Vendor: Keil
                http://www.keil.com/pack/Keil.STM32F4xx_DFP.2.15.0.pack
                Keil.STM32F4xx_DFP.2.15.0
                STMicroelectronics STM32F4 Series Device Support, Drivers and Examples
   * Component: Startup Version: 2.6.3

<h2>Collection of Component include folders:</h2>
  .\RTE\_Target_1
  C:\Users\sehye\AppData\Local\Arm\Packs\ARM\CMSIS\5.8.0\CMSIS\Core\Include
  C:\Users\sehye\AppData\Local\Arm\Packs\Keil\STM32F4xx_DFP\2.15.0\Drivers\CMSIS\Device\ST\STM32F4xx\Include

<h2>Collection of Component Files used:</h2>

   * Component: ARM::CMSIS:CORE:5.5.0

   * Component: Keil::Device:Startup:2.6.3
      Source file:   MDK\Device\Source\ARM\STM32F411xx_OPT.s
      Source file:   MDK\Device\Source\ARM\STM32F4xx_OTP.s
      Source file:   Drivers\CMSIS\Device\ST\STM32F4xx\Source\Templates\arm\startup_stm32f411xe.s
      Include file:  Drivers\CMSIS\Device\ST\STM32F4xx\Include\stm32f4xx.h
      Source file:   Drivers\CMSIS\Device\ST\STM32F4xx\Source\Templates\system_stm32f4xx.c
Build Time Elapsed:  00:00:01
</pre>
</body>
</html>
