Component: ARM Compiler 6.16 Tool: armlink [5dfeaa00]

==============================================================================

Section Cross References

    test2_q1_main.o(.text) refers (Special) to _printf_d.o(.ARM.Collect$$_printf_percent$$00000009) for _printf_d
    test2_q1_main.o(.text) refers (Special) to _printf_dec.o(.text) for _printf_int_dec
    test2_q1_main.o(.text) refers (Special) to _printf_percent.o(.ARM.Collect$$_printf_percent$$00000000) for _printf_percent
    test2_q1_main.o(.text.main) refers (Special) to _printf_d.o(.ARM.Collect$$_printf_percent$$00000009) for _printf_d
    test2_q1_main.o(.text.main) refers (Special) to _printf_dec.o(.text) for _printf_int_dec
    test2_q1_main.o(.text.main) refers (Special) to _printf_percent.o(.ARM.Collect$$_printf_percent$$00000000) for _printf_percent
    test2_q1_main.o(.text.main) refers to test2_q1_main.o(.text.setup) for setup
    test2_q1_main.o(.text.main) refers to test2_q1_main.o(.data.Buf) for Buf
    test2_q1_main.o(.text.main) refers to test2_q1_main.o(.data.LED_BL_Flag) for LED_BL_Flag
    test2_q1_main.o(.text.main) refers to test2_q1_main.o(.bss.LED_Blink) for LED_Blink
    test2_q1_main.o(.text.main) refers to test2_q1_main.o(.bss.FinalPWM) for FinalPWM
    test2_q1_main.o(.text.main) refers to test2_q1_main.o(.bss.sec_2_Flag) for sec_2_Flag
    test2_q1_main.o(.text.main) refers to ecgpio.o(.text.GPIO_write) for GPIO_write
    test2_q1_main.o(.text.main) refers to test2_q1_main.o(.bss.LED_ON_Flag) for LED_ON_Flag
    test2_q1_main.o(.text.main) refers to test2_q1_main.o(.bss.stopFlag) for stopFlag
    test2_q1_main.o(.text.main) refers to ecpwm.o(.text.PWM_duty) for PWM_duty
    test2_q1_main.o(.text.main) refers to test2_q1_main.o(.bss.runFlag) for runFlag
    test2_q1_main.o(.text.main) refers to test2_q1_main.o(.bss.IR_VAL) for IR_VAL
    test2_q1_main.o(.text.main) refers to noretval__2printf.o(.text) for __2printf
    test2_q1_main.o(.ARM.exidx.text.main) refers (Special) to _printf_d.o(.ARM.Collect$$_printf_percent$$00000009) for _printf_d
    test2_q1_main.o(.ARM.exidx.text.main) refers (Special) to _printf_dec.o(.text) for _printf_int_dec
    test2_q1_main.o(.ARM.exidx.text.main) refers (Special) to _printf_percent.o(.ARM.Collect$$_printf_percent$$00000000) for _printf_percent
    test2_q1_main.o(.ARM.exidx.text.main) refers to test2_q1_main.o(.text.main) for [Anonymous Symbol]
    test2_q1_main.o(.text.setup) refers (Special) to _printf_d.o(.ARM.Collect$$_printf_percent$$00000009) for _printf_d
    test2_q1_main.o(.text.setup) refers (Special) to _printf_dec.o(.text) for _printf_int_dec
    test2_q1_main.o(.text.setup) refers (Special) to _printf_percent.o(.ARM.Collect$$_printf_percent$$00000000) for _printf_percent
    test2_q1_main.o(.text.setup) refers to ecrcc.o(.text.RCC_PLL_init) for RCC_PLL_init
    test2_q1_main.o(.text.setup) refers to ecsystick.o(.text.SysTick_init) for SysTick_init
    test2_q1_main.o(.text.setup) refers to ecgpio.o(.text.GPIO_init) for GPIO_init
    test2_q1_main.o(.text.setup) refers to ecgpio.o(.text.GPIO_output) for GPIO_output
    test2_q1_main.o(.text.setup) refers to ecgpio.o(.text.GPIO_pudr) for GPIO_pudr
    test2_q1_main.o(.text.setup) refers to ecexti.o(.text.EXTI_init) for EXTI_init
    test2_q1_main.o(.text.setup) refers to ecgpio.o(.text.GPIO_ospeed) for GPIO_ospeed
    test2_q1_main.o(.text.setup) refers to ectim.o(.text.TIM_INT_init) for TIM_INT_init
    test2_q1_main.o(.text.setup) refers to ectim.o(.text.TIM_INT_enable) for TIM_INT_enable
    test2_q1_main.o(.text.setup) refers to test2_q1_main.o(.bss.FinalPWM) for FinalPWM
    test2_q1_main.o(.text.setup) refers to ecpwm.o(.text.PWM_init) for PWM_init
    test2_q1_main.o(.text.setup) refers to ecpwm.o(.text.PWM_period_us) for PWM_period_us
    test2_q1_main.o(.text.setup) refers to ecpwm.o(.text.PWM_duty) for PWM_duty
    test2_q1_main.o(.text.setup) refers to ecuart.o(.text.USART_init) for USART_init
    test2_q1_main.o(.text.setup) refers to ecadc.o(.text.ADC_init) for ADC_init
    test2_q1_main.o(.text.setup) refers to ecadc.o(.text.ADC_TRGO) for ADC_TRGO
    test2_q1_main.o(.text.setup) refers to test2_q1_main.o(.data.seqCHn) for seqCHn
    test2_q1_main.o(.text.setup) refers to ecadc.o(.text.ADC_sequence) for ADC_sequence
    test2_q1_main.o(.text.setup) refers to ecadc.o(.text.ADC_continue) for ADC_continue
    test2_q1_main.o(.text.setup) refers to ecadc.o(.text.ADC_start) for ADC_start
    test2_q1_main.o(.ARM.exidx.text.setup) refers (Special) to _printf_d.o(.ARM.Collect$$_printf_percent$$00000009) for _printf_d
    test2_q1_main.o(.ARM.exidx.text.setup) refers (Special) to _printf_dec.o(.text) for _printf_int_dec
    test2_q1_main.o(.ARM.exidx.text.setup) refers (Special) to _printf_percent.o(.ARM.Collect$$_printf_percent$$00000000) for _printf_percent
    test2_q1_main.o(.ARM.exidx.text.setup) refers to test2_q1_main.o(.text.setup) for [Anonymous Symbol]
[...]
    libinit.o(.ARM.Collect$$libinit$$00000000) refers (Special) to libinit2.o(.ARM.Collect$$libinit$$0000002C) for __rt_lib_init_argv_1
    libinit.o(.ARM.Collect$$libinit$$00000000) refers (Special) to libinit2.o(.ARM.Collect$$libinit$$0000001B) for __rt_lib_init_atexit_1
    libinit.o(.ARM.Collect$$libinit$$00000000) refers (Special) to libinit2.o(.ARM.Collect$$libinit$$00000021) for __rt_lib_init_clock_1
    libinit.o(.ARM.Collect$$libinit$$00000000) refers (Special) to libinit2.o(.ARM.Collect$$libinit$$00000032) for __rt_lib_init_cpp_1
    libinit.o(.ARM.Collect$$libinit$$00000000) refers (Special) to libinit2.o(.ARM.Collect$$libinit$$00000030) for __rt_lib_init_exceptions_1
    libinit.o(.ARM.Collect$$libinit$$00000000) refers (Special) to libinit2.o(.ARM.Collect$$libinit$$00000001) for __rt_lib_init_fp_1
    libinit.o(.ARM.Collect$$libinit$$00000000) refers (Special) to libinit2.o(.ARM.Collect$$libinit$$0000001F) for __rt_lib_init_fp_trap_1
    libinit.o(.ARM.Collect$$libinit$$00000000) refers (Special) to libinit2.o(.ARM.Collect$$libinit$$00000023) for __rt_lib_init_getenv_1
    libinit.o(.ARM.Collect$$libinit$$00000000) refers (Special) to libinit2.o(.ARM.Collect$$libinit$$0000000A) for __rt_lib_init_heap_1
    libinit.o(.ARM.Collect$$libinit$$00000000) refers (Special) to libinit2.o(.ARM.Collect$$libinit$$00000011) for __rt_lib_init_lc_collate_1
    libinit.o(.ARM.Collect$$libinit$$00000000) refers (Special) to libinit2.o(.ARM.Collect$$libinit$$00000013) for __rt_lib_init_lc_ctype_1
    libinit.o(.ARM.Collect$$libinit$$00000000) refers (Special) to libinit2.o(.ARM.Collect$$libinit$$00000015) for __rt_lib_init_lc_monetary_1
    libinit.o(.ARM.Collect$$libinit$$00000000) refers (Special) to libinit2.o(.ARM.Collect$$libinit$$00000017) for __rt_lib_init_lc_numeric_1
    libinit.o(.ARM.Collect$$libinit$$00000000) refers (Special) to libinit2.o(.ARM.Collect$$libinit$$00000019) for __rt_lib_init_lc_time_1
    libinit.o(.ARM.Collect$$libinit$$00000000) refers (Special) to libinit2.o(.ARM.Collect$$libinit$$00000004) for __rt_lib_init_preinit_1
    libinit.o(.ARM.Collect$$libinit$$00000000) refers (Special) to libinit2.o(.ARM.Collect$$libinit$$0000000E) for __rt_lib_init_rand_1
    libinit.o(.ARM.Collect$$libinit$$00000000) refers (Special) to libinit2.o(.ARM.Collect$$libinit$$00000033) for __rt_lib_init_return
    libinit.o(.ARM.Collect$$libinit$$00000000) refers (Special) to libinit2.o(.ARM.Collect$$libinit$$0000001D) for __rt_lib_init_signal_1
    libinit.o(.ARM.Collect$$libinit$$00000000) refers (Special) to libinit2.o(.ARM.Collect$$libinit$$00000025) for __rt_lib_init_stdio_1
    libinit.o(.ARM.Collect$$libinit$$00000000) refers (Special) to libinit2.o(.ARM.Collect$$libinit$$0000000C) for __rt_lib_init_user_alloc_1
    libspace.o(.text) refers to libspace.o(.bss) for __libspace_start
    rtexit.o(.ARM.Collect$$rtexit$$00000000) refers (Special) to rtexit2.o(.ARM.Collect$$rtexit$$00000004) for __rt_exit_exit
    rtexit.o(.ARM.Collect$$rtexit$$00000000) refers (Special) to rtexit2.o(.ARM.Collect$$rtexit$$00000003) for __rt_exit_ls
    rtexit.o(.ARM.Collect$$rtexit$$00000000) refers (Special) to rtexit2.o(.ARM.Collect$$rtexit$$00000002) for __rt_exit_prels_1
    rtexit.o(.ARM.exidx) refers (Special) to rtexit2.o(.ARM.Collect$$rtexit$$00000004) for __rt_exit_exit
    rtexit.o(.ARM.exidx) refers (Special) to rtexit2.o(.ARM.Collect$$rtexit$$00000003) for __rt_exit_ls
    rtexit.o(.ARM.exidx) refers (Special) to rtexit2.o(.ARM.Collect$$rtexit$$00000002) for __rt_exit_prels_1
    rtexit.o(.ARM.exidx) refers to rtexit.o(.ARM.Collect$$rtexit$$00000000) for .ARM.Collect$$rtexit$$00000000
    libinit2.o(.ARM.Collect$$libinit$$00000001) refers to fpinit.o(x$fpl$fpinit) for _fp_init
    libinit2.o(.ARM.Collect$$libinit$$00000010) refers to libinit2.o(.ARM.Collect$$libinit$$0000000F) for .ARM.Collect$$libinit$$0000000F
    libinit2.o(.ARM.Collect$$libinit$$00000012) refers to libinit2.o(.ARM.Collect$$libinit$$0000000F) for .ARM.Collect$$libinit$$0000000F
    libinit2.o(.ARM.Collect$$libinit$$00000014) refers to libinit2.o(.ARM.Collect$$libinit$$0000000F) for .ARM.Collect$$libinit$$0000000F
    libinit2.o(.ARM.Collect$$libinit$$00000016) refers to libinit2.o(.ARM.Collect$$libinit$$0000000F) for .ARM.Collect$$libinit$$0000000F
    libinit2.o(.ARM.Collect$$libinit$$00000018) refers to libinit2.o(.ARM.Collect$$libinit$$0000000F) for .ARM.Collect$$libinit$$0000000F
    libinit2.o(.ARM.Collect$$libinit$$00000026) refers to argv_veneer.o(.emb_text) for __ARM_argv_veneer
    libinit2.o(.ARM.Collect$$libinit$$00000027) refers to argv_veneer.o(.emb_text) for __ARM_argv_veneer
    rtexit2.o(.ARM.Collect$$rtexit$$00000003) refers to libshutdown.o(.ARM.Collect$$libshutdown$$00000000) for __rt_lib_shutdown
    rtexit2.o(.ARM.Collect$$rtexit$$00000004) refers to sys_exit.o(.text) for _sys_exit
    rtexit2.o(.ARM.exidx) refers to rtexit2.o(.ARM.Collect$$rtexit$$00000001) for .ARM.Collect$$rtexit$$00000001
    rtexit2.o(.ARM.exidx) refers to rtexit2.o(.ARM.Collect$$rtexit$$00000003) for .ARM.Collect$$rtexit$$00000003
    rtexit2.o(.ARM.exidx) refers to rtexit2.o(.ARM.Collect$$rtexit$$00000004) for .ARM.Collect$$rtexit$$00000004
    argv_veneer.o(.emb_text) refers to no_argv.o(.text) for __ARM_get_argv
    sys_exit.o(.text) refers (Special) to use_no_semi.o(.text) for __I$use$semihosting
    sys_exit.o(.text) refers (Special) to indicate_semi.o(.text) for __semihosting_library_function
    sys_exit_hlt.o(.text) refers (Special) to use_no_semi.o(.text) for __I$use$semihosting
    sys_exit_hlt.o(.text) refers (Special) to indicate_semi.o(.text) for __semihosting_library_function
    _get_argv_nomalloc.o(.text) refers (Special) to hrguard.o(.text) for __heap_region$guard
    _get_argv_nomalloc.o(.text) refers to defsig_rtmem_outer.o(.text) for __rt_SIGRTMEM
    _get_argv_nomalloc.o(.text) refers to sys_command.o(.text) for _sys_command_string
    libshutdown.o(.ARM.Collect$$libshutdown$$00000000) refers (Special) to libshutdown2.o(.ARM.Collect$$libshutdown$$00000002) for __rt_lib_shutdown_cpp_1
    libshutdown.o(.ARM.Collect$$libshutdown$$00000000) refers (Special) to libshutdown2.o(.ARM.Collect$$libshutdown$$00000007) for __rt_lib_shutdown_fp_trap_1
    libshutdown.o(.ARM.Collect$$libshutdown$$00000000) refers (Special) to libshutdown2.o(.ARM.Collect$$libshutdown$$0000000F) for __rt_lib_shutdown_heap_1
    libshutdown.o(.ARM.Collect$$libshutdown$$00000000) refers (Special) to libshutdown2.o(.ARM.Collect$$libshutdown$$00000010) for __rt_lib_shutdown_return
    libshutdown.o(.ARM.Collect$$libshutdown$$00000000) refers (Special) to libshutdown2.o(.ARM.Collect$$libshutdown$$0000000A) for __rt_lib_shutdown_signal_1
    libshutdown.o(.ARM.Collect$$libshutdown$$00000000) refers (Special) to libshutdown2.o(.ARM.Collect$$libshutdown$$00000004) for __rt_lib_shutdown_stdio_1
    libshutdown.o(.ARM.Collect$$libshutdown$$00000000) refers (Special) to libshutdown2.o(.ARM.Collect$$libshutdown$$0000000C) for __rt_lib_shutdown_user_alloc_1
    sys_command.o(.text) refers (Special) to use_no_semi.o(.text) for __I$use$semihosting
    sys_command.o(.text) refers (Special) to indicate_semi.o(.text) for __semihosting_library_function
    sys_command_hlt.o(.text) refers (Special) to use_no_semi.o(.text) for __I$use$semihosting
    sys_command_hlt.o(.text) refers (Special) to indicate_semi.o(.text) for __semihosting_library_function
    defsig_rtmem_outer.o(.text) refers to defsig_rtmem_inner.o(.text) for __rt_SIGRTMEM_inner
    defsig_rtmem_outer.o(.text) refers to defsig_exit.o(.text) for __sig_exit
    defsig_rtmem_formal.o(.text) refers to rt_raise.o(.text) for __rt_raise
    rt_raise.o(.text) refers to __raise.o(.text) for __raise
    rt_raise.o(.text) refers to sys_exit.o(.text) for _sys_exit
    defsig_exit.o(.text) refers to sys_exit.o(.text) for _sys_exit
    defsig_rtmem_inner.o(.text) refers to defsig_general.o(.text) for __default_signal_display
    __raise.o(.text) refers to defsig.o(CL$$defsig) for __default_signal_handler
    defsig_general.o(.text) refers to sys_wrch.o(.text) for _ttywrch
    sys_wrch.o(.text) refers (Special) to use_no_semi.o(.text) for __I$use$semihosting
    sys_wrch.o(.text) refers (Special) to indicate_semi.o(.text) for __semihosting_library_function
    sys_wrch_hlt.o(.text) refers (Special) to use_no_semi.o(.text) for __I$use$semihosting
    sys_wrch_hlt.o(.text) refers (Special) to indicate_semi.o(.text) for __semihosting_library_function
    defsig.o(CL$$defsig) refers to defsig_rtmem_inner.o(.text) for __rt_SIGRTMEM_inner
    defsig_abrt_inner.o(.text) refers to defsig_general.o(.text) for __default_signal_display
    defsig_fpe_inner.o(.text) refers to defsig_general.o(.text) for __default_signal_display
    defsig_rtred_inner.o(.text) refers to defsig_general.o(.text) for __default_signal_display
    defsig_stak_inner.o(.text) refers to defsig_general.o(.text) for __default_signal_display
    defsig_pvfn_inner.o(.text) refers to defsig_general.o(.text) for __default_signal_display
    defsig_cppl_inner.o(.text) refers to defsig_general.o(.text) for __default_signal_display
    defsig_segv_inner.o(.text) refers to defsig_general.o(.text) for __default_signal_display
    defsig_other.o(.text) refers to defsig_general.o(.text) for __default_signal_display


==============================================================================

Removing Unused input sections from the image.

    Removing test2_q1_main.o(.text), (0 bytes).
    Removing test2_q1_main.o(.ARM.exidx.text.main), (8 bytes).
    Removing test2_q1_main.o(.ARM.exidx.text.setup), (8 bytes).
    Removing test2_q1_main.o(.ARM.exidx.text.TIM4_IRQHandler), (8 bytes).
    Removing test2_q1_main.o(.ARM.exidx.text.TIM2_IRQHandler), (8 bytes).
    Removing test2_q1_main.o(.ARM.exidx.text.TIM5_IRQHandler), (8 bytes).
    Removing test2_q1_main.o(.ARM.exidx.text.EXTI15_10_IRQHandler), (8 bytes).
    Removing test2_q1_main.o(.ARM.exidx.text.ADC_IRQHandler), (8 bytes).
    Removing test2_q1_main.o(.ARM.exidx.text.USART2_IRQHandler), (8 bytes).
    Removing test2_q1_main.o(.ARM.use_no_argv), (4 bytes).
    Removing ecadc.o(.text), (0 bytes).
    Removing ecadc.o(.ARM.exidx.text.ADC_init), (8 bytes).
    Removing ecadc.o(.ARM.exidx.text.ADC_pinmap), (8 bytes).
    Removing ecadc.o(.ARM.exidx.text.__NVIC_SetPriority), (8 bytes).
    Removing ecadc.o(.ARM.exidx.text.__NVIC_EnableIRQ), (8 bytes).
    Removing ecadc.o(.ARM.exidx.text.ADC_TRGO), (8 bytes).
    Removing ecadc.o(.ARM.exidx.text.ADC_continue), (8 bytes).
    Removing ecadc.o(.ARM.exidx.text.ADC_sequence), (8 bytes).
    Removing ecadc.o(.ARM.exidx.text.ADC_start), (8 bytes).
    Removing ecadc.o(.ARM.exidx.text.is_ADC_EOC), (8 bytes).
    Removing ecadc.o(.ARM.exidx.text.is_ADC_OVR), (8 bytes).
    Removing ecadc.o(.ARM.exidx.text.clear_ADC_OVR), (8 bytes).
    Removing ecadc.o(.text.ADC_read), (14 bytes).
    Removing ecadc.o(.ARM.exidx.text.ADC_read), (8 bytes).
    Removing ecadc.o(.bss.result), (4 bytes).
    Removing ecexti.o(.text), (0 bytes).
    Removing ecexti.o(.ARM.exidx.text.EXTI_init), (8 bytes).
    Removing ecexti.o(.ARM.exidx.text.__NVIC_SetPriority), (8 bytes).
    Removing ecexti.o(.ARM.exidx.text.__NVIC_EnableIRQ), (8 bytes).
    Removing ecexti.o(.ARM.exidx.text.EXTI_enable), (8 bytes).
    Removing ecexti.o(.text.EXTI_disable), (24 bytes).
    Removing ecexti.o(.ARM.exidx.text.EXTI_disable), (8 bytes).
    Removing ecexti.o(.ARM.exidx.text.is_pending_EXTI), (8 bytes).
    Removing ecexti.o(.ARM.exidx.text.clear_pending_EXTI), (8 bytes).
    Removing ecgpio.o(.text), (0 bytes).
    Removing ecgpio.o(.ARM.exidx.text.GPIO_init), (8 bytes).
    Removing ecgpio.o(.ARM.exidx.text.GPIO_mode), (8 bytes).
    Removing ecgpio.o(.ARM.exidx.text.GPIO_write), (8 bytes).
    Removing ecgpio.o(.text.GPIO_read), (12 bytes).
    Removing ecgpio.o(.ARM.exidx.text.GPIO_read), (8 bytes).
    Removing ecgpio.o(.ARM.exidx.text.GPIO_ospeed), (8 bytes).
    Removing ecgpio.o(.text.GPIO_otype), (32 bytes).
    Removing ecgpio.o(.ARM.exidx.text.GPIO_otype), (8 bytes).
    Removing ecgpio.o(.ARM.exidx.text.GPIO_pudr), (8 bytes).
    Removing ecgpio.o(.ARM.exidx.text.GPIO_output), (8 bytes).
    Removing ecgpio.o(.text.sevensegment_init), (118 bytes).
    Removing ecgpio.o(.ARM.exidx.text.sevensegment_init), (8 bytes).
    Removing ecgpio.o(.text.sevensegment_decode), (120 bytes).
    Removing ecgpio.o(.ARM.exidx.text.sevensegment_decode), (8 bytes).
    Removing ecgpio.o(.text.LED_toggle), (14 bytes).
    Removing ecgpio.o(.ARM.exidx.text.LED_toggle), (8 bytes).
    Removing ecgpio.o(.rodata..L__const.sevensegment_decode.SEGnum), (352 bytes).
    Removing ecpwm.o(.text), (0 bytes).
    Removing ecpwm.o(.ARM.exidx.text.PWM_init), (8 bytes).
    Removing ecpwm.o(.ARM.exidx.text.PWM_pinmap), (8 bytes).
    Removing ecpwm.o(.text.PWM_period_ms), (10 bytes).
    Removing ecpwm.o(.ARM.exidx.text.PWM_period_ms), (8 bytes).
    Removing ecpwm.o(.ARM.exidx.text.PWM_period_us), (8 bytes).
    Removing ecpwm.o(.text.PWM_period_us_SmartHome), (10 bytes).
    Removing ecpwm.o(.ARM.exidx.text.PWM_period_us_SmartHome), (8 bytes).
    Removing ecpwm.o(.text.PWM_pulsewidth_ms), (118 bytes).
    Removing ecpwm.o(.ARM.exidx.text.PWM_pulsewidth_ms), (8 bytes).
    Removing ecpwm.o(.text.PWM_pulsewidth_us), (112 bytes).
    Removing ecpwm.o(.ARM.exidx.text.PWM_pulsewidth_us), (8 bytes).
    Removing ecpwm.o(.ARM.exidx.text.PWM_duty), (8 bytes).
    Removing ecrcc.o(.text), (0 bytes).
    Removing ecrcc.o(.text.RCC_HSI_init), (68 bytes).
    Removing ecrcc.o(.ARM.exidx.text.RCC_HSI_init), (8 bytes).
    Removing ecrcc.o(.ARM.exidx.text.RCC_PLL_init), (8 bytes).
    Removing ecrcc.o(.ARM.exidx.text.RCC_GPIOA_enable), (8 bytes).
    Removing ecrcc.o(.ARM.exidx.text.RCC_GPIOB_enable), (8 bytes).
    Removing ecrcc.o(.ARM.exidx.text.RCC_GPIOC_enable), (8 bytes).
    Removing ecstepper.o(.text), (0 bytes).
    Removing ecstepper.o(.text.Stepper_init), (142 bytes).
    Removing ecstepper.o(.ARM.exidx.text.Stepper_init), (8 bytes).
    Removing ecstepper.o(.text.Stepper_pinOut), (144 bytes).
    Removing ecstepper.o(.ARM.exidx.text.Stepper_pinOut), (8 bytes).
    Removing ecstepper.o(.text.Stepper_setSpeed), (42 bytes).
    Removing ecstepper.o(.ARM.exidx.text.Stepper_setSpeed), (8 bytes).
    Removing ecstepper.o(.text.Stepper_step), (120 bytes).
    Removing ecstepper.o(.ARM.exidx.text.Stepper_step), (8 bytes).
    Removing ecstepper.o(.text.Stepper_stop), (56 bytes).
    Removing ecstepper.o(.ARM.exidx.text.Stepper_stop), (8 bytes).
    Removing ecstepper.o(.bss.myStepper), (36 bytes).
    Removing ecstepper.o(.rodata.FSM_half), (96 bytes).
    Removing ecstepper.o(.bss.step_delay), (4 bytes).
    Removing ecsystick.o(.text), (0 bytes).
    Removing ecsystick.o(.ARM.exidx.text.SysTick_init), (8 bytes).
    Removing ecsystick.o(.ARM.exidx.text.__NVIC_SetPriority), (8 bytes).
    Removing ecsystick.o(.text.SysTick_enable), (2 bytes).
    Removing ecsystick.o(.ARM.exidx.text.SysTick_enable), (8 bytes).
    Removing ecsystick.o(.text.SysTick_us_init), (54 bytes).
    Removing ecsystick.o(.ARM.exidx.text.SysTick_us_init), (8 bytes).
    Removing ecsystick.o(.text.SysTick_val), (12 bytes).
    Removing ecsystick.o(.ARM.exidx.text.SysTick_val), (8 bytes).
    Removing ecsystick.o(.text.SysTick_reset), (14 bytes).
    Removing ecsystick.o(.ARM.exidx.text.SysTick_reset), (8 bytes).
    Removing ecsystick.o(.text.SysTick_disable), (2 bytes).
    Removing ecsystick.o(.ARM.exidx.text.SysTick_disable), (8 bytes).
    Removing ecsystick.o(.text.delay_ms), (20 bytes).
    Removing ecsystick.o(.ARM.exidx.text.delay_ms), (8 bytes).
    Removing ecsystick.o(.text.delay_us), (20 bytes).
    Removing ecsystick.o(.ARM.exidx.text.delay_us), (8 bytes).
    Removing ecsystick.o(.ARM.exidx.text.SysTick_Handler), (8 bytes).
    Removing ectim.o(.text), (0 bytes).
    Removing ectim.o(.ARM.exidx.text.TIM_init), (8 bytes).
    Removing ectim.o(.ARM.exidx.text.TIM_period_ms), (8 bytes).
    Removing ectim.o(.ARM.exidx.text.TIM_INT_init), (8 bytes).
    Removing ectim.o(.ARM.exidx.text.__NVIC_EnableIRQ), (8 bytes).
    Removing ectim.o(.ARM.exidx.text.__NVIC_SetPriority), (8 bytes).
    Removing ectim.o(.ARM.exidx.text.TIM_INT_enable), (8 bytes).
    Removing ectim.o(.text.TIM_INT_disable), (10 bytes).
    Removing ectim.o(.ARM.exidx.text.TIM_INT_disable), (8 bytes).
    Removing ectim.o(.ARM.exidx.text.is_UIF), (8 bytes).
    Removing ectim.o(.ARM.exidx.text.clear_UIF), (8 bytes).
    Removing ectim.o(.ARM.exidx.text.TIM_period_us), (8 bytes).
    Removing ectim.o(.text.TIM_period_us_SmartHome), (34 bytes).
    Removing ectim.o(.ARM.exidx.text.TIM_period_us_SmartHome), (8 bytes).
    Removing ectim.o(.text.ICAP_init), (362 bytes).
    Removing ectim.o(.ARM.exidx.text.ICAP_init), (8 bytes).
    Removing ectim.o(.text.ICAP_pinmap), (262 bytes).
    Removing ectim.o(.ARM.exidx.text.ICAP_pinmap), (8 bytes).
    Removing ectim.o(.text.ICAP_setup), (200 bytes).
    Removing ectim.o(.ARM.exidx.text.ICAP_setup), (8 bytes).
    Removing ectim.o(.text.ICAP_counter_us), (18 bytes).
    Removing ectim.o(.ARM.exidx.text.ICAP_counter_us), (8 bytes).
    Removing ectim.o(.text.is_CCIF), (20 bytes).
    Removing ectim.o(.ARM.exidx.text.is_CCIF), (8 bytes).
    Removing ectim.o(.text.clear_CCIF), (40 bytes).
    Removing ectim.o(.ARM.exidx.text.clear_CCIF), (8 bytes).
    Removing ecuart.o(.text), (0 bytes).
    Removing ecuart.o(.ARM.exidx.text.fputc), (8 bytes).
    Removing ecuart.o(.ARM.exidx.text.USART_write), (8 bytes).
    Removing ecuart.o(.text.fgetc), (16 bytes).
    Removing ecuart.o(.ARM.exidx.text.fgetc), (8 bytes).
    Removing ecuart.o(.ARM.exidx.text.USART_getc), (8 bytes).
    Removing ecuart.o(.text.UART2_init), (198 bytes).
    Removing ecuart.o(.ARM.exidx.text.UART2_init), (8 bytes).
    Removing ecuart.o(.ARM.exidx.text.__NVIC_SetPriority), (8 bytes).
    Removing ecuart.o(.ARM.exidx.text.__NVIC_EnableIRQ), (8 bytes).
    Removing ecuart.o(.text.USART_delay), (2 bytes).
    Removing ecuart.o(.ARM.exidx.text.USART_delay), (8 bytes).
    Removing ecuart.o(.ARM.exidx.text.USART_begin), (8 bytes).
    Removing ecuart.o(.ARM.exidx.text.USART_init), (8 bytes).
    Removing ecuart.o(.ARM.exidx.text.is_USART_RXNE), (8 bytes).
    Removing ecuart.o(.bss.__stdin), (4 bytes).
    Removing system_stm32f4xx.o(.text), (0 bytes).
    Removing system_stm32f4xx.o(.ARM.exidx.text.SystemInit), (8 bytes).
    Removing system_stm32f4xx.o(.text.SystemCoreClockUpdate), (126 bytes).
    Removing system_stm32f4xx.o(.ARM.exidx.text.SystemCoreClockUpdate), (8 bytes).
    Removing system_stm32f4xx.o(.data.SystemCoreClock), (4 bytes).
    Removing system_stm32f4xx.o(.rodata.AHBPrescTable), (16 bytes).
    Removing system_stm32f4xx.o(.rodata.APBPrescTable), (8 bytes).

153 unused section(s) (total 3864 bytes) removed from the image.

==============================================================================

Image Symbol Table

    Local Symbols

    Symbol Name                              Value     Ov Type        Size  Object(Section)

    ../clib/angel/boardlib.s                 0x00000000   Number         0  boardinit1.o ABSOLUTE
    ../clib/angel/boardlib.s                 0x00000000   Number         0  boardinit2.o ABSOLUTE
    ../clib/angel/boardlib.s                 0x00000000   Number         0  boardinit3.o ABSOLUTE
    ../clib/angel/boardlib.s                 0x00000000   Number         0  boardshut.o ABSOLUTE
    ../clib/angel/handlers.s                 0x00000000   Number         0  __scatter_copy.o ABSOLUTE
    ../clib/angel/handlers.s                 0x00000000   Number         0  __scatter_zi.o ABSOLUTE
    ../clib/angel/kernel.s                   0x00000000   Number         0  __rtentry.o ABSOLUTE
    ../clib/angel/kernel.s                   0x00000000   Number         0  __rtentry2.o ABSOLUTE
    ../clib/angel/kernel.s                   0x00000000   Number         0  __rtentry4.o ABSOLUTE
    ../clib/angel/kernel.s                   0x00000000   Number         0  rtexit.o ABSOLUTE
    ../clib/angel/kernel.s                   0x00000000   Number         0  rtexit2.o ABSOLUTE
    ../clib/angel/rt.s                       0x00000000   Number         0  rt_raise.o ABSOLUTE
    ../clib/angel/scatter.s                  0x00000000   Number         0  __scatter.o ABSOLUTE
    ../clib/angel/startup.s                  0x00000000   Number         0  __main.o ABSOLUTE
    ../clib/angel/sys.s                      0x00000000   Number         0  sys_stackheap_outer.o ABSOLUTE
    ../clib/angel/sys.s                      0x00000000   Number         0  libspace.o ABSOLUTE
    ../clib/angel/sys.s                      0x00000000   Number         0  use_no_semi.o ABSOLUTE
    ../clib/angel/sys.s                      0x00000000   Number         0  indicate_semi.o ABSOLUTE
    ../clib/angel/sysapp.c                   0x00000000   Number         0  sys_exit.o ABSOLUTE
    ../clib/angel/sysapp.c                   0x00000000   Number         0  sys_exit_hlt.o ABSOLUTE
    ../clib/angel/sysapp.c                   0x00000000   Number         0  sys_command.o ABSOLUTE
    ../clib/angel/sysapp.c                   0x00000000   Number         0  sys_command_hlt.o ABSOLUTE
    ../clib/angel/sysapp.c                   0x00000000   Number         0  sys_wrch.o ABSOLUTE
    ../clib/angel/sysapp.c                   0x00000000   Number         0  sys_wrch_hlt.o ABSOLUTE
    ../clib/armsys.c                         0x00000000   Number         0  argv_veneer.o ABSOLUTE
    ../clib/armsys.c                         0x00000000   Number         0  argv_veneer.o ABSOLUTE
    ../clib/armsys.c                         0x00000000   Number         0  _get_argv_nomalloc.o ABSOLUTE
    ../clib/armsys.c                         0x00000000   Number         0  no_argv.o ABSOLUTE
    ../clib/heapalloc.c                      0x00000000   Number         0  hrguard.o ABSOLUTE
    ../clib/heapaux.c                        0x00000000   Number         0  heapauxi.o ABSOLUTE
    ../clib/libinit.s                        0x00000000   Number         0  libinit.o ABSOLUTE
    ../clib/libinit.s                        0x00000000   Number         0  libinit2.o ABSOLUTE
    ../clib/libinit.s                        0x00000000   Number         0  libshutdown.o ABSOLUTE
    ../clib/libinit.s                        0x00000000   Number         0  libshutdown2.o ABSOLUTE
    ../clib/printf.c                         0x00000000   Number         0  __2printf.o ABSOLUTE
    ../clib/printf.c                         0x00000000   Number         0  noretval__2printf.o ABSOLUTE
    ../clib/printf.c                         0x00000000   Number         0  __printf.o ABSOLUTE
    ../clib/printf.c                         0x00000000   Number         0  _printf_dec.o ABSOLUTE
    ../clib/printf.c                         0x00000000   Number         0  __printf_flags.o ABSOLUTE
    ../clib/printf.c                         0x00000000   Number         0  __printf_ss.o ABSOLUTE
    ../clib/printf.c                         0x00000000   Number         0  __printf_flags_ss.o ABSOLUTE
    ../clib/printf.c                         0x00000000   Number         0  __printf_wp.o ABSOLUTE
    ../clib/printf.c                         0x00000000   Number         0  __printf_flags_wp.o ABSOLUTE
    ../clib/printf.c                         0x00000000   Number         0  __printf_ss_wp.o ABSOLUTE
    ../clib/printf.c                         0x00000000   Number         0  __printf_flags_ss_wp.o ABSOLUTE
    ../clib/printf.c                         0x00000000   Number         0  _printf_intcommon.o ABSOLUTE
    ../clib/printf.c                         0x00000000   Number         0  _printf_char_file.o ABSOLUTE
    ../clib/printf.c                         0x00000000   Number         0  _printf_char_common.o ABSOLUTE
    ../clib/printf.c                         0x00000000   Number         0  __printf_nopercent.o ABSOLUTE
    ../clib/printf_percent.s                 0x00000000   Number         0  _printf_d.o ABSOLUTE
    ../clib/printf_percent.s                 0x00000000   Number         0  _printf_percent.o ABSOLUTE
    ../clib/printf_percent.s                 0x00000000   Number         0  _printf_percent_end.o ABSOLUTE
    ../clib/signal.c                         0x00000000   Number         0  defsig_rtmem_outer.o ABSOLUTE
    ../clib/signal.c                         0x00000000   Number         0  defsig_rtmem_formal.o ABSOLUTE
    ../clib/signal.c                         0x00000000   Number         0  defsig_exit.o ABSOLUTE
    ../clib/signal.c                         0x00000000   Number         0  defsig_rtmem_inner.o ABSOLUTE
    ../clib/signal.c                         0x00000000   Number         0  __raise.o ABSOLUTE
    ../clib/signal.c                         0x00000000   Number         0  defsig_general.o ABSOLUTE
    ../clib/signal.c                         0x00000000   Number         0  defsig_abrt_inner.o ABSOLUTE
    ../clib/signal.c                         0x00000000   Number         0  defsig_fpe_inner.o ABSOLUTE
    ../clib/signal.c                         0x00000000   Number         0  defsig_rtred_inner.o ABSOLUTE
    ../clib/signal.c                         0x00000000   Number         0  defsig_stak_inner.o ABSOLUTE
    ../clib/signal.c                         0x00000000   Number         0  defsig_pvfn_inner.o ABSOLUTE
    ../clib/signal.c                         0x00000000   Number         0  defsig_cppl_inner.o ABSOLUTE
    ../clib/signal.c                         0x00000000   Number         0  defsig_segv_inner.o ABSOLUTE
    ../clib/signal.c                         0x00000000   Number         0  defsig_other.o ABSOLUTE
    ../clib/signal.s                         0x00000000   Number         0  defsig.o ABSOLUTE
    ../clib/stdio.c                          0x00000000   Number         0  puts.o ABSOLUTE
    ../clib/stdio.c                          0x00000000   Number         0  ferror.o ABSOLUTE
    ../clib/stdio.c                          0x00000000   Number         0  ferror_locked.o ABSOLUTE
    ../clib/stdlib.c                         0x00000000   Number         0  exit.o ABSOLUTE
    ../fplib/fpinit.s                        0x00000000   Number         0  fpinit.o ABSOLUTE
    RTE/Device/STM32F411RETx/startup_stm32f411xe.s 0x00000000   Number         0  startup_stm32f411xe.o ABSOLUTE
    Test2_Q1_main.c                          0x00000000   Number         0  test2_q1_main.o ABSOLUTE
    dc.s                                     0x00000000   Number         0  dc.o ABSOLUTE
    ecADC.c                                  0x00000000   Number         0  ecadc.o ABSOLUTE
    ecEXTI.c                                 0x00000000   Number         0  ecexti.o ABSOLUTE
    ecGPIO.c                                 0x00000000   Number         0  ecgpio.o ABSOLUTE
    ecPWM.c                                  0x00000000   Number         0  ecpwm.o ABSOLUTE
    ecRCC.c                                  0x00000000   Number         0  ecrcc.o ABSOLUTE
    ecStepper.c                              0x00000000   Number         0  ecstepper.o ABSOLUTE
    ecSysTick.c                              0x00000000   Number         0  ecsystick.o ABSOLUTE
    ecTIM.c                                  0x00000000   Number         0  ectim.o ABSOLUTE
    ecUART.c                                 0x00000000   Number         0  ecuart.o ABSOLUTE
    system_stm32f4xx.c                       0x00000000   Number         0  system_stm32f4xx.o ABSOLUTE
    RESET                                    0x08000000   Section      408  startup_stm32f411xe.o(RESET)
    !!!main                                  0x08000198   Section        8  __main.o(!!!main)
    !!!scatter                               0x080001a0   Section       52  __scatter.o(!!!scatter)
    !!handler_copy                           0x080001d4   Section       26  __scatter_copy.o(!!handler_copy)
    !!handler_zi                             0x080001f0   Section       28  __scatter_zi.o(!!handler_zi)
    .ARM.Collect$$_printf_percent$$00000000  0x0800020c   Section        0  _printf_percent.o(.ARM.Collect$$_printf_percent$$00000000)
    .ARM.Collect$$_printf_percent$$00000009  0x0800020c   Section        6  _printf_d.o(.ARM.Collect$$_printf_percent$$00000009)
    .ARM.Collect$$_printf_percent$$00000017  0x08000212   Section        4  _printf_percent_end.o(.ARM.Collect$$_printf_percent$$00000017)
    .ARM.Collect$$libinit$$00000000          0x08000216   Section        2  libinit.o(.ARM.Collect$$libinit$$00000000)
    .ARM.Collect$$libinit$$00000001          0x08000218   Section        4  libinit2.o(.ARM.Collect$$libinit$$00000001)
    .ARM.Collect$$libinit$$00000004          0x0800021c   Section        0  libinit2.o(.ARM.Collect$$libinit$$00000004)
    .ARM.Collect$$libinit$$0000000A          0x0800021c   Section        0  libinit2.o(.ARM.Collect$$libinit$$0000000A)
    .ARM.Collect$$libinit$$0000000C          0x0800021c   Section        0  libinit2.o(.ARM.Collect$$libinit$$0000000C)
    .ARM.Collect$$libinit$$0000000E          0x0800021c   Section        0  libinit2.o(.ARM.Collect$$libinit$$0000000E)
    .ARM.Collect$$libinit$$00000011          0x0800021c   Section        0  libinit2.o(.ARM.Collect$$libinit$$00000011)
    .ARM.Collect$$libinit$$00000013          0x0800021c   Section        0  libinit2.o(.ARM.Collect$$libinit$$00000013)
    .ARM.Collect$$libinit$$00000015          0x0800021c   Section        0  libinit2.o(.ARM.Collect$$libinit$$00000015)
    .ARM.Collect$$libinit$$00000017          0x0800021c   Section        0  libinit2.o(.ARM.Collect$$libinit$$00000017)
    .ARM.Collect$$libinit$$00000019          0x0800021c   Section        0  libinit2.o(.ARM.Collect$$libinit$$00000019)
    .ARM.Collect$$libinit$$0000001B          0x0800021c   Section        0  libinit2.o(.ARM.Collect$$libinit$$0000001B)
    .ARM.Collect$$libinit$$0000001D          0x0800021c   Section        0  libinit2.o(.ARM.Collect$$libinit$$0000001D)
    .ARM.Collect$$libinit$$0000001F          0x0800021c   Section        0  libinit2.o(.ARM.Collect$$libinit$$0000001F)
    .ARM.Collect$$libinit$$00000021          0x0800021c   Section        0  libinit2.o(.ARM.Collect$$libinit$$00000021)
    .ARM.Collect$$libinit$$00000023          0x0800021c   Section        0  libinit2.o(.ARM.Collect$$libinit$$00000023)
    .ARM.Collect$$libinit$$00000025          0x0800021c   Section        0  libinit2.o(.ARM.Collect$$libinit$$00000025)
    .ARM.Collect$$libinit$$0000002C          0x0800021c   Section        0  libinit2.o(.ARM.Collect$$libinit$$0000002C)
    .ARM.Collect$$libinit$$0000002E          0x0800021c   Section        0  libinit2.o(.ARM.Collect$$libinit$$0000002E)
    .ARM.Collect$$libinit$$00000030          0x0800021c   Section        0  libinit2.o(.ARM.Collect$$libinit$$00000030)
    .ARM.Collect$$libinit$$00000032          0x0800021c   Section        0  libinit2.o(.ARM.Collect$$libinit$$00000032)
    .ARM.Collect$$libinit$$00000033          0x0800021c   Section        2  libinit2.o(.ARM.Collect$$libinit$$00000033)
    .ARM.Collect$$libshutdown$$00000000      0x0800021e   Section        2  libshutdown.o(.ARM.Collect$$libshutdown$$00000000)
    .ARM.Collect$$libshutdown$$00000002      0x08000220   Section        0  libshutdown2.o(.ARM.Collect$$libshutdown$$00000002)
    .ARM.Collect$$libshutdown$$00000004      0x08000220   Section        0  libshutdown2.o(.ARM.Collect$$libshutdown$$00000004)
    .ARM.Collect$$libshutdown$$00000007      0x08000220   Section        0  libshutdown2.o(.ARM.Collect$$libshutdown$$00000007)
    .ARM.Collect$$libshutdown$$0000000A      0x08000220   Section        0  libshutdown2.o(.ARM.Collect$$libshutdown$$0000000A)
    .ARM.Collect$$libshutdown$$0000000C      0x08000220   Section        0  libshutdown2.o(.ARM.Collect$$libshutdown$$0000000C)
    .ARM.Collect$$libshutdown$$0000000F      0x08000220   Section        0  libshutdown2.o(.ARM.Collect$$libshutdown$$0000000F)
    .ARM.Collect$$libshutdown$$00000010      0x08000220   Section        2  libshutdown2.o(.ARM.Collect$$libshutdown$$00000010)
    .ARM.Collect$$rtentry$$00000000          0x08000222   Section        0  __rtentry.o(.ARM.Collect$$rtentry$$00000000)
    .ARM.Collect$$rtentry$$00000002          0x08000222   Section        0  __rtentry2.o(.ARM.Collect$$rtentry$$00000002)
    .ARM.Collect$$rtentry$$00000004          0x08000222   Section        6  __rtentry4.o(.ARM.Collect$$rtentry$$00000004)
    .ARM.Collect$$rtentry$$00000009          0x08000228   Section        0  __rtentry2.o(.ARM.Collect$$rtentry$$00000009)
    .ARM.Collect$$rtentry$$0000000A          0x08000228   Section        4  __rtentry2.o(.ARM.Collect$$rtentry$$0000000A)
    .ARM.Collect$$rtentry$$0000000C          0x0800022c   Section        0  __rtentry2.o(.ARM.Collect$$rtentry$$0000000C)
    .ARM.Collect$$rtentry$$0000000D          0x0800022c   Section        8  __rtentry2.o(.ARM.Collect$$rtentry$$0000000D)
    .ARM.Collect$$rtexit$$00000000           0x08000234   Section        2  rtexit.o(.ARM.Collect$$rtexit$$00000000)
    .ARM.Collect$$rtexit$$00000002           0x08000236   Section        0  rtexit2.o(.ARM.Collect$$rtexit$$00000002)
    .ARM.Collect$$rtexit$$00000003           0x08000236   Section        4  rtexit2.o(.ARM.Collect$$rtexit$$00000003)
    .ARM.Collect$$rtexit$$00000004           0x0800023a   Section        6  rtexit2.o(.ARM.Collect$$rtexit$$00000004)
    $v0                                      0x08000240   Number         0  startup_stm32f411xe.o(.text)
    .text                                    0x08000240   Section       64  startup_stm32f411xe.o(.text)
    .text                                    0x08000280   Section        0  noretval__2printf.o(.text)
    .text                                    0x08000298   Section        0  __printf.o(.text)
    .text                                    0x08000300   Section        0  _printf_dec.o(.text)
    .text                                    0x08000378   Section        0  puts.o(.text)
    .text                                    0x080003a4   Section        0  heapauxi.o(.text)
    .text                                    0x080003aa   Section        0  _printf_intcommon.o(.text)
    .text                                    0x0800045c   Section        0  _printf_char_file.o(.text)
    _printf_input_char                       0x08000481   Thumb Code    10  _printf_char_common.o(.text)
    .text                                    0x08000480   Section        0  _printf_char_common.o(.text)
    .text                                    0x080004b0   Section        0  ferror.o(.text)
    .text                                    0x080004b8   Section       74  sys_stackheap_outer.o(.text)
    .text                                    0x08000502   Section        0  exit.o(.text)
    .text                                    0x08000514   Section        8  libspace.o(.text)
    .text                                    0x0800051c   Section        0  sys_exit.o(.text)
    .text                                    0x08000528   Section        2  use_no_semi.o(.text)
    .text                                    0x0800052a   Section        0  indicate_semi.o(.text)
    [Anonymous Symbol]                       0x0800052c   Section        0  test2_q1_main.o(.text.ADC_IRQHandler)
    [Anonymous Symbol]                       0x08000594   Section        0  ecadc.o(.text.ADC_TRGO)
    [Anonymous Symbol]                       0x08000654   Section        0  ecadc.o(.text.ADC_continue)
    [Anonymous Symbol]                       0x08000680   Section        0  ecadc.o(.text.ADC_init)
    [Anonymous Symbol]                       0x08000798   Section        0  ecadc.o(.text.ADC_pinmap)
    [Anonymous Symbol]                       0x08000818   Section        0  ecadc.o(.text.ADC_sequence)
    [Anonymous Symbol]                       0x080008d8   Section        0  ecadc.o(.text.ADC_start)
    [Anonymous Symbol]                       0x080008ec   Section        0  test2_q1_main.o(.text.EXTI15_10_IRQHandler)
    [Anonymous Symbol]                       0x08000940   Section        0  ecexti.o(.text.EXTI_enable)
    [Anonymous Symbol]                       0x08000958   Section        0  ecexti.o(.text.EXTI_init)
    [Anonymous Symbol]                       0x08000b04   Section        0  ecgpio.o(.text.GPIO_init)
    [Anonymous Symbol]                       0x08000b4c   Section        0  ecgpio.o(.text.GPIO_mode)
    [Anonymous Symbol]                       0x08000b70   Section        0  ecgpio.o(.text.GPIO_ospeed)
    [Anonymous Symbol]                       0x08000b94   Section        0  ecgpio.o(.text.GPIO_output)
    [Anonymous Symbol]                       0x08000be0   Section        0  ecgpio.o(.text.GPIO_pudr)
    [Anonymous Symbol]                       0x08000c04   Section        0  ecgpio.o(.text.GPIO_write)
    [Anonymous Symbol]                       0x08000c24   Section        0  ecpwm.o(.text.PWM_duty)
    [Anonymous Symbol]                       0x08000c70   Section        0  ecpwm.o(.text.PWM_init)
    [Anonymous Symbol]                       0x08000e38   Section        0  ecpwm.o(.text.PWM_period_us)
    [Anonymous Symbol]                       0x08000e44   Section        0  ecpwm.o(.text.PWM_pinmap)
    [Anonymous Symbol]                       0x08000f4c   Section        0  ecrcc.o(.text.RCC_GPIOA_enable)
    [Anonymous Symbol]                       0x08000f60   Section        0  ecrcc.o(.text.RCC_GPIOB_enable)
    [Anonymous Symbol]                       0x08000f74   Section        0  ecrcc.o(.text.RCC_GPIOC_enable)
    [Anonymous Symbol]                       0x08000f88   Section        0  ecrcc.o(.text.RCC_PLL_init)
    [Anonymous Symbol]                       0x08001068   Section        0  ecsystick.o(.text.SysTick_Handler)
    [Anonymous Symbol]                       0x08001080   Section        0  ecsystick.o(.text.SysTick_init)
    [Anonymous Symbol]                       0x080010c0   Section        0  system_stm32f4xx.o(.text.SystemInit)
    [Anonymous Symbol]                       0x080010dc   Section        0  test2_q1_main.o(.text.TIM2_IRQHandler)
    [Anonymous Symbol]                       0x08001118   Section        0  test2_q1_main.o(.text.TIM4_IRQHandler)
    [Anonymous Symbol]                       0x08001174   Section        0  test2_q1_main.o(.text.TIM5_IRQHandler)
    [Anonymous Symbol]                       0x080011b8   Section        0  ectim.o(.text.TIM_INT_enable)
    [Anonymous Symbol]                       0x080011c4   Section        0  ectim.o(.text.TIM_INT_init)
    [Anonymous Symbol]                       0x0800125c   Section        0  ectim.o(.text.TIM_init)
    [Anonymous Symbol]                       0x08001360   Section        0  ectim.o(.text.TIM_period_ms)
    [Anonymous Symbol]                       0x08001390   Section        0  ectim.o(.text.TIM_period_us)
    [Anonymous Symbol]                       0x080013b0   Section        0  test2_q1_main.o(.text.USART2_IRQHandler)
    [Anonymous Symbol]                       0x08001430   Section        0  ecuart.o(.text.USART_begin)
    [Anonymous Symbol]                       0x080015c4   Section        0  ecuart.o(.text.USART_getc)
    [Anonymous Symbol]                       0x080015d0   Section        0  ecuart.o(.text.USART_init)
    [Anonymous Symbol]                       0x0800162c   Section        0  ecuart.o(.text.USART_write)
    __NVIC_EnableIRQ                         0x08001659   Thumb Code    16  ecadc.o(.text.__NVIC_EnableIRQ)
    [Anonymous Symbol]                       0x08001658   Section        0  ecadc.o(.text.__NVIC_EnableIRQ)
    __NVIC_EnableIRQ                         0x08001669   Thumb Code    32  ecexti.o(.text.__NVIC_EnableIRQ)
    [Anonymous Symbol]                       0x08001668   Section        0  ecexti.o(.text.__NVIC_EnableIRQ)
    __NVIC_EnableIRQ                         0x08001689   Thumb Code    32  ectim.o(.text.__NVIC_EnableIRQ)
    [Anonymous Symbol]                       0x08001688   Section        0  ectim.o(.text.__NVIC_EnableIRQ)
    __NVIC_EnableIRQ                         0x080016a9   Thumb Code    32  ecuart.o(.text.__NVIC_EnableIRQ)
    [Anonymous Symbol]                       0x080016a8   Section        0  ecuart.o(.text.__NVIC_EnableIRQ)
    __NVIC_SetPriority                       0x080016c9   Thumb Code    14  ecadc.o(.text.__NVIC_SetPriority)
    [Anonymous Symbol]                       0x080016c8   Section        0  ecadc.o(.text.__NVIC_SetPriority)
    __NVIC_SetPriority                       0x080016d9   Thumb Code    16  ecexti.o(.text.__NVIC_SetPriority)
    [Anonymous Symbol]                       0x080016d8   Section        0  ecexti.o(.text.__NVIC_SetPriority)
    __NVIC_SetPriority                       0x080016e9   Thumb Code    14  ecsystick.o(.text.__NVIC_SetPriority)
    [Anonymous Symbol]                       0x080016e8   Section        0  ecsystick.o(.text.__NVIC_SetPriority)
    __NVIC_SetPriority                       0x080016f9   Thumb Code    16  ectim.o(.text.__NVIC_SetPriority)
    [Anonymous Symbol]                       0x080016f8   Section        0  ectim.o(.text.__NVIC_SetPriority)
    __NVIC_SetPriority                       0x08001709   Thumb Code    16  ecuart.o(.text.__NVIC_SetPriority)
    [Anonymous Symbol]                       0x08001708   Section        0  ecuart.o(.text.__NVIC_SetPriority)
    [Anonymous Symbol]                       0x08001718   Section        0  ecadc.o(.text.clear_ADC_OVR)
    [Anonymous Symbol]                       0x0800172c   Section        0  ectim.o(.text.clear_UIF)
    [Anonymous Symbol]                       0x08001738   Section        0  ecexti.o(.text.clear_pending_EXTI)
    [Anonymous Symbol]                       0x08001750   Section        0  ecuart.o(.text.fputc)
    [Anonymous Symbol]                       0x08001774   Section        0  ecadc.o(.text.is_ADC_EOC)
    [Anonymous Symbol]                       0x08001784   Section        0  ecadc.o(.text.is_ADC_OVR)
    [Anonymous Symbol]                       0x08001794   Section        0  ectim.o(.text.is_UIF)
    [Anonymous Symbol]                       0x0800179c   Section        0  ecuart.o(.text.is_USART_RXNE)
    [Anonymous Symbol]                       0x080017a4   Section        0  ecexti.o(.text.is_pending_EXTI)
    [Anonymous Symbol]                       0x080017b8   Section        0  test2_q1_main.o(.text.main)
    [Anonymous Symbol]                       0x080018f0   Section        0  test2_q1_main.o(.text.setup)
    $v0                                      0x08001a06   Number         0  fpinit.o(x$fpl$fpinit)
    x$fpl$fpinit                             0x08001a06   Section       26  fpinit.o(x$fpl$fpinit)
    Buf                                      0x20000000   Data           3  test2_q1_main.o(.data.Buf)
    [Anonymous Symbol]                       0x20000000   Section        0  test2_q1_main.o(.data.Buf)
    DATA                                     0x20000003   Data           3  test2_q1_main.o(.data.DATA)
    [Anonymous Symbol]                       0x20000003   Section        0  test2_q1_main.o(.data.DATA)
    IR_thres                                 0x2000000c   Data           4  test2_q1_main.o(.data.IR_thres)
    [Anonymous Symbol]                       0x2000000c   Section        0  test2_q1_main.o(.data.IR_thres)
    LED_BL_Flag                              0x20000010   Data           1  test2_q1_main.o(.data.LED_BL_Flag)
    [Anonymous Symbol]                       0x20000010   Section        0  test2_q1_main.o(.data.LED_BL_Flag)
    seqCHn                                   0x20000014   Data           4  test2_q1_main.o(.data.seqCHn)
    [Anonymous Symbol]                       0x20000014   Section        0  test2_q1_main.o(.data.seqCHn)
    .bss                                     0x20000018   Section       96  libspace.o(.bss)
    IR_VAL                                   0x20000088   Data           4  test2_q1_main.o(.bss.IR_VAL)
    [Anonymous Symbol]                       0x20000088   Section        0  test2_q1_main.o(.bss.IR_VAL)
    LED_Blink                                0x2000008c   Data           1  test2_q1_main.o(.bss.LED_Blink)
    [Anonymous Symbol]                       0x2000008c   Section        0  test2_q1_main.o(.bss.LED_Blink)
    LED_ON_Flag                              0x2000008d   Data           1  test2_q1_main.o(.bss.LED_ON_Flag)
    [Anonymous Symbol]                       0x2000008d   Section        0  test2_q1_main.o(.bss.LED_ON_Flag)
    LED_state                                0x2000008e   Data           1  test2_q1_main.o(.bss.LED_state)
    [Anonymous Symbol]                       0x2000008e   Section        0  test2_q1_main.o(.bss.LED_state)
    TIM5_CNT                                 0x20000090   Data           2  test2_q1_main.o(.bss.TIM5_CNT)
    [Anonymous Symbol]                       0x20000090   Section        0  test2_q1_main.o(.bss.TIM5_CNT)
    TimeDelay                                0x20000094   Data           4  ecsystick.o(.bss.TimeDelay)
    [Anonymous Symbol]                       0x20000094   Section        0  ecsystick.o(.bss.TimeDelay)
    idx                                      0x2000009c   Data           4  test2_q1_main.o(.bss.idx)
    [Anonymous Symbol]                       0x2000009c   Section        0  test2_q1_main.o(.bss.idx)
    pcData                                   0x200000a0   Data           1  test2_q1_main.o(.bss.pcData)
    [Anonymous Symbol]                       0x200000a0   Section        0  test2_q1_main.o(.bss.pcData)
    runFlag                                  0x200000a2   Data           2  test2_q1_main.o(.bss.runFlag)
    [Anonymous Symbol]                       0x200000a2   Section        0  test2_q1_main.o(.bss.runFlag)
    sec_2_Flag                               0x200000a4   Data           2  test2_q1_main.o(.bss.sec_2_Flag)
    [Anonymous Symbol]                       0x200000a4   Section        0  test2_q1_main.o(.bss.sec_2_Flag)
    stopFlag                                 0x200000a6   Data           2  test2_q1_main.o(.bss.stopFlag)
    [Anonymous Symbol]                       0x200000a6   Section        0  test2_q1_main.o(.bss.stopFlag)
    Heap_Mem                                 0x200000a8   Data         512  startup_stm32f411xe.o(HEAP)
    HEAP                                     0x200000a8   Section      512  startup_stm32f411xe.o(HEAP)
    Stack_Mem                                0x200002a8   Data        1024  startup_stm32f411xe.o(STACK)
    STACK                                    0x200002a8   Section     1024  startup_stm32f411xe.o(STACK)
    __initial_sp                             0x200006a8   Data           0  startup_stm32f411xe.o(STACK)

    Global Symbols

    Symbol Name                              Value     Ov Type        Size  Object(Section)

    BuildAttributes$$THM_ISAv4$E$P$D$K$B$S$7EM$VFPi3$EXTD16$VFPS$VFMA$PE$A:L22UL41UL21$X:L11$S22US41US21$IEEE1$IW$~IW$USESV6$~STKCKD$USESV7$~SHL$OTIME$ROPI$EBA8$UX$STANDARDLIB$REQ8$PRES8$EABIv2 0x00000000   Number         0  anon$$obj.o ABSOLUTE
    __ARM_exceptions_init                     - Undefined Weak Reference
    __alloca_initialize                       - Undefined Weak Reference
    __arm_preinit_                            - Undefined Weak Reference
    __cpp_initialize__aeabi_                  - Undefined Weak Reference
    __cxa_finalize                            - Undefined Weak Reference
    __rt_locale                               - Undefined Weak Reference
    __sigvec_lookup                           - Undefined Weak Reference
    _atexit_init                              - Undefined Weak Reference
    _call_atexit_fns                          - Undefined Weak Reference
    _clock_init                               - Undefined Weak Reference
    _fp_trap_init                             - Undefined Weak Reference
    _fp_trap_shutdown                         - Undefined Weak Reference
    _get_lc_collate                           - Undefined Weak Reference
    _get_lc_ctype                             - Undefined Weak Reference
    _get_lc_monetary                          - Undefined Weak Reference
    _get_lc_numeric                           - Undefined Weak Reference
    _get_lc_time                              - Undefined Weak Reference
    _getenv_init                              - Undefined Weak Reference
    _handle_redirection                       - Undefined Weak Reference
    _init_alloc                               - Undefined Weak Reference
    _init_user_alloc                          - Undefined Weak Reference
    _initio                                   - Undefined Weak Reference
    _mutex_acquire                            - Undefined Weak Reference
    _mutex_release                            - Undefined Weak Reference
    _printf_post_padding                      - Undefined Weak Reference
    _printf_pre_padding                       - Undefined Weak Reference
    _printf_truncate_signed                   - Undefined Weak Reference
    _printf_truncate_unsigned                 - Undefined Weak Reference
    _rand_init                                - Undefined Weak Reference
    _signal_finish                            - Undefined Weak Reference
    _signal_init                              - Undefined Weak Reference
    _terminate_alloc                          - Undefined Weak Reference
    _terminate_user_alloc                     - Undefined Weak Reference
    _terminateio                              - Undefined Weak Reference
    __Vectors_Size                           0x00000198   Number         0  startup_stm32f411xe.o ABSOLUTE
    __Vectors                                0x08000000   Data           4  startup_stm32f411xe.o(RESET)
    __Vectors_End                            0x08000198   Data           0  startup_stm32f411xe.o(RESET)
    __main                                   0x08000199   Thumb Code     8  __main.o(!!!main)
    __scatterload                            0x080001a1   Thumb Code     0  __scatter.o(!!!scatter)
    __scatterload_rt2                        0x080001a1   Thumb Code    44  __scatter.o(!!!scatter)
    __scatterload_rt2_thumb_only             0x080001a1   Thumb Code     0  __scatter.o(!!!scatter)
    __scatterload_null                       0x080001af   Thumb Code     0  __scatter.o(!!!scatter)
    __scatterload_copy                       0x080001d5   Thumb Code    26  __scatter_copy.o(!!handler_copy)
    __scatterload_zeroinit                   0x080001f1   Thumb Code    28  __scatter_zi.o(!!handler_zi)
    _printf_d                                0x0800020d   Thumb Code     0  _printf_d.o(.ARM.Collect$$_printf_percent$$00000009)
    _printf_percent                          0x0800020d   Thumb Code     0  _printf_percent.o(.ARM.Collect$$_printf_percent$$00000000)
    _printf_percent_end                      0x08000213   Thumb Code     0  _printf_percent_end.o(.ARM.Collect$$_printf_percent$$00000017)
    __rt_lib_init                            0x08000217   Thumb Code     0  libinit.o(.ARM.Collect$$libinit$$00000000)
    __rt_lib_init_fp_1                       0x08000219   Thumb Code     0  libinit2.o(.ARM.Collect$$libinit$$00000001)
    __rt_lib_init_alloca_1                   0x0800021d   Thumb Code     0  libinit2.o(.ARM.Collect$$libinit$$0000002E)
    __rt_lib_init_argv_1                     0x0800021d   Thumb Code     0  libinit2.o(.ARM.Collect$$libinit$$0000002C)
    __rt_lib_init_atexit_1                   0x0800021d   Thumb Code     0  libinit2.o(.ARM.Collect$$libinit$$0000001B)
    __rt_lib_init_clock_1                    0x0800021d   Thumb Code     0  libinit2.o(.ARM.Collect$$libinit$$00000021)
    __rt_lib_init_cpp_1                      0x0800021d   Thumb Code     0  libinit2.o(.ARM.Collect$$libinit$$00000032)
    __rt_lib_init_exceptions_1               0x0800021d   Thumb Code     0  libinit2.o(.ARM.Collect$$libinit$$00000030)
    __rt_lib_init_fp_trap_1                  0x0800021d   Thumb Code     0  libinit2.o(.ARM.Collect$$libinit$$0000001F)
    __rt_lib_init_getenv_1                   0x0800021d   Thumb Code     0  libinit2.o(.ARM.Collect$$libinit$$00000023)
    __rt_lib_init_heap_1                     0x0800021d   Thumb Code     0  libinit2.o(.ARM.Collect$$libinit$$0000000A)
    __rt_lib_init_lc_collate_1               0x0800021d   Thumb Code     0  libinit2.o(.ARM.Collect$$libinit$$00000011)
    __rt_lib_init_lc_ctype_1                 0x0800021d   Thumb Code     0  libinit2.o(.ARM.Collect$$libinit$$00000013)
    __rt_lib_init_lc_monetary_1              0x0800021d   Thumb Code     0  libinit2.o(.ARM.Collect$$libinit$$00000015)
    __rt_lib_init_lc_numeric_1               0x0800021d   Thumb Code     0  libinit2.o(.ARM.Collect$$libinit$$00000017)
    __rt_lib_init_lc_time_1                  0x0800021d   Thumb Code     0  libinit2.o(.ARM.Collect$$libinit$$00000019)
    __rt_lib_init_preinit_1                  0x0800021d   Thumb Code     0  libinit2.o(.ARM.Collect$$libinit$$00000004)
    __rt_lib_init_rand_1                     0x0800021d   Thumb Code     0  libinit2.o(.ARM.Collect$$libinit$$0000000E)
    __rt_lib_init_return                     0x0800021d   Thumb Code     0  libinit2.o(.ARM.Collect$$libinit$$00000033)
    __rt_lib_init_signal_1                   0x0800021d   Thumb Code     0  libinit2.o(.ARM.Collect$$libinit$$0000001D)
    __rt_lib_init_stdio_1                    0x0800021d   Thumb Code     0  libinit2.o(.ARM.Collect$$libinit$$00000025)
    __rt_lib_init_user_alloc_1               0x0800021d   Thumb Code     0  libinit2.o(.ARM.Collect$$libinit$$0000000C)
    __rt_lib_shutdown                        0x0800021f   Thumb Code     0  libshutdown.o(.ARM.Collect$$libshutdown$$00000000)
    __rt_lib_shutdown_cpp_1                  0x08000221   Thumb Code     0  libshutdown2.o(.ARM.Collect$$libshutdown$$00000002)
    __rt_lib_shutdown_fp_trap_1              0x08000221   Thumb Code     0  libshutdown2.o(.ARM.Collect$$libshutdown$$00000007)
    __rt_lib_shutdown_heap_1                 0x08000221   Thumb Code     0  libshutdown2.o(.ARM.Collect$$libshutdown$$0000000F)
    __rt_lib_shutdown_return                 0x08000221   Thumb Code     0  libshutdown2.o(.ARM.Collect$$libshutdown$$00000010)
    __rt_lib_shutdown_signal_1               0x08000221   Thumb Code     0  libshutdown2.o(.ARM.Collect$$libshutdown$$0000000A)
    __rt_lib_shutdown_stdio_1                0x08000221   Thumb Code     0  libshutdown2.o(.ARM.Collect$$libshutdown$$00000004)
    __rt_lib_shutdown_user_alloc_1           0x08000221   Thumb Code     0  libshutdown2.o(.ARM.Collect$$libshutdown$$0000000C)
    __rt_entry                               0x08000223   Thumb Code     0  __rtentry.o(.ARM.Collect$$rtentry$$00000000)
    __rt_entry_presh_1                       0x08000223   Thumb Code     0  __rtentry2.o(.ARM.Collect$$rtentry$$00000002)
    __rt_entry_sh                            0x08000223   Thumb Code     0  __rtentry4.o(.ARM.Collect$$rtentry$$00000004)
    __rt_entry_li                            0x08000229   Thumb Code     0  __rtentry2.o(.ARM.Collect$$rtentry$$0000000A)
    __rt_entry_postsh_1                      0x08000229   Thumb Code     0  __rtentry2.o(.ARM.Collect$$rtentry$$00000009)
    __rt_entry_main                          0x0800022d   Thumb Code     0  __rtentry2.o(.ARM.Collect$$rtentry$$0000000D)
    __rt_entry_postli_1                      0x0800022d   Thumb Code     0  __rtentry2.o(.ARM.Collect$$rtentry$$0000000C)
    __rt_exit                                0x08000235   Thumb Code     0  rtexit.o(.ARM.Collect$$rtexit$$00000000)
    __rt_exit_ls                             0x08000237   Thumb Code     0  rtexit2.o(.ARM.Collect$$rtexit$$00000003)
    __rt_exit_prels_1                        0x08000237   Thumb Code     0  rtexit2.o(.ARM.Collect$$rtexit$$00000002)
    __rt_exit_exit                           0x0800023b   Thumb Code     0  rtexit2.o(.ARM.Collect$$rtexit$$00000004)
    Reset_Handler                            0x08000241   Thumb Code     8  startup_stm32f411xe.o(.text)
    NMI_Handler                              0x08000249   Thumb Code     2  startup_stm32f411xe.o(.text)
    HardFault_Handler                        0x0800024b   Thumb Code     2  startup_stm32f411xe.o(.text)
    MemManage_Handler                        0x0800024d   Thumb Code     2  startup_stm32f411xe.o(.text)
    BusFault_Handler                         0x0800024f   Thumb Code     2  startup_stm32f411xe.o(.text)
    UsageFault_Handler                       0x08000251   Thumb Code     2  startup_stm32f411xe.o(.text)
    SVC_Handler                              0x08000253   Thumb Code     2  startup_stm32f411xe.o(.text)
    DebugMon_Handler                         0x08000255   Thumb Code     2  startup_stm32f411xe.o(.text)
    PendSV_Handler                           0x08000257   Thumb Code     2  startup_stm32f411xe.o(.text)
    DMA1_Stream0_IRQHandler                  0x0800025b   Thumb Code     0  startup_stm32f411xe.o(.text)
    DMA1_Stream1_IRQHandler                  0x0800025b   Thumb Code     0  startup_stm32f411xe.o(.text)
    DMA1_Stream2_IRQHandler                  0x0800025b   Thumb Code     0  startup_stm32f411xe.o(.text)
    DMA1_Stream3_IRQHandler                  0x0800025b   Thumb Code     0  startup_stm32f411xe.o(.text)
    DMA1_Stream4_IRQHandler                  0x0800025b   Thumb Code     0  startup_stm32f411xe.o(.text)
    DMA1_Stream5_IRQHandler                  0x0800025b   Thumb Code     0  startup_stm32f411xe.o(.text)
    DMA1_Stream6_IRQHandler                  0x0800025b   Thumb Code     0  startup_stm32f411xe.o(.text)
    DMA1_Stream7_IRQHandler                  0x0800025b   Thumb Code     0  startup_stm32f411xe.o(.text)
    DMA2_Stream0_IRQHandler                  0x0800025b   Thumb Code     0  startup_stm32f411xe.o(.text)
    DMA2_Stream1_IRQHandler                  0x0800025b   Thumb Code     0  startup_stm32f411xe.o(.text)
    DMA2_Stream2_IRQHandler                  0x0800025b   Thumb Code     0  startup_stm32f411xe.o(.text)
    DMA2_Stream3_IRQHandler                  0x0800025b   Thumb Code     0  startup_stm32f411xe.o(.text)
    DMA2_Stream4_IRQHandler                  0x0800025b   Thumb Code     0  startup_stm32f411xe.o(.text)
    DMA2_Stream5_IRQHandler                  0x0800025b   Thumb Code     0  startup_stm32f411xe.o(.text)
    DMA2_Stream6_IRQHandler                  0x0800025b   Thumb Code     0  startup_stm32f411xe.o(.text)
    DMA2_Stream7_IRQHandler                  0x0800025b   Thumb Code     0  startup_stm32f411xe.o(.text)
    EXTI0_IRQHandler                         0x0800025b   Thumb Code     0  startup_stm32f411xe.o(.text)
    EXTI1_IRQHandler                         0x0800025b   Thumb Code     0  startup_stm32f411xe.o(.text)
    EXTI2_IRQHandler                         0x0800025b   Thumb Code     0  startup_stm32f411xe.o(.text)
    EXTI3_IRQHandler                         0x0800025b   Thumb Code     0  startup_stm32f411xe.o(.text)
    EXTI4_IRQHandler                         0x0800025b   Thumb Code     0  startup_stm32f411xe.o(.text)
    EXTI9_5_IRQHandler                       0x0800025b   Thumb Code     0  startup_stm32f411xe.o(.text)
    FLASH_IRQHandler                         0x0800025b   Thumb Code     0  startup_stm32f411xe.o(.text)
    FPU_IRQHandler                           0x0800025b   Thumb Code     0  startup_stm32f411xe.o(.text)
    I2C1_ER_IRQHandler                       0x0800025b   Thumb Code     0  startup_stm32f411xe.o(.text)
    I2C1_EV_IRQHandler                       0x0800025b   Thumb Code     0  startup_stm32f411xe.o(.text)
    I2C2_ER_IRQHandler                       0x0800025b   Thumb Code     0  startup_stm32f411xe.o(.text)
    I2C2_EV_IRQHandler                       0x0800025b   Thumb Code     0  startup_stm32f411xe.o(.text)
    I2C3_ER_IRQHandler                       0x0800025b   Thumb Code     0  startup_stm32f411xe.o(.text)
    I2C3_EV_IRQHandler                       0x0800025b   Thumb Code     0  startup_stm32f411xe.o(.text)
    OTG_FS_IRQHandler                        0x0800025b   Thumb Code     0  startup_stm32f411xe.o(.text)
    OTG_FS_WKUP_IRQHandler                   0x0800025b   Thumb Code     0  startup_stm32f411xe.o(.text)
    PVD_IRQHandler                           0x0800025b   Thumb Code     0  startup_stm32f411xe.o(.text)
    RCC_IRQHandler                           0x0800025b   Thumb Code     0  startup_stm32f411xe.o(.text)
    RTC_Alarm_IRQHandler                     0x0800025b   Thumb Code     0  startup_stm32f411xe.o(.text)
    RTC_WKUP_IRQHandler                      0x0800025b   Thumb Code     0  startup_stm32f411xe.o(.text)
    SDIO_IRQHandler                          0x0800025b   Thumb Code     0  startup_stm32f411xe.o(.text)
    SPI1_IRQHandler                          0x0800025b   Thumb Code     0  startup_stm32f411xe.o(.text)
    SPI2_IRQHandler                          0x0800025b   Thumb Code     0  startup_stm32f411xe.o(.text)
    SPI3_IRQHandler                          0x0800025b   Thumb Code     0  startup_stm32f411xe.o(.text)
    SPI4_IRQHandler                          0x0800025b   Thumb Code     0  startup_stm32f411xe.o(.text)
    SPI5_IRQHandler                          0x0800025b   Thumb Code     0  startup_stm32f411xe.o(.text)
    TAMP_STAMP_IRQHandler                    0x0800025b   Thumb Code     0  startup_stm32f411xe.o(.text)
    TIM1_BRK_TIM9_IRQHandler                 0x0800025b   Thumb Code     0  startup_stm32f411xe.o(.text)
    TIM1_CC_IRQHandler                       0x0800025b   Thumb Code     0  startup_stm32f411xe.o(.text)
    TIM1_TRG_COM_TIM11_IRQHandler            0x0800025b   Thumb Code     0  startup_stm32f411xe.o(.text)
    TIM1_UP_TIM10_IRQHandler                 0x0800025b   Thumb Code     0  startup_stm32f411xe.o(.text)
    TIM3_IRQHandler                          0x0800025b   Thumb Code     0  startup_stm32f411xe.o(.text)
    USART1_IRQHandler                        0x0800025b   Thumb Code     0  startup_stm32f411xe.o(.text)
    USART6_IRQHandler                        0x0800025b   Thumb Code     0  startup_stm32f411xe.o(.text)
    WWDG_IRQHandler                          0x0800025b   Thumb Code     0  startup_stm32f411xe.o(.text)
    __user_initial_stackheap                 0x0800025d   Thumb Code     0  startup_stm32f411xe.o(.text)
    __2printf                                0x08000281   Thumb Code    20  noretval__2printf.o(.text)
    __printf                                 0x08000299   Thumb Code   104  __printf.o(.text)
    _printf_int_dec                          0x08000301   Thumb Code   104  _printf_dec.o(.text)
    puts                                     0x08000379   Thumb Code    40  puts.o(.text)
    __use_two_region_memory                  0x080003a5   Thumb Code     2  heapauxi.o(.text)
    __rt_heap_escrow$2region                 0x080003a7   Thumb Code     2  heapauxi.o(.text)
    __rt_heap_expand$2region                 0x080003a9   Thumb Code     2  heapauxi.o(.text)
    _printf_int_common                       0x080003ab   Thumb Code   178  _printf_intcommon.o(.text)
    _printf_char_file                        0x0800045d   Thumb Code    32  _printf_char_file.o(.text)
    _printf_char_common                      0x0800048b   Thumb Code    32  _printf_char_common.o(.text)
    ferror                                   0x080004b1   Thumb Code     8  ferror.o(.text)
    __user_setup_stackheap                   0x080004b9   Thumb Code    74  sys_stackheap_outer.o(.text)
    exit                                     0x08000503   Thumb Code    18  exit.o(.text)
    __user_libspace                          0x08000515   Thumb Code     8  libspace.o(.text)
    __user_perproc_libspace                  0x08000515   Thumb Code     0  libspace.o(.text)
    __user_perthread_libspace                0x08000515   Thumb Code     0  libspace.o(.text)
    _sys_exit                                0x0800051d   Thumb Code     8  sys_exit.o(.text)
    __I$use$semihosting                      0x08000529   Thumb Code     0  use_no_semi.o(.text)
    __use_no_semihosting_swi                 0x08000529   Thumb Code     2  use_no_semi.o(.text)
    __semihosting_library_function           0x0800052b   Thumb Code     0  indicate_semi.o(.text)
    ADC_IRQHandler                           0x0800052d   Thumb Code   104  test2_q1_main.o(.text.ADC_IRQHandler)
    ADC_TRGO                                 0x08000595   Thumb Code   192  ecadc.o(.text.ADC_TRGO)
    ADC_continue                             0x08000655   Thumb Code    44  ecadc.o(.text.ADC_continue)
    ADC_init                                 0x08000681   Thumb Code   280  ecadc.o(.text.ADC_init)
    ADC_pinmap                               0x08000799   Thumb Code    96  ecadc.o(.text.ADC_pinmap)
    ADC_sequence                             0x08000819   Thumb Code   192  ecadc.o(.text.ADC_sequence)
    ADC_start                                0x080008d9   Thumb Code    18  ecadc.o(.text.ADC_start)
    EXTI15_10_IRQHandler                     0x080008ed   Thumb Code    82  test2_q1_main.o(.text.EXTI15_10_IRQHandler)
    EXTI_enable                              0x08000941   Thumb Code    22  ecexti.o(.text.EXTI_enable)
    EXTI_init                                0x08000959   Thumb Code   428  ecexti.o(.text.EXTI_init)
    GPIO_init                                0x08000b05   Thumb Code    70  ecgpio.o(.text.GPIO_init)
    GPIO_mode                                0x08000b4d   Thumb Code    34  ecgpio.o(.text.GPIO_mode)
    GPIO_ospeed                              0x08000b71   Thumb Code    34  ecgpio.o(.text.GPIO_ospeed)
    GPIO_output                              0x08000b95   Thumb Code    76  ecgpio.o(.text.GPIO_output)
    GPIO_pudr                                0x08000be1   Thumb Code    34  ecgpio.o(.text.GPIO_pudr)
    GPIO_write                               0x08000c05   Thumb Code    32  ecgpio.o(.text.GPIO_write)
    PWM_duty                                 0x08000c25   Thumb Code    76  ecpwm.o(.text.PWM_duty)
    PWM_init                                 0x08000c71   Thumb Code   454  ecpwm.o(.text.PWM_init)
    PWM_period_us                            0x08000e39   Thumb Code    10  ecpwm.o(.text.PWM_period_us)
    PWM_pinmap                               0x08000e45   Thumb Code   262  ecpwm.o(.text.PWM_pinmap)
    RCC_GPIOA_enable                         0x08000f4d   Thumb Code    18  ecrcc.o(.text.RCC_GPIOA_enable)
    RCC_GPIOB_enable                         0x08000f61   Thumb Code    18  ecrcc.o(.text.RCC_GPIOB_enable)
    RCC_GPIOC_enable                         0x08000f75   Thumb Code    18  ecrcc.o(.text.RCC_GPIOC_enable)
    RCC_PLL_init                             0x08000f89   Thumb Code   222  ecrcc.o(.text.RCC_PLL_init)
    SysTick_Handler                          0x08001069   Thumb Code    24  ecsystick.o(.text.SysTick_Handler)
    SysTick_init                             0x08001081   Thumb Code    62  ecsystick.o(.text.SysTick_init)
    SystemInit                               0x080010c1   Thumb Code    26  system_stm32f4xx.o(.text.SystemInit)
    TIM2_IRQHandler                          0x080010dd   Thumb Code    60  test2_q1_main.o(.text.TIM2_IRQHandler)
    TIM4_IRQHandler                          0x08001119   Thumb Code    92  test2_q1_main.o(.text.TIM4_IRQHandler)
    TIM5_IRQHandler                          0x08001175   Thumb Code    66  test2_q1_main.o(.text.TIM5_IRQHandler)
    TIM_INT_enable                           0x080011b9   Thumb Code    10  ectim.o(.text.TIM_INT_enable)
    TIM_INT_init                             0x080011c5   Thumb Code   152  ectim.o(.text.TIM_INT_init)
    TIM_init                                 0x0800125d   Thumb Code   260  ectim.o(.text.TIM_init)
    TIM_period_ms                            0x08001361   Thumb Code    46  ectim.o(.text.TIM_period_ms)
    TIM_period_us                            0x08001391   Thumb Code    32  ectim.o(.text.TIM_period_us)
    USART2_IRQHandler                        0x080013b1   Thumb Code   124  test2_q1_main.o(.text.USART2_IRQHandler)
    USART_begin                              0x08001431   Thumb Code   404  ecuart.o(.text.USART_begin)
    USART_getc                               0x080015c5   Thumb Code    12  ecuart.o(.text.USART_getc)
    USART_init                               0x080015d1   Thumb Code    92  ecuart.o(.text.USART_init)
    USART_write                              0x0800162d   Thumb Code    44  ecuart.o(.text.USART_write)
    clear_ADC_OVR                            0x08001719   Thumb Code    18  ecadc.o(.text.clear_ADC_OVR)
    clear_UIF                                0x0800172d   Thumb Code    10  ectim.o(.text.clear_UIF)
    clear_pending_EXTI                       0x08001739   Thumb Code    22  ecexti.o(.text.clear_pending_EXTI)
    fputc                                    0x08001751   Thumb Code    34  ecuart.o(.text.fputc)
    is_ADC_EOC                               0x08001775   Thumb Code    16  ecadc.o(.text.is_ADC_EOC)
    is_ADC_OVR                               0x08001785   Thumb Code    16  ecadc.o(.text.is_ADC_OVR)
    is_UIF                                   0x08001795   Thumb Code     8  ectim.o(.text.is_UIF)
    is_USART_RXNE                            0x0800179d   Thumb Code     8  ecuart.o(.text.is_USART_RXNE)
    is_pending_EXTI                          0x080017a5   Thumb Code    20  ecexti.o(.text.is_pending_EXTI)
    main                                     0x080017b9   Thumb Code   276  test2_q1_main.o(.text.main)
    setup                                    0x080018f1   Thumb Code   278  test2_q1_main.o(.text.setup)
    _fp_init                                 0x08001a07   Thumb Code    26  fpinit.o(x$fpl$fpinit)
    __fplib_config_fpu_vfp                   0x08001a1f   Thumb Code     0  fpinit.o(x$fpl$fpinit)
    __fplib_config_pureend_doubles           0x08001a1f   Thumb Code     0  fpinit.o(x$fpl$fpinit)
    Region$$Table$$Base                      0x08001a20   Number         0  anon$$obj.o(Region$$Table)
    Region$$Table$$Limit                     0x08001a40   Number         0  anon$$obj.o(Region$$Table)
    EC_SYSCLK                                0x20000008   Data           4  ecrcc.o(.data.EC_SYSCLK)
    __libspace_start                         0x20000018   Data          96  libspace.o(.bss)
    FinalPWM                                 0x20000078   Data          16  test2_q1_main.o(.bss.FinalPWM)
    __temporary_stack_top$libspace           0x20000078   Data           0  libspace.o(.bss)
    __stdout                                 0x20000098   Data           4  ecuart.o(.bss.__stdout)



==============================================================================

Memory Map of the image

  Image Entry point : 0x08000199

  Load Region LR_IROM1 (Base: 0x08000000, Size: 0x00001a58, Max: 0x00080000, ABSOLUTE)

    Execution Region ER_IROM1 (Exec base: 0x08000000, Load base: 0x08000000, Size: 0x00001a40, Max: 0x00080000, ABSOLUTE)

    Exec Addr    Load Addr    Size         Type   Attr      Idx    E Section Name        Object

    0x08000000   0x08000000   0x00000198   Data   RO          295    RESET               startup_stm32f411xe.o
    0x08000198   0x08000198   0x00000008   Code   RO          353  * !!!main             c_w.l(__main.o)
    0x080001a0   0x080001a0   0x00000034   Code   RO          529    !!!scatter          c_w.l(__scatter.o)
    0x080001d4   0x080001d4   0x0000001a   Code   RO          531    !!handler_copy      c_w.l(__scatter_copy.o)
    0x080001ee   0x080001ee   0x00000002   PAD
    0x080001f0   0x080001f0   0x0000001c   Code   RO          533    !!handler_zi        c_w.l(__scatter_zi.o)
    0x0800020c   0x0800020c   0x00000000   Code   RO          348    .ARM.Collect$$_printf_percent$$00000000  c_w.l(_printf_percent.o)
    0x0800020c   0x0800020c   0x00000006   Code   RO          347    .ARM.Collect$$_printf_percent$$00000009  c_w.l(_printf_d.o)
    0x08000212   0x08000212   0x00000004   Code   RO          360    .ARM.Collect$$_printf_percent$$00000017  c_w.l(_printf_percent_end.o)
    0x08000216   0x08000216   0x00000002   Code   RO          393    .ARM.Collect$$libinit$$00000000  c_w.l(libinit.o)
    0x08000218   0x08000218   0x00000004   Code   RO          399    .ARM.Collect$$libinit$$00000001  c_w.l(libinit2.o)
    0x0800021c   0x0800021c   0x00000000   Code   RO          402    .ARM.Collect$$libinit$$00000004  c_w.l(libinit2.o)
    0x0800021c   0x0800021c   0x00000000   Code   RO          405    .ARM.Collect$$libinit$$0000000A  c_w.l(libinit2.o)
    0x0800021c   0x0800021c   0x00000000   Code   RO          407    .ARM.Collect$$libinit$$0000000C  c_w.l(libinit2.o)
    0x0800021c   0x0800021c   0x00000000   Code   RO          409    .ARM.Collect$$libinit$$0000000E  c_w.l(libinit2.o)
    0x0800021c   0x0800021c   0x00000000   Code   RO          412    .ARM.Collect$$libinit$$00000011  c_w.l(libinit2.o)
    0x0800021c   0x0800021c   0x00000000   Code   RO          414    .ARM.Collect$$libinit$$00000013  c_w.l(libinit2.o)
    0x0800021c   0x0800021c   0x00000000   Code   RO          416    .ARM.Collect$$libinit$$00000015  c_w.l(libinit2.o)
    0x0800021c   0x0800021c   0x00000000   Code   RO          418    .ARM.Collect$$libinit$$00000017  c_w.l(libinit2.o)
    0x0800021c   0x0800021c   0x00000000   Code   RO          420    .ARM.Collect$$libinit$$00000019  c_w.l(libinit2.o)
    0x0800021c   0x0800021c   0x00000000   Code   RO          422    .ARM.Collect$$libinit$$0000001B  c_w.l(libinit2.o)
    0x0800021c   0x0800021c   0x00000000   Code   RO          424    .ARM.Collect$$libinit$$0000001D  c_w.l(libinit2.o)
    0x0800021c   0x0800021c   0x00000000   Code   RO          426    .ARM.Collect$$libinit$$0000001F  c_w.l(libinit2.o)
    0x0800021c   0x0800021c   0x00000000   Code   RO          428    .ARM.Collect$$libinit$$00000021  c_w.l(libinit2.o)
    0x0800021c   0x0800021c   0x00000000   Code   RO          430    .ARM.Collect$$libinit$$00000023  c_w.l(libinit2.o)
    0x0800021c   0x0800021c   0x00000000   Code   RO          432    .ARM.Collect$$libinit$$00000025  c_w.l(libinit2.o)
    0x0800021c   0x0800021c   0x00000000   Code   RO          436    .ARM.Collect$$libinit$$0000002C  c_w.l(libinit2.o)
    0x0800021c   0x0800021c   0x00000000   Code   RO          438    .ARM.Collect$$libinit$$0000002E  c_w.l(libinit2.o)
    0x0800021c   0x0800021c   0x00000000   Code   RO          440    .ARM.Collect$$libinit$$00000030  c_w.l(libinit2.o)
    0x0800021c   0x0800021c   0x00000000   Code   RO          442    .ARM.Collect$$libinit$$00000032  c_w.l(libinit2.o)
    0x0800021c   0x0800021c   0x00000002   Code   RO          443    .ARM.Collect$$libinit$$00000033  c_w.l(libinit2.o)
    0x0800021e   0x0800021e   0x00000002   Code   RO          465    .ARM.Collect$$libshutdown$$00000000  c_w.l(libshutdown.o)
    0x08000220   0x08000220   0x00000000   Code   RO          480    .ARM.Collect$$libshutdown$$00000002  c_w.l(libshutdown2.o)
    0x08000220   0x08000220   0x00000000   Code   RO          482    .ARM.Collect$$libshutdown$$00000004  c_w.l(libshutdown2.o)
    0x08000220   0x08000220   0x00000000   Code   RO          485    .ARM.Collect$$libshutdown$$00000007  c_w.l(libshutdown2.o)
    0x08000220   0x08000220   0x00000000   Code   RO          488    .ARM.Collect$$libshutdown$$0000000A  c_w.l(libshutdown2.o)
    0x08000220   0x08000220   0x00000000   Code   RO          490    .ARM.Collect$$libshutdown$$0000000C  c_w.l(libshutdown2.o)
    0x08000220   0x08000220   0x00000000   Code   RO          493    .ARM.Collect$$libshutdown$$0000000F  c_w.l(libshutdown2.o)
    0x08000220   0x08000220   0x00000002   Code   RO          494    .ARM.Collect$$libshutdown$$00000010  c_w.l(libshutdown2.o)
    0x08000222   0x08000222   0x00000000   Code   RO          355    .ARM.Collect$$rtentry$$00000000  c_w.l(__rtentry.o)
    0x08000222   0x08000222   0x00000000   Code   RO          362    .ARM.Collect$$rtentry$$00000002  c_w.l(__rtentry2.o)
    0x08000222   0x08000222   0x00000006   Code   RO          374    .ARM.Collect$$rtentry$$00000004  c_w.l(__rtentry4.o)
    0x08000228   0x08000228   0x00000000   Code   RO          364    .ARM.Collect$$rtentry$$00000009  c_w.l(__rtentry2.o)
    0x08000228   0x08000228   0x00000004   Code   RO          365    .ARM.Collect$$rtentry$$0000000A  c_w.l(__rtentry2.o)
    0x0800022c   0x0800022c   0x00000000   Code   RO          367    .ARM.Collect$$rtentry$$0000000C  c_w.l(__rtentry2.o)
    0x0800022c   0x0800022c   0x00000008   Code   RO          368    .ARM.Collect$$rtentry$$0000000D  c_w.l(__rtentry2.o)
    0x08000234   0x08000234   0x00000002   Code   RO          397    .ARM.Collect$$rtexit$$00000000  c_w.l(rtexit.o)
    0x08000236   0x08000236   0x00000000   Code   RO          445    .ARM.Collect$$rtexit$$00000002  c_w.l(rtexit2.o)
    0x08000236   0x08000236   0x00000004   Code   RO          446    .ARM.Collect$$rtexit$$00000003  c_w.l(rtexit2.o)
    0x0800023a   0x0800023a   0x00000006   Code   RO          447    .ARM.Collect$$rtexit$$00000004  c_w.l(rtexit2.o)
    0x08000240   0x08000240   0x00000040   Code   RO          296    .text               startup_stm32f411xe.o
    0x08000280   0x08000280   0x00000018   Code   RO          321    .text               c_w.l(noretval__2printf.o)
    0x08000298   0x08000298   0x00000068   Code   RO          323    .text               c_w.l(__printf.o)
    0x08000300   0x08000300   0x00000078   Code   RO          325    .text               c_w.l(_printf_dec.o)
    0x08000378   0x08000378   0x0000002c   Code   RO          349    .text               c_w.l(puts.o)
    0x080003a4   0x080003a4   0x00000006   Code   RO          351    .text               c_w.l(heapauxi.o)
    0x080003aa   0x080003aa   0x000000b2   Code   RO          356    .text               c_w.l(_printf_intcommon.o)
    0x0800045c   0x0800045c   0x00000024   Code   RO          358    .text               c_w.l(_printf_char_file.o)
    0x08000480   0x08000480   0x00000030   Code   RO          376    .text               c_w.l(_printf_char_common.o)
    0x080004b0   0x080004b0   0x00000008   Code   RO          378    .text               c_w.l(ferror.o)
    0x080004b8   0x080004b8   0x0000004a   Code   RO          382    .text               c_w.l(sys_stackheap_outer.o)
    0x08000502   0x08000502   0x00000012   Code   RO          386    .text               c_w.l(exit.o)
    0x08000514   0x08000514   0x00000008   Code   RO          394    .text               c_w.l(libspace.o)
    0x0800051c   0x0800051c   0x0000000c   Code   RO          455    .text               c_w.l(sys_exit.o)
    0x08000528   0x08000528   0x00000002   Code   RO          470    .text               c_w.l(use_no_semi.o)
    0x0800052a   0x0800052a   0x00000000   Code   RO          472    .text               c_w.l(indicate_semi.o)
    0x0800052a   0x0800052a   0x00000002   PAD
    0x0800052c   0x0800052c   0x00000068   Code   RO           14    .text.ADC_IRQHandler  test2_q1_main.o
    0x08000594   0x08000594   0x000000c0   Code   RO           50    .text.ADC_TRGO      ecadc.o
    0x08000654   0x08000654   0x0000002c   Code   RO           52    .text.ADC_continue  ecadc.o
    0x08000680   0x08000680   0x00000118   Code   RO           42    .text.ADC_init      ecadc.o
    0x08000798   0x08000798   0x00000080   Code   RO           44    .text.ADC_pinmap    ecadc.o
    0x08000818   0x08000818   0x000000c0   Code   RO           54    .text.ADC_sequence  ecadc.o
    0x080008d8   0x080008d8   0x00000012   Code   RO           56    .text.ADC_start     ecadc.o
    0x080008ea   0x080008ea   0x00000002   PAD
    0x080008ec   0x080008ec   0x00000052   Code   RO           12    .text.EXTI15_10_IRQHandler  test2_q1_main.o
    0x0800093e   0x0800093e   0x00000002   PAD
    0x08000940   0x08000940   0x00000016   Code   RO           81    .text.EXTI_enable   ecexti.o
    0x08000956   0x08000956   0x00000002   PAD
    0x08000958   0x08000958   0x000001ac   Code   RO           75    .text.EXTI_init     ecexti.o
    0x08000b04   0x08000b04   0x00000046   Code   RO           97    .text.GPIO_init     ecgpio.o
    0x08000b4a   0x08000b4a   0x00000002   PAD
    0x08000b4c   0x08000b4c   0x00000022   Code   RO           99    .text.GPIO_mode     ecgpio.o
    0x08000b6e   0x08000b6e   0x00000002   PAD
    0x08000b70   0x08000b70   0x00000022   Code   RO          105    .text.GPIO_ospeed   ecgpio.o
    0x08000b92   0x08000b92   0x00000002   PAD
    0x08000b94   0x08000b94   0x0000004c   Code   RO          111    .text.GPIO_output   ecgpio.o
    0x08000be0   0x08000be0   0x00000022   Code   RO          109    .text.GPIO_pudr     ecgpio.o
    0x08000c02   0x08000c02   0x00000002   PAD
    0x08000c04   0x08000c04   0x00000020   Code   RO          101    .text.GPIO_write    ecgpio.o
    0x08000c24   0x08000c24   0x0000004c   Code   RO          142    .text.PWM_duty      ecpwm.o
    0x08000c70   0x08000c70   0x000001c6   Code   RO          128    .text.PWM_init      ecpwm.o
    0x08000e36   0x08000e36   0x00000002   PAD
    0x08000e38   0x08000e38   0x0000000a   Code   RO          134    .text.PWM_period_us  ecpwm.o
    0x08000e42   0x08000e42   0x00000002   PAD
    0x08000e44   0x08000e44   0x00000106   Code   RO          130    .text.PWM_pinmap    ecpwm.o
    0x08000f4a   0x08000f4a   0x00000002   PAD
    0x08000f4c   0x08000f4c   0x00000012   Code   RO          156    .text.RCC_GPIOA_enable  ecrcc.o
    0x08000f5e   0x08000f5e   0x00000002   PAD
    0x08000f60   0x08000f60   0x00000012   Code   RO          158    .text.RCC_GPIOB_enable  ecrcc.o
    0x08000f72   0x08000f72   0x00000002   PAD
    0x08000f74   0x08000f74   0x00000012   Code   RO          160    .text.RCC_GPIOC_enable  ecrcc.o
    0x08000f86   0x08000f86   0x00000002   PAD
    0x08000f88   0x08000f88   0x000000de   Code   RO          154    .text.RCC_PLL_init  ecrcc.o
    0x08001066   0x08001066   0x00000002   PAD
    0x08001068   0x08001068   0x00000018   Code   RO          209    .text.SysTick_Handler  ecsystick.o
    0x08001080   0x08001080   0x0000003e   Code   RO          191    .text.SysTick_init  ecsystick.o
    0x080010be   0x080010be   0x00000002   PAD
    0x080010c0   0x080010c0   0x0000001a   Code   RO          303    .text.SystemInit    system_stm32f4xx.o
    0x080010da   0x080010da   0x00000002   PAD
    0x080010dc   0x080010dc   0x0000003c   Code   RO            8    .text.TIM2_IRQHandler  test2_q1_main.o
    0x08001118   0x08001118   0x0000005c   Code   RO            6    .text.TIM4_IRQHandler  test2_q1_main.o
    0x08001174   0x08001174   0x00000042   Code   RO           10    .text.TIM5_IRQHandler  test2_q1_main.o
    0x080011b6   0x080011b6   0x00000002   PAD
    0x080011b8   0x080011b8   0x0000000a   Code   RO          230    .text.TIM_INT_enable  ectim.o
    0x080011c2   0x080011c2   0x00000002   PAD
    0x080011c4   0x080011c4   0x00000098   Code   RO          224    .text.TIM_INT_init  ectim.o
    0x0800125c   0x0800125c   0x00000104   Code   RO          220    .text.TIM_init      ectim.o
    0x08001360   0x08001360   0x0000002e   Code   RO          222    .text.TIM_period_ms  ectim.o
    0x0800138e   0x0800138e   0x00000002   PAD
    0x08001390   0x08001390   0x00000020   Code   RO          238    .text.TIM_period_us  ectim.o
    0x080013b0   0x080013b0   0x00000080   Code   RO           16    .text.USART2_IRQHandler  test2_q1_main.o
    0x08001430   0x08001430   0x00000194   Code   RO          278    .text.USART_begin   ecuart.o
    0x080015c4   0x080015c4   0x0000000c   Code   RO          268    .text.USART_getc    ecuart.o
    0x080015d0   0x080015d0   0x0000005c   Code   RO          280    .text.USART_init    ecuart.o
    0x0800162c   0x0800162c   0x0000002c   Code   RO          264    .text.USART_write   ecuart.o
    0x08001658   0x08001658   0x00000010   Code   RO           48    .text.__NVIC_EnableIRQ  ecadc.o
    0x08001668   0x08001668   0x00000020   Code   RO           79    .text.__NVIC_EnableIRQ  ecexti.o
    0x08001688   0x08001688   0x00000020   Code   RO          226    .text.__NVIC_EnableIRQ  ectim.o
    0x080016a8   0x080016a8   0x00000020   Code   RO          274    .text.__NVIC_EnableIRQ  ecuart.o
    0x080016c8   0x080016c8   0x0000000e   Code   RO           46    .text.__NVIC_SetPriority  ecadc.o
    0x080016d6   0x080016d6   0x00000002   PAD
    0x080016d8   0x080016d8   0x00000010   Code   RO           77    .text.__NVIC_SetPriority  ecexti.o
    0x080016e8   0x080016e8   0x0000000e   Code   RO          193    .text.__NVIC_SetPriority  ecsystick.o
    0x080016f6   0x080016f6   0x00000002   PAD
    0x080016f8   0x080016f8   0x00000010   Code   RO          228    .text.__NVIC_SetPriority  ectim.o
    0x08001708   0x08001708   0x00000010   Code   RO          272    .text.__NVIC_SetPriority  ecuart.o
    0x08001718   0x08001718   0x00000012   Code   RO           62    .text.clear_ADC_OVR  ecadc.o
    0x0800172a   0x0800172a   0x00000002   PAD
    0x0800172c   0x0800172c   0x0000000a   Code   RO          236    .text.clear_UIF     ectim.o
    0x08001736   0x08001736   0x00000002   PAD
    0x08001738   0x08001738   0x00000016   Code   RO           87    .text.clear_pending_EXTI  ecexti.o
    0x0800174e   0x0800174e   0x00000002   PAD
    0x08001750   0x08001750   0x00000022   Code   RO          262    .text.fputc         ecuart.o
    0x08001772   0x08001772   0x00000002   PAD
    0x08001774   0x08001774   0x00000010   Code   RO           58    .text.is_ADC_EOC    ecadc.o
    0x08001784   0x08001784   0x00000010   Code   RO           60    .text.is_ADC_OVR    ecadc.o
    0x08001794   0x08001794   0x00000008   Code   RO          234    .text.is_UIF        ectim.o
    0x0800179c   0x0800179c   0x00000008   Code   RO          282    .text.is_USART_RXNE  ecuart.o
    0x080017a4   0x080017a4   0x00000014   Code   RO           85    .text.is_pending_EXTI  ecexti.o
    0x080017b8   0x080017b8   0x00000138   Code   RO            2    .text.main          test2_q1_main.o
    0x080018f0   0x080018f0   0x00000116   Code   RO            4    .text.setup         test2_q1_main.o
    0x08001a06   0x08001a06   0x0000001a   Code   RO          453    x$fpl$fpinit        fz_wm.l(fpinit.o)
    0x08001a20   0x08001a20   0x00000020   Data   RO          528    Region$$Table       anon$$obj.o


    Execution Region RW_IRAM1 (Exec base: 0x20000000, Load base: 0x08001a40, Size: 0x000006a8, Max: 0x00020000, ABSOLUTE)

    Exec Addr    Load Addr    Size         Type   Attr      Idx    E Section Name        Object

    0x20000000   0x08001a40   0x00000003   Data   RW           18    .data.Buf           test2_q1_main.o
    0x20000003   0x08001a43   0x00000003   Data   RW           32    .data.DATA          test2_q1_main.o
    0x20000006   0x08001a46   0x00000002   PAD
    0x20000008   0x08001a48   0x00000004   Data   RW          162    .data.EC_SYSCLK     ecrcc.o
    0x2000000c   0x08001a4c   0x00000004   Data   RW           30    .data.IR_thres      test2_q1_main.o
    0x20000010   0x08001a50   0x00000001   Data   RW           19    .data.LED_BL_Flag   test2_q1_main.o
    0x20000011   0x08001a51   0x00000003   PAD
    0x20000014   0x08001a54   0x00000004   Data   RW           27    .data.seqCHn        test2_q1_main.o
    0x20000018        -       0x00000060   Zero   RW          395    .bss                c_w.l(libspace.o)
    0x20000078        -       0x00000010   Zero   RW           23    .bss.FinalPWM       test2_q1_main.o
    0x20000088        -       0x00000004   Zero   RW           26    .bss.IR_VAL         test2_q1_main.o
    0x2000008c        -       0x00000001   Zero   RW           20    .bss.LED_Blink      test2_q1_main.o
    0x2000008d        -       0x00000001   Zero   RW           21    .bss.LED_ON_Flag    test2_q1_main.o
    0x2000008e        -       0x00000001   Zero   RW           29    .bss.LED_state      test2_q1_main.o
    0x2000008f   0x08001a58   0x00000001   PAD
    0x20000090        -       0x00000002   Zero   RW           28    .bss.TIM5_CNT       test2_q1_main.o
    0x20000092   0x08001a58   0x00000002   PAD
    0x20000094        -       0x00000004   Zero   RW          211    .bss.TimeDelay      ecsystick.o
    0x20000098        -       0x00000004   Zero   RW          284    .bss.__stdout       ecuart.o
    0x2000009c        -       0x00000004   Zero   RW           33    .bss.idx            test2_q1_main.o
    0x200000a0        -       0x00000001   Zero   RW           31    .bss.pcData         test2_q1_main.o
    0x200000a1   0x08001a58   0x00000001   PAD
    0x200000a2        -       0x00000002   Zero   RW           24    .bss.runFlag        test2_q1_main.o
    0x200000a4        -       0x00000002   Zero   RW           25    .bss.sec_2_Flag     test2_q1_main.o
    0x200000a6        -       0x00000002   Zero   RW           22    .bss.stopFlag       test2_q1_main.o
    0x200000a8        -       0x00000200   Zero   RW          294    HEAP                startup_stm32f411xe.o
    0x200002a8        -       0x00000400   Zero   RW          293    STACK               startup_stm32f411xe.o


==============================================================================

Image component sizes


      Code (inc. data)   RO Data    RW Data    ZI Data      Debug   Object Name

       934         32          0          0          0       7576   ecadc.o
       540         14          0          0          0       6031   ecexti.o
       280          0          0          0          0       3559   ecgpio.o
       802         36          0          0          0       5439   ecpwm.o
       276          0          0          4          0       2131   ecrcc.o
       100          0          0          0          4       4532   ecsystick.o
       566          0          0          0          0       9227   ectim.o
       642          8          0          0          4       7706   ecuart.o
        64         26        408          0       1536        896   startup_stm32f411xe.o
        26          0          0          0          0       2833   system_stm32f4xx.o
      1122         40          0         15         36       3754   test2_q1_main.o

    ----------------------------------------------------------------------
      5402        156        440         24       1584      53684   Object Totals
         0          0         32          0          0          0   (incl. Generated)
        50          0          0          5          4          0   (incl. Padding)

    ----------------------------------------------------------------------

      Code (inc. data)   RO Data    RW Data    ZI Data      Debug   Library Member Name

         8          0          0          0          0         68   __main.o
       104          0          0          0          0         84   __printf.o
         0          0          0          0          0          0   __rtentry.o
        12          0          0          0          0          0   __rtentry2.o
         6          0          0          0          0          0   __rtentry4.o
        52          8          0          0          0          0   __scatter.o
        26          0          0          0          0          0   __scatter_copy.o
        28          0          0          0          0          0   __scatter_zi.o
        48          6          0          0          0         96   _printf_char_common.o
        36          4          0          0          0         80   _printf_char_file.o
         6          0          0          0          0          0   _printf_d.o
       120         16          0          0          0         92   _printf_dec.o
       178          0          0          0          0         88   _printf_intcommon.o
         0          0          0          0          0          0   _printf_percent.o
         4          0          0          0          0          0   _printf_percent_end.o
        18          0          0          0          0         80   exit.o
         8          0          0          0          0         68   ferror.o
         6          0          0          0          0        152   heapauxi.o
         0          0          0          0          0          0   indicate_semi.o
         2          0          0          0          0          0   libinit.o
         6          0          0          0          0          0   libinit2.o
         2          0          0          0          0          0   libshutdown.o
         2          0          0          0          0          0   libshutdown2.o
         8          4          0          0         96         68   libspace.o
        24          4          0          0          0         84   noretval__2printf.o
        44          4          0          0          0         84   puts.o
         2          0          0          0          0          0   rtexit.o
        10          0          0          0          0          0   rtexit2.o
        12          4          0          0          0         68   sys_exit.o
        74          0          0          0          0         80   sys_stackheap_outer.o
         2          0          0          0          0         68   use_no_semi.o
        26          0          0          0          0        116   fpinit.o

    ----------------------------------------------------------------------
       878         50          0          0         96       1376   Library Totals
         4          0          0          0          0          0   (incl. Padding)

    ----------------------------------------------------------------------

      Code (inc. data)   RO Data    RW Data    ZI Data      Debug   Library Name

       848         50          0          0         96       1260   c_w.l
        26          0          0          0          0        116   fz_wm.l

    ----------------------------------------------------------------------
       878         50          0          0         96       1376   Library Totals

    ----------------------------------------------------------------------

==============================================================================


      Code (inc. data)   RO Data    RW Data    ZI Data      Debug   

      6280        206        440         24       1680      54308   Grand Totals
      6280        206        440         24       1680      54308   ELF Image Totals
      6280        206        440         24          0          0   ROM Totals

==============================================================================

    Total RO  Size (Code + RO Data)                 6720 (   6.56kB)
    Total RW  Size (RW Data + ZI Data)              1704 (   1.66kB)
    Total ROM Size (Code + RO Data + RW Data)       6744 (   6.59kB)

==============================================================================

