Component: ARM Compiler 6.16 Tool: armlink [5dfeaa00]

==============================================================================

Section Cross References

    ec_gpio_api.o(.text.__cxx_global_var_init) refers to ec_gpio_api.o(.bss.button) for button
    ec_gpio_api.o(.text.__cxx_global_var_init) refers to ec_gpio_api.o(.text._ZN12EC_DigitalInC2EP12GPIO_TypeDefi) for EC_DigitalIn::EC_DigitalIn__sub_object(GPIO_TypeDef*, int)
    ec_gpio_api.o(.text.__cxx_global_var_init) refers to ec_gpio_api.o(.text._ZN12EC_DigitalInD2Ev) for EC_DigitalIn::~EC_DigitalIn__sub_object()
    ec_gpio_api.o(.text.__cxx_global_var_init) refers to cxa_atexit.o(.text) for __cxa_atexit
    ec_gpio_api.o(.ARM.exidx.text.__cxx_global_var_init) refers to ec_gpio_api.o(.text.__cxx_global_var_init) for [Anonymous Symbol]
    ec_gpio_api.o(.text.__cxx_global_var_init.1) refers to ec_gpio_api.o(.bss.led) for led
    ec_gpio_api.o(.text.__cxx_global_var_init.1) refers to ec_gpio_api_1.o(.text._ZN13EC_DigitalOutC2EP12GPIO_TypeDefi) for EC_DigitalOut::EC_DigitalOut(GPIO_TypeDef*, int)
    ec_gpio_api.o(.text.__cxx_global_var_init.1) refers to ec_gpio_api.o(.text._ZN13EC_DigitalOutD2Ev) for EC_DigitalOut::~EC_DigitalOut__sub_object()
    ec_gpio_api.o(.text.__cxx_global_var_init.1) refers to cxa_atexit.o(.text) for __cxa_atexit
    ec_gpio_api.o(.ARM.exidx.text.__cxx_global_var_init.1) refers to ec_gpio_api.o(.text.__cxx_global_var_init.1) for [Anonymous Symbol]
    ec_gpio_api.o(.text.main) refers to ec_gpio_api.o(.bss.button) for button
    ec_gpio_api.o(.text.main) refers to ec_gpio_api.o(.bss.led) for led
    ec_gpio_api.o(.text.main) refers to ec_gpio_api.o(.text._ZN12EC_DigitalIncviEv) for EC_DigitalIn::operator int()
    ec_gpio_api.o(.text.main) refers to ec_gpio_api_1.o(.text._ZN13EC_DigitalOut5writeEi) for EC_DigitalOut::write(int)
    ec_gpio_api.o(.ARM.exidx.text.main) refers to ec_gpio_api.o(.text.main) for [Anonymous Symbol]
    ec_gpio_api.o(.text._GLOBAL__sub_I_EC_GPIO_API.cpp) refers to ec_gpio_api.o(.text.__cxx_global_var_init) for __cxx_global_var_init
    ec_gpio_api.o(.text._GLOBAL__sub_I_EC_GPIO_API.cpp) refers to ec_gpio_api.o(.text.__cxx_global_var_init.1) for __cxx_global_var_init.1
    ec_gpio_api.o(.ARM.exidx.text._GLOBAL__sub_I_EC_GPIO_API.cpp) refers to ec_gpio_api.o(.text._GLOBAL__sub_I_EC_GPIO_API.cpp) for [Anonymous Symbol]
    ec_gpio_api.o(.init_array) refers to ec_gpio_api.o(.text._GLOBAL__sub_I_EC_GPIO_API.cpp) for _GLOBAL__sub_I_EC_GPIO_API.cpp
    ecgpio.o(.text.GPIO_init) refers to ecrcc.o(.text.RCC_GPIOA_enable) for RCC_GPIOA_enable
    ecgpio.o(.text.GPIO_init) refers to ecrcc.o(.text.RCC_GPIOC_enable) for RCC_GPIOC_enable
    ecgpio.o(.text.GPIO_init) refers to ecrcc.o(.text.RCC_GPIOB_enable) for RCC_GPIOB_enable
    ecgpio.o(.text.GPIO_init) refers to ecgpio.o(.text.GPIO_mode) for GPIO_mode
    ecgpio.o(.ARM.exidx.text.GPIO_init) refers to ecgpio.o(.text.GPIO_init) for [Anonymous Symbol]
    ecgpio.o(.ARM.exidx.text.GPIO_mode) refers to ecgpio.o(.text.GPIO_mode) for [Anonymous Symbol]
    ecgpio.o(.ARM.exidx.text.GPIO_write) refers to ecgpio.o(.text.GPIO_write) for [Anonymous Symbol]
    ecgpio.o(.ARM.exidx.text.GPIO_read) refers to ecgpio.o(.text.GPIO_read) for [Anonymous Symbol]
    ecgpio.o(.ARM.exidx.text.GPIO_ospeed) refers to ecgpio.o(.text.GPIO_ospeed) for [Anonymous Symbol]
    ecgpio.o(.ARM.exidx.text.GPIO_otype) refers to ecgpio.o(.text.GPIO_otype) for [Anonymous Symbol]
    ecgpio.o(.ARM.exidx.text.GPIO_pudr) refers to ecgpio.o(.text.GPIO_pudr) for [Anonymous Symbol]
    ecgpio.o(.ARM.exidx.text.GPIO_output) refers to ecgpio.o(.text.GPIO_output) for [Anonymous Symbol]
    ecrcc.o(.text.RCC_HSI_init) refers to ecrcc.o(.data.EC_SYSCLK) for EC_SYSCLK
    ecrcc.o(.ARM.exidx.text.RCC_HSI_init) refers to ecrcc.o(.text.RCC_HSI_init) for [Anonymous Symbol]
    ecrcc.o(.text.RCC_PLL_init) refers to ecrcc.o(.data.EC_SYSCLK) for EC_SYSCLK
    ecrcc.o(.ARM.exidx.text.RCC_PLL_init) refers to ecrcc.o(.text.RCC_PLL_init) for [Anonymous Symbol]
    ecrcc.o(.text.RCC_GPIOA_enable) refers to ecrcc.o(.text.RCC_HSI_init) for RCC_HSI_init
    ecrcc.o(.ARM.exidx.text.RCC_GPIOA_enable) refers to ecrcc.o(.text.RCC_GPIOA_enable) for [Anonymous Symbol]
    ecrcc.o(.text.RCC_GPIOB_enable) refers to ecrcc.o(.text.RCC_HSI_init) for RCC_HSI_init
    ecrcc.o(.ARM.exidx.text.RCC_GPIOB_enable) refers to ecrcc.o(.text.RCC_GPIOB_enable) for [Anonymous Symbol]
    ecrcc.o(.text.RCC_GPIOC_enable) refers to ecrcc.o(.text.RCC_HSI_init) for RCC_HSI_init
    ecrcc.o(.ARM.exidx.text.RCC_GPIOC_enable) refers to ecrcc.o(.text.RCC_GPIOC_enable) for [Anonymous Symbol]
    ec_gpio_api_1.o(.text._ZN13EC_DigitalOutC2EP12GPIO_TypeDefi) refers to ecgpio.o(.text.GPIO_init) for GPIO_init
    ec_gpio_api_1.o(.ARM.exidx.text._ZN13EC_DigitalOutC2EP12GPIO_TypeDefi) refers to ec_gpio_api_1.o(.text._ZN13EC_DigitalOutC2EP12GPIO_TypeDefi) for [Anonymous Symbol]
[...]
    heap2_threads.o(i.realloc$realtime$concurrent) refers to rt_heap_descriptor_intlibspace.o(.text) for __rt_heap_descriptor
    heap2_threads.o(i.realloc$realtime$concurrent) refers to fdtree.o(i._FDTree_Insert) for _FDTree_Insert
    heap2_threads.o(i.realloc$realtime$concurrent) refers to h1_free.o(.text) for free
    heap2_threads.o(i.realloc$realtime$concurrent) refers to h1_alloc.o(.text) for malloc
    heap2_threads.o(i.realloc$realtime$concurrent) refers to fdtree.o(i._FDTree_Delete) for _FDTree_Delete
    heap2_threads.o(i.realloc$realtime$concurrent) refers to rt_memcpy_w.o(.text) for __aeabi_memcpy4
    abort.o(.text) refers to defsig_abrt_outer.o(.text) for __rt_SIGABRT
    abort.o(.text) refers (Weak) to libshutdown.o(.ARM.Collect$$libshutdown$$00000000) for __rt_lib_shutdown
    abort.o(.text) refers to sys_exit.o(.text) for _sys_exit
    atexit_aeabi.o(.text) refers to aeabi_atexit.o(.text) for __aeabi_atexit
    atexit_aeabi.o(.ARM.exidx) refers to atexit_aeabi.o(.text) for .text
    aeabi_atexit.o(.text) refers (Special) to cxa_finalize.o(.text) for __cxa_finalize
    aeabi_atexit.o(.text) refers to h1_alloc.o(.text) for malloc
    aeabi_atexit.o(.text) refers to rt_ddtor_pointer_addr_intlibspace.o(.text) for __rt_ddtor_pointer_addr
    aeabi_atexit.o(.ARM.exidx) refers (Special) to cxa_finalize.o(.text) for __cxa_finalize
    aeabi_atexit.o(.ARM.exidx) refers to aeabi_atexit.o(.text) for .text
    libinit2.o(.ARM.Collect$$libinit$$00000001) refers to fpinit.o(x$fpl$fpinit) for _fp_init
    libinit2.o(.ARM.Collect$$libinit$$00000005) refers (Weak) to init_alloc.o(.text) for _init_alloc
    libinit2.o(.ARM.Collect$$libinit$$00000010) refers to libinit2.o(.ARM.Collect$$libinit$$0000000F) for .ARM.Collect$$libinit$$0000000F
    libinit2.o(.ARM.Collect$$libinit$$00000012) refers to libinit2.o(.ARM.Collect$$libinit$$0000000F) for .ARM.Collect$$libinit$$0000000F
    libinit2.o(.ARM.Collect$$libinit$$00000014) refers to libinit2.o(.ARM.Collect$$libinit$$0000000F) for .ARM.Collect$$libinit$$0000000F
    libinit2.o(.ARM.Collect$$libinit$$00000016) refers to libinit2.o(.ARM.Collect$$libinit$$0000000F) for .ARM.Collect$$libinit$$0000000F
    libinit2.o(.ARM.Collect$$libinit$$00000018) refers to libinit2.o(.ARM.Collect$$libinit$$0000000F) for .ARM.Collect$$libinit$$0000000F
    libinit2.o(.ARM.Collect$$libinit$$00000026) refers to argv_veneer.o(.emb_text) for __ARM_argv_veneer
    libinit2.o(.ARM.Collect$$libinit$$00000027) refers to argv_veneer.o(.emb_text) for __ARM_argv_veneer
    libinit2.o(.ARM.Collect$$libinit$$00000031) refers (Weak) to init_aeabi.o(.text) for __cpp_initialize__aeabi_
    cxa_handlers.cpp.o(.text._ZSt14get_unexpectedv) refers to cxa_default_handlers.cpp.o(.data.__cxa_unexpected_handler) for __cxa_unexpected_handler
    cxa_handlers.cpp.o(.ARM.exidx.text._ZSt14get_unexpectedv) refers to cxa_handlers.cpp.o(.text._ZSt14get_unexpectedv) for [Anonymous Symbol]
    cxa_handlers.cpp.o(.text._ZSt12__unexpectedPFvvE) refers to abort_message.cpp.o(.text.abort_message) for abort_message
    cxa_handlers.cpp.o(.ARM.exidx.text._ZSt12__unexpectedPFvvE) refers to cxa_handlers.cpp.o(.text._ZSt12__unexpectedPFvvE) for [Anonymous Symbol]
    cxa_handlers.cpp.o(.text._ZSt10unexpectedv) refers to cxa_default_handlers.cpp.o(.data.__cxa_unexpected_handler) for __cxa_unexpected_handler
    cxa_handlers.cpp.o(.text._ZSt10unexpectedv) refers to cxa_handlers.cpp.o(.text._ZSt12__unexpectedPFvvE) for std::__unexpected(void (*)())
    cxa_handlers.cpp.o(.ARM.exidx.text._ZSt10unexpectedv) refers to cxa_handlers.cpp.o(.text._ZSt10unexpectedv) for [Anonymous Symbol]
    cxa_handlers.cpp.o(.text._ZSt13get_terminatev) refers to cxa_default_handlers.cpp.o(.data.__cxa_terminate_handler) for __cxa_terminate_handler
    cxa_handlers.cpp.o(.ARM.exidx.text._ZSt13get_terminatev) refers to cxa_handlers.cpp.o(.text._ZSt13get_terminatev) for [Anonymous Symbol]
    cxa_handlers.cpp.o(.text._ZSt11__terminatePFvvE) refers to abort_message.cpp.o(.text.abort_message) for abort_message
    cxa_handlers.cpp.o(.ARM.exidx.text._ZSt11__terminatePFvvE) refers to cxa_handlers.cpp.o(.text._ZSt11__terminatePFvvE) for [Anonymous Symbol]
    cxa_handlers.cpp.o(.text._ZSt9terminatev) refers to cxa_default_handlers.cpp.o(.data.__cxa_terminate_handler) for __cxa_terminate_handler
    cxa_handlers.cpp.o(.text._ZSt9terminatev) refers to cxa_handlers.cpp.o(.text._ZSt11__terminatePFvvE) for std::__terminate(void (*)())
    cxa_handlers.cpp.o(.ARM.exidx.text._ZSt9terminatev) refers to cxa_handlers.cpp.o(.text._ZSt9terminatev) for [Anonymous Symbol]
    cxa_handlers.cpp.o(.text._ZSt15set_new_handlerPFvvE) refers to cxa_handlers.cpp.o(.bss.__cxa_new_handler) for __cxa_new_handler
    cxa_handlers.cpp.o(.ARM.exidx.text._ZSt15set_new_handlerPFvvE) refers to cxa_handlers.cpp.o(.text._ZSt15set_new_handlerPFvvE) for [Anonymous Symbol]
    cxa_handlers.cpp.o(.text._ZSt15get_new_handlerv) refers to cxa_handlers.cpp.o(.bss.__cxa_new_handler) for __cxa_new_handler
    cxa_handlers.cpp.o(.ARM.exidx.text._ZSt15get_new_handlerv) refers to cxa_handlers.cpp.o(.text._ZSt15get_new_handlerv) for [Anonymous Symbol]
    sys_exit.o(.text) refers (Special) to use_no_semi.o(.text) for __I$use$semihosting
    sys_exit.o(.text) refers (Special) to indicate_semi.o(.text) for __semihosting_library_function
    sys_exit_hlt.o(.text) refers (Special) to use_no_semi.o(.text) for __I$use$semihosting
    sys_exit_hlt.o(.text) refers (Special) to indicate_semi.o(.text) for __semihosting_library_function
    __rtentry2.o(.ARM.Collect$$rtentry$$00000008) refers to boardinit2.o(.text) for _platform_post_stackheap_init
    __rtentry2.o(.ARM.Collect$$rtentry$$0000000A) refers to libinit.o(.ARM.Collect$$libinit$$00000000) for __rt_lib_init
    __rtentry2.o(.ARM.Collect$$rtentry$$0000000B) refers to boardinit3.o(.text) for _platform_post_lib_init
    __rtentry2.o(.ARM.Collect$$rtentry$$0000000D) refers to ec_gpio_api.o(.text.main) for main
    __rtentry2.o(.ARM.Collect$$rtentry$$0000000D) refers to exit.o(.text) for exit
    __rtentry2.o(.ARM.exidx) refers to __rtentry2.o(.ARM.Collect$$rtentry$$00000001) for .ARM.Collect$$rtentry$$00000001
    __rtentry2.o(.ARM.exidx) refers to __rtentry2.o(.ARM.Collect$$rtentry$$00000008) for .ARM.Collect$$rtentry$$00000008
    __rtentry2.o(.ARM.exidx) refers to __rtentry2.o(.ARM.Collect$$rtentry$$0000000A) for .ARM.Collect$$rtentry$$0000000A
    __rtentry2.o(.ARM.exidx) refers to __rtentry2.o(.ARM.Collect$$rtentry$$0000000B) for .ARM.Collect$$rtentry$$0000000B
    __rtentry2.o(.ARM.exidx) refers to __rtentry2.o(.ARM.Collect$$rtentry$$0000000D) for .ARM.Collect$$rtentry$$0000000D
    __rtentry4.o(.ARM.Collect$$rtentry$$00000004) refers to sys_stackheap_outer.o(.text) for __user_setup_stackheap
    __rtentry4.o(.ARM.exidx) refers to __rtentry4.o(.ARM.Collect$$rtentry$$00000004) for .ARM.Collect$$rtentry$$00000004
    rt_heap_descriptor.o(.text) refers to rt_heap_descriptor.o(.bss) for __rt_heap_descriptor_data
    rt_heap_descriptor_intlibspace.o(.text) refers to libspace.o(.bss) for __libspace_start
    rt_ddtor_pointer_addr.o(.text) refers to rt_ddtor_pointer_addr.o(.bss) for __rt_ddtor_pointer_addr_data
    rt_ddtor_pointer_addr_intlibspace.o(.text) refers to libspace.o(.bss) for __libspace_start
    init_alloc.o(.text) refers (Special) to hguard.o(.text) for __heap$guard
    init_alloc.o(.text) refers (Special) to libinit2.o(.ARM.Collect$$libinit$$00000005) for __rt_lib_init_heap_2
    init_alloc.o(.text) refers (Special) to maybetermalloc1.o(.text) for _maybe_terminate_alloc
    init_alloc.o(.text) refers to h1_extend.o(.text) for __Heap_ProvideMemory
    init_alloc.o(.text) refers to defsig_rtmem_outer.o(.text) for __rt_SIGRTMEM
    init_alloc.o(.text) refers to rt_heap_descriptor_intlibspace.o(.text) for __rt_heap_descriptor
    init_alloc.o(.text) refers to h1_init.o(.text) for __Heap_Initialize
    h1_init_threads.o(.text) refers to mutex_dummy.o(.text) for _mutex_initialize
    cxa_finalize.o(.text) refers (Special) to libshutdown2.o(.ARM.Collect$$libshutdown$$00000001) for __rt_lib_shutdown_cpp_2
    cxa_finalize.o(.text) refers to rt_ddtor_pointer_addr_intlibspace.o(.text) for __rt_ddtor_pointer_addr
    cxa_finalize.o(.text) refers to h1_free.o(.text) for free
    cxa_finalize.o(.ARM.exidx) refers (Special) to libshutdown2.o(.ARM.Collect$$libshutdown$$00000001) for __rt_lib_shutdown_cpp_2
    cxa_finalize.o(.ARM.exidx) refers to cxa_finalize.o(.text) for .text
    defsig_abrt_outer.o(.text) refers to defsig_abrt_inner.o(.text) for __rt_SIGABRT_inner
    defsig_abrt_outer.o(.text) refers to defsig_exit.o(.text) for __sig_exit
    defsig_abrt_formal.o(.text) refers to rt_raise.o(.text) for __rt_raise
    _get_argv.o(.text) refers (Special) to hrguard.o(.text) for __heap_region$guard
    _get_argv.o(.text) refers to h1_alloc.o(.text) for malloc
    _get_argv.o(.text) refers to defsig_rtmem_outer.o(.text) for __rt_SIGRTMEM
    _get_argv.o(.text) refers to sys_command.o(.text) for _sys_command_string
    argv_veneer.o(.emb_text) refers to no_argv.o(.text) for __ARM_get_argv
    cxa_default_handlers.cpp.o(.text._ZSt14set_unexpectedPFvvE) refers to cxa_default_handlers.cpp.o(.data.__cxa_unexpected_handler) for __cxa_unexpected_handler
    cxa_default_handlers.cpp.o(.text._ZSt14set_unexpectedPFvvE) refers to cxa_handlers.cpp.o(.text._ZSt9terminatev) for std::terminate()
    cxa_default_handlers.cpp.o(.ARM.exidx.text._ZSt14set_unexpectedPFvvE) refers to cxa_default_handlers.cpp.o(.text._ZSt14set_unexpectedPFvvE) for [Anonymous Symbol]
    cxa_default_handlers.cpp.o(.text._ZSt13set_terminatePFvvE) refers to cxa_default_handlers.cpp.o(.data.__cxa_terminate_handler) for __cxa_terminate_handler
    cxa_default_handlers.cpp.o(.text._ZSt13set_terminatePFvvE) refers to abort.o(.text) for abort
    cxa_default_handlers.cpp.o(.ARM.exidx.text._ZSt13set_terminatePFvvE) refers to cxa_default_handlers.cpp.o(.text._ZSt13set_terminatePFvvE) for [Anonymous Symbol]
    cxa_default_handlers.cpp.o(.data.__cxa_terminate_handler) refers to abort.o(.text) for abort
    cxa_default_handlers.cpp.o(.data.__cxa_unexpected_handler) refers to cxa_handlers.cpp.o(.text._ZSt9terminatev) for std::terminate()
    abort_message.cpp.o(.text.abort_message) refers to abort.o(.text) for abort
    abort_message.cpp.o(.ARM.exidx.text.abort_message) refers to abort_message.cpp.o(.text.abort_message) for [Anonymous Symbol]
    sys_command.o(.text) refers (Special) to use_no_semi.o(.text) for __I$use$semihosting
    sys_command.o(.text) refers (Special) to indicate_semi.o(.text) for __semihosting_library_function
    sys_command_hlt.o(.text) refers (Special) to use_no_semi.o(.text) for __I$use$semihosting
    sys_command_hlt.o(.text) refers (Special) to indicate_semi.o(.text) for __semihosting_library_function
    libspace.o(.text) refers to libspace.o(.bss) for __libspace_start
    sys_stackheap_outer.o(.text) refers to libspace.o(.text) for __user_perproc_libspace
    sys_stackheap_outer.o(.text) refers to startup_stm32f411xe.o(.text) for __user_initial_stackheap
    rt_raise.o(.text) refers to __raise.o(.text) for __raise
    rt_raise.o(.text) refers to sys_exit.o(.text) for _sys_exit
    maybetermalloc2.o(.text) refers (Special) to term_alloc.o(.text) for _terminate_alloc
    h1_extend.o(.text) refers to h1_free.o(.text) for free
    h1_extend_threads.o(.text) refers to h1_free_threads.o(.text) for free_internal$concurrent
    exit.o(.text) refers to rtexit.o(.ARM.Collect$$rtexit$$00000000) for __rt_exit
    defsig_exit.o(.text) refers to sys_exit.o(.text) for _sys_exit
    defsig_abrt_inner.o(.text) refers to defsig_general.o(.text) for __default_signal_display
    defsig_rtmem_outer.o(.text) refers to defsig_rtmem_inner.o(.text) for __rt_SIGRTMEM_inner
    defsig_rtmem_outer.o(.text) refers to defsig_exit.o(.text) for __sig_exit
    defsig_rtmem_formal.o(.text) refers to rt_raise.o(.text) for __rt_raise
    heapauxa.o(.text) refers to heapauxa.o(.data) for .data
    _get_argv_nomalloc.o(.text) refers (Special) to hrguard.o(.text) for __heap_region$guard
    _get_argv_nomalloc.o(.text) refers to defsig_rtmem_outer.o(.text) for __rt_SIGRTMEM
    _get_argv_nomalloc.o(.text) refers to sys_command.o(.text) for _sys_command_string
    libinit.o(.ARM.Collect$$libinit$$00000000) refers (Special) to libinit2.o(.ARM.Collect$$libinit$$0000002E) for __rt_lib_init_alloca_1
    libinit.o(.ARM.Collect$$libinit$$00000000) refers (Special) to libinit2.o(.ARM.Collect$$libinit$$0000002C) for __rt_lib_init_argv_1
    libinit.o(.ARM.Collect$$libinit$$00000000) refers (Special) to libinit2.o(.ARM.Collect$$libinit$$0000001B) for __rt_lib_init_atexit_1
    libinit.o(.ARM.Collect$$libinit$$00000000) refers (Special) to libinit2.o(.ARM.Collect$$libinit$$00000021) for __rt_lib_init_clock_1
    libinit.o(.ARM.Collect$$libinit$$00000000) refers (Special) to libinit2.o(.ARM.Collect$$libinit$$00000032) for __rt_lib_init_cpp_1
    libinit.o(.ARM.Collect$$libinit$$00000000) refers (Special) to libinit2.o(.ARM.Collect$$libinit$$00000030) for __rt_lib_init_exceptions_1
    libinit.o(.ARM.Collect$$libinit$$00000000) refers (Special) to libinit2.o(.ARM.Collect$$libinit$$00000001) for __rt_lib_init_fp_1
    libinit.o(.ARM.Collect$$libinit$$00000000) refers (Special) to libinit2.o(.ARM.Collect$$libinit$$0000001F) for __rt_lib_init_fp_trap_1
    libinit.o(.ARM.Collect$$libinit$$00000000) refers (Special) to libinit2.o(.ARM.Collect$$libinit$$00000023) for __rt_lib_init_getenv_1
    libinit.o(.ARM.Collect$$libinit$$00000000) refers (Special) to libinit2.o(.ARM.Collect$$libinit$$0000000A) for __rt_lib_init_heap_1
    libinit.o(.ARM.Collect$$libinit$$00000000) refers (Special) to libinit2.o(.ARM.Collect$$libinit$$00000011) for __rt_lib_init_lc_collate_1
    libinit.o(.ARM.Collect$$libinit$$00000000) refers (Special) to libinit2.o(.ARM.Collect$$libinit$$00000013) for __rt_lib_init_lc_ctype_1
    libinit.o(.ARM.Collect$$libinit$$00000000) refers (Special) to libinit2.o(.ARM.Collect$$libinit$$00000015) for __rt_lib_init_lc_monetary_1
    libinit.o(.ARM.Collect$$libinit$$00000000) refers (Special) to libinit2.o(.ARM.Collect$$libinit$$00000017) for __rt_lib_init_lc_numeric_1
    libinit.o(.ARM.Collect$$libinit$$00000000) refers (Special) to libinit2.o(.ARM.Collect$$libinit$$00000019) for __rt_lib_init_lc_time_1
    libinit.o(.ARM.Collect$$libinit$$00000000) refers (Special) to libinit2.o(.ARM.Collect$$libinit$$00000004) for __rt_lib_init_preinit_1
    libinit.o(.ARM.Collect$$libinit$$00000000) refers (Special) to libinit2.o(.ARM.Collect$$libinit$$0000000E) for __rt_lib_init_rand_1
    libinit.o(.ARM.Collect$$libinit$$00000000) refers (Special) to libinit2.o(.ARM.Collect$$libinit$$00000033) for __rt_lib_init_return
    libinit.o(.ARM.Collect$$libinit$$00000000) refers (Special) to libinit2.o(.ARM.Collect$$libinit$$0000001D) for __rt_lib_init_signal_1
    libinit.o(.ARM.Collect$$libinit$$00000000) refers (Special) to libinit2.o(.ARM.Collect$$libinit$$00000025) for __rt_lib_init_stdio_1
    libinit.o(.ARM.Collect$$libinit$$00000000) refers (Special) to libinit2.o(.ARM.Collect$$libinit$$0000000C) for __rt_lib_init_user_alloc_1
    libshutdown2.o(.ARM.Collect$$libshutdown$$00000001) refers (Weak) to cxa_finalize.o(.text) for __cxa_finalize
    libshutdown2.o(.ARM.Collect$$libshutdown$$0000000D) refers (Weak) to term_alloc.o(.text) for _terminate_alloc
    rtexit.o(.ARM.Collect$$rtexit$$00000000) refers (Special) to rtexit2.o(.ARM.Collect$$rtexit$$00000004) for __rt_exit_exit
    rtexit.o(.ARM.Collect$$rtexit$$00000000) refers (Special) to rtexit2.o(.ARM.Collect$$rtexit$$00000003) for __rt_exit_ls
    rtexit.o(.ARM.Collect$$rtexit$$00000000) refers (Special) to rtexit2.o(.ARM.Collect$$rtexit$$00000002) for __rt_exit_prels_1
    rtexit.o(.ARM.exidx) refers (Special) to rtexit2.o(.ARM.Collect$$rtexit$$00000004) for __rt_exit_exit
    rtexit.o(.ARM.exidx) refers (Special) to rtexit2.o(.ARM.Collect$$rtexit$$00000003) for __rt_exit_ls
    rtexit.o(.ARM.exidx) refers (Special) to rtexit2.o(.ARM.Collect$$rtexit$$00000002) for __rt_exit_prels_1
    rtexit.o(.ARM.exidx) refers to rtexit.o(.ARM.Collect$$rtexit$$00000000) for .ARM.Collect$$rtexit$$00000000
    term_alloc.o(.text) refers (Special) to libshutdown2.o(.ARM.Collect$$libshutdown$$0000000E) for __rt_lib_shutdown_heap_2
    term_alloc.o(.text) refers to rt_heap_descriptor_intlibspace.o(.text) for __rt_heap_descriptor
    term_alloc.o(.text) refers to h1_final.o(.text) for __Heap_Finalize
    __raise.o(.text) refers to defsig.o(CL$$defsig) for __default_signal_handler
    defsig_general.o(.text) refers to sys_wrch.o(.text) for _ttywrch
    defsig_rtmem_inner.o(.text) refers to defsig_general.o(.text) for __default_signal_display
    sys_wrch.o(.text) refers (Special) to use_no_semi.o(.text) for __I$use$semihosting
    sys_wrch.o(.text) refers (Special) to indicate_semi.o(.text) for __semihosting_library_function
    sys_wrch_hlt.o(.text) refers (Special) to use_no_semi.o(.text) for __I$use$semihosting
    sys_wrch_hlt.o(.text) refers (Special) to indicate_semi.o(.text) for __semihosting_library_function
    rtexit2.o(.ARM.Collect$$rtexit$$00000003) refers to libshutdown.o(.ARM.Collect$$libshutdown$$00000000) for __rt_lib_shutdown
    rtexit2.o(.ARM.Collect$$rtexit$$00000004) refers to sys_exit.o(.text) for _sys_exit
    rtexit2.o(.ARM.exidx) refers to rtexit2.o(.ARM.Collect$$rtexit$$00000001) for .ARM.Collect$$rtexit$$00000001
    rtexit2.o(.ARM.exidx) refers to rtexit2.o(.ARM.Collect$$rtexit$$00000003) for .ARM.Collect$$rtexit$$00000003
    rtexit2.o(.ARM.exidx) refers to rtexit2.o(.ARM.Collect$$rtexit$$00000004) for .ARM.Collect$$rtexit$$00000004
    defsig.o(CL$$defsig) refers to defsig_abrt_inner.o(.text) for __rt_SIGABRT_inner
    defsig.o(CL$$defsig) refers to defsig_rtmem_inner.o(.text) for __rt_SIGRTMEM_inner
    defsig_fpe_inner.o(.text) refers to defsig_general.o(.text) for __default_signal_display
    defsig_rtred_inner.o(.text) refers to defsig_general.o(.text) for __default_signal_display
    defsig_stak_inner.o(.text) refers to defsig_general.o(.text) for __default_signal_display
    defsig_pvfn_inner.o(.text) refers to defsig_general.o(.text) for __default_signal_display
    defsig_cppl_inner.o(.text) refers to defsig_general.o(.text) for __default_signal_display
    defsig_segv_inner.o(.text) refers to defsig_general.o(.text) for __default_signal_display
    defsig_other.o(.text) refers to defsig_general.o(.text) for __default_signal_display
    libshutdown.o(.ARM.Collect$$libshutdown$$00000000) refers (Special) to libshutdown2.o(.ARM.Collect$$libshutdown$$00000002) for __rt_lib_shutdown_cpp_1
    libshutdown.o(.ARM.Collect$$libshutdown$$00000000) refers (Special) to libshutdown2.o(.ARM.Collect$$libshutdown$$00000007) for __rt_lib_shutdown_fp_trap_1
    libshutdown.o(.ARM.Collect$$libshutdown$$00000000) refers (Special) to libshutdown2.o(.ARM.Collect$$libshutdown$$0000000F) for __rt_lib_shutdown_heap_1
    libshutdown.o(.ARM.Collect$$libshutdown$$00000000) refers (Special) to libshutdown2.o(.ARM.Collect$$libshutdown$$00000010) for __rt_lib_shutdown_return
    libshutdown.o(.ARM.Collect$$libshutdown$$00000000) refers (Special) to libshutdown2.o(.ARM.Collect$$libshutdown$$0000000A) for __rt_lib_shutdown_signal_1
    libshutdown.o(.ARM.Collect$$libshutdown$$00000000) refers (Special) to libshutdown2.o(.ARM.Collect$$libshutdown$$00000004) for __rt_lib_shutdown_stdio_1
    libshutdown.o(.ARM.Collect$$libshutdown$$00000000) refers (Special) to libshutdown2.o(.ARM.Collect$$libshutdown$$0000000C) for __rt_lib_shutdown_user_alloc_1
    ec_gpio_api.o(.text._ZN12EC_DigitalInC2EP12GPIO_TypeDefi) refers to ecgpio.o(.text.GPIO_init) for GPIO_init
    ec_gpio_api.o(.ARM.exidx.text._ZN12EC_DigitalInC2EP12GPIO_TypeDefi) refers to ec_gpio_api.o(.text._ZN12EC_DigitalInC2EP12GPIO_TypeDefi) for [Anonymous Symbol]
    ec_gpio_api.o(.text._ZN12EC_DigitalInD2Ev) refers to new.cpp.o(.text._ZdaPv) for operator delete[](void*)
    ec_gpio_api.o(.ARM.exidx.text._ZN12EC_DigitalInD2Ev) refers to ec_gpio_api.o(.text._ZN12EC_DigitalInD2Ev) for [Anonymous Symbol]
    ec_gpio_api.o(.text._ZN13EC_DigitalOutD2Ev) refers to new.cpp.o(.text._ZdaPv) for operator delete[](void*)
    ec_gpio_api.o(.ARM.exidx.text._ZN13EC_DigitalOutD2Ev) refers to ec_gpio_api.o(.text._ZN13EC_DigitalOutD2Ev) for [Anonymous Symbol]
    ec_gpio_api.o(.text._ZN12EC_DigitalIncviEv) refers to ec_gpio_api.o(.text._ZN12EC_DigitalIn4readEv) for EC_DigitalIn::read()
    ec_gpio_api.o(.ARM.exidx.text._ZN12EC_DigitalIncviEv) refers to ec_gpio_api.o(.text._ZN12EC_DigitalIncviEv) for [Anonymous Symbol]
    ec_gpio_api.o(.text._ZN12EC_DigitalIn4readEv) refers to ecgpio.o(.text.GPIO_read) for GPIO_read
    ec_gpio_api.o(.ARM.exidx.text._ZN12EC_DigitalIn4readEv) refers to ec_gpio_api.o(.text._ZN12EC_DigitalIn4readEv) for [Anonymous Symbol]


==============================================================================

Removing Unused input sections from the image.

    Removing ec_gpio_api.o(.text), (0 bytes).
    Removing ec_gpio_api.o(.ARM.exidx.text.__cxx_global_var_init), (8 bytes).
    Removing ec_gpio_api.o(.ARM.exidx.text.__cxx_global_var_init.1), (8 bytes).
    Removing ec_gpio_api.o(.ARM.exidx.text.main), (8 bytes).
    Removing ec_gpio_api.o(.ARM.exidx.text._GLOBAL__sub_I_EC_GPIO_API.cpp), (8 bytes).
    Removing ec_gpio_api.o(.ARM.use_no_argv), (4 bytes).
    Removing ecgpio.o(.text), (0 bytes).
    Removing ecgpio.o(.ARM.exidx.text.GPIO_init), (8 bytes).
    Removing ecgpio.o(.ARM.exidx.text.GPIO_mode), (8 bytes).
    Removing ecgpio.o(.ARM.exidx.text.GPIO_write), (8 bytes).
    Removing ecgpio.o(.ARM.exidx.text.GPIO_read), (8 bytes).
    Removing ecgpio.o(.text.GPIO_ospeed), (34 bytes).
    Removing ecgpio.o(.ARM.exidx.text.GPIO_ospeed), (8 bytes).
    Removing ecgpio.o(.text.GPIO_otype), (32 bytes).
    Removing ecgpio.o(.ARM.exidx.text.GPIO_otype), (8 bytes).
    Removing ecgpio.o(.text.GPIO_pudr), (34 bytes).
    Removing ecgpio.o(.ARM.exidx.text.GPIO_pudr), (8 bytes).
    Removing ecgpio.o(.text.GPIO_output), (76 bytes).
    Removing ecgpio.o(.ARM.exidx.text.GPIO_output), (8 bytes).
    Removing ecrcc.o(.text), (0 bytes).
    Removing ecrcc.o(.ARM.exidx.text.RCC_HSI_init), (8 bytes).
    Removing ecrcc.o(.text.RCC_PLL_init), (222 bytes).
    Removing ecrcc.o(.ARM.exidx.text.RCC_PLL_init), (8 bytes).
    Removing ecrcc.o(.ARM.exidx.text.RCC_GPIOA_enable), (8 bytes).
    Removing ecrcc.o(.ARM.exidx.text.RCC_GPIOB_enable), (8 bytes).
    Removing ecrcc.o(.ARM.exidx.text.RCC_GPIOC_enable), (8 bytes).
    Removing ec_gpio_api_1.o(.text), (0 bytes).
    Removing ec_gpio_api_1.o(.ARM.exidx.text._ZN13EC_DigitalOutC2EP12GPIO_TypeDefi), (8 bytes).
    Removing ec_gpio_api_1.o(.ARM.exidx.text._ZN13EC_DigitalOut5writeEi), (8 bytes).
    Removing ec_gpio_api_1.o(.text._ZN13EC_DigitalOut5pupdrEi), (20 bytes).
    Removing ec_gpio_api_1.o(.ARM.exidx.text._ZN13EC_DigitalOut5pupdrEi), (8 bytes).
    Removing ec_gpio_api_1.o(.text._ZN13EC_DigitalOut5otypeEi), (20 bytes).
    Removing ec_gpio_api_1.o(.ARM.exidx.text._ZN13EC_DigitalOut5otypeEi), (8 bytes).
    Removing ec_gpio_api_1.o(.text._ZN13EC_DigitalOut6ospeedEi), (20 bytes).
    Removing ec_gpio_api_1.o(.ARM.exidx.text._ZN13EC_DigitalOut6ospeedEi), (8 bytes).
    Removing system_stm32f4xx.o(.text), (0 bytes).
    Removing system_stm32f4xx.o(.ARM.exidx.text.SystemInit), (8 bytes).
    Removing system_stm32f4xx.o(.text.SystemCoreClockUpdate), (126 bytes).
    Removing system_stm32f4xx.o(.ARM.exidx.text.SystemCoreClockUpdate), (8 bytes).
    Removing system_stm32f4xx.o(.data.SystemCoreClock), (4 bytes).
    Removing system_stm32f4xx.o(.rodata.AHBPrescTable), (16 bytes).
    Removing system_stm32f4xx.o(.rodata.APBPrescTable), (8 bytes).
    Removing new.cpp.o(.text), (0 bytes).
    Removing new.cpp.o(.text._ZSt17__throw_bad_allocv), (4 bytes).
    Removing new.cpp.o(.ARM.exidx.text._ZSt17__throw_bad_allocv), (8 bytes).
    Removing new.cpp.o(.text._Znwj), (38 bytes).
    Removing new.cpp.o(.ARM.exidx.text._Znwj), (8 bytes).
    Removing new.cpp.o(.text._ZnwjRKSt9nothrow_t), (4 bytes).
    Removing new.cpp.o(.ARM.exidx.text._ZnwjRKSt9nothrow_t), (8 bytes).
    Removing new.cpp.o(.text._Znaj), (4 bytes).
    Removing new.cpp.o(.ARM.exidx.text._Znaj), (8 bytes).
    Removing new.cpp.o(.text._ZnajRKSt9nothrow_t), (4 bytes).
    Removing new.cpp.o(.ARM.exidx.text._ZnajRKSt9nothrow_t), (8 bytes).
    Removing new.cpp.o(.ARM.exidx.text._ZdlPv), (8 bytes).
    Removing new.cpp.o(.text._ZdlPvRKSt9nothrow_t), (4 bytes).
    Removing new.cpp.o(.ARM.exidx.text._ZdlPvRKSt9nothrow_t), (8 bytes).
    Removing new.cpp.o(.text._ZdlPvj), (4 bytes).
    Removing new.cpp.o(.ARM.exidx.text._ZdlPvj), (8 bytes).
    Removing new.cpp.o(.ARM.exidx.text._ZdaPv), (8 bytes).
    Removing new.cpp.o(.text._ZdaPvRKSt9nothrow_t), (4 bytes).
    Removing new.cpp.o(.ARM.exidx.text._ZdaPvRKSt9nothrow_t), (8 bytes).
    Removing new.cpp.o(.text._ZdaPvj), (4 bytes).
    Removing new.cpp.o(.ARM.exidx.text._ZdaPvj), (8 bytes).
    Removing new.cpp.o(.text._ZnwjSt11align_val_t), (74 bytes).
    Removing new.cpp.o(.ARM.exidx.text._ZnwjSt11align_val_t), (8 bytes).
    Removing new.cpp.o(.text._ZnwjSt11align_val_tRKSt9nothrow_t), (4 bytes).
    Removing new.cpp.o(.ARM.exidx.text._ZnwjSt11align_val_tRKSt9nothrow_t), (8 bytes).
    Removing new.cpp.o(.text._ZnajSt11align_val_t), (4 bytes).
    Removing new.cpp.o(.ARM.exidx.text._ZnajSt11align_val_t), (8 bytes).
    Removing new.cpp.o(.text._ZnajSt11align_val_tRKSt9nothrow_t), (4 bytes).
    Removing new.cpp.o(.ARM.exidx.text._ZnajSt11align_val_tRKSt9nothrow_t), (8 bytes).
    Removing new.cpp.o(.text._ZdlPvSt11align_val_t), (4 bytes).
    Removing new.cpp.o(.ARM.exidx.text._ZdlPvSt11align_val_t), (8 bytes).
    Removing new.cpp.o(.text._ZdlPvSt11align_val_tRKSt9nothrow_t), (4 bytes).
    Removing new.cpp.o(.ARM.exidx.text._ZdlPvSt11align_val_tRKSt9nothrow_t), (8 bytes).
    Removing new.cpp.o(.text._ZdlPvjSt11align_val_t), (6 bytes).
    Removing new.cpp.o(.ARM.exidx.text._ZdlPvjSt11align_val_t), (8 bytes).
    Removing new.cpp.o(.text._ZdaPvSt11align_val_t), (4 bytes).
    Removing new.cpp.o(.ARM.exidx.text._ZdaPvSt11align_val_t), (8 bytes).
    Removing new.cpp.o(.text._ZdaPvSt11align_val_tRKSt9nothrow_t), (4 bytes).
    Removing new.cpp.o(.ARM.exidx.text._ZdaPvSt11align_val_tRKSt9nothrow_t), (8 bytes).
    Removing new.cpp.o(.text._ZdaPvjSt11align_val_t), (6 bytes).
    Removing new.cpp.o(.ARM.exidx.text._ZdaPvjSt11align_val_t), (8 bytes).
    Removing new.cpp.o(.rodata._ZSt7nothrow), (1 bytes).
    Removing cxa_handlers.cpp.o(.text), (0 bytes).
    Removing cxa_handlers.cpp.o(.text._ZSt14get_unexpectedv), (12 bytes).
    Removing cxa_handlers.cpp.o(.ARM.exidx.text._ZSt14get_unexpectedv), (8 bytes).
    Removing cxa_handlers.cpp.o(.text._ZSt12__unexpectedPFvvE), (52 bytes).
    Removing cxa_handlers.cpp.o(.ARM.exidx.text._ZSt12__unexpectedPFvvE), (8 bytes).
    Removing cxa_handlers.cpp.o(.text._ZSt10unexpectedv), (14 bytes).
    Removing cxa_handlers.cpp.o(.ARM.exidx.text._ZSt10unexpectedv), (8 bytes).
    Removing cxa_handlers.cpp.o(.text._ZSt13get_terminatev), (12 bytes).
    Removing cxa_handlers.cpp.o(.ARM.exidx.text._ZSt13get_terminatev), (8 bytes).
    Removing cxa_handlers.cpp.o(.text._ZSt11__terminatePFvvE), (48 bytes).
    Removing cxa_handlers.cpp.o(.ARM.exidx.text._ZSt11__terminatePFvvE), (8 bytes).
    Removing cxa_handlers.cpp.o(.text._ZSt9terminatev), (14 bytes).
    Removing cxa_handlers.cpp.o(.ARM.exidx.text._ZSt9terminatev), (8 bytes).
    Removing cxa_handlers.cpp.o(.text._ZSt15set_new_handlerPFvvE), (18 bytes).
    Removing cxa_handlers.cpp.o(.ARM.exidx.text._ZSt15set_new_handlerPFvvE), (8 bytes).
    Removing cxa_handlers.cpp.o(.text._ZSt15get_new_handlerv), (12 bytes).
    Removing cxa_handlers.cpp.o(.ARM.exidx.text._ZSt15get_new_handlerv), (8 bytes).
    Removing cxa_handlers.cpp.o(.bss.__cxa_new_handler), (4 bytes).
    Removing cxa_default_handlers.cpp.o(.text), (0 bytes).
    Removing cxa_default_handlers.cpp.o(.text._ZSt14set_unexpectedPFvvE), (30 bytes).
    Removing cxa_default_handlers.cpp.o(.ARM.exidx.text._ZSt14set_unexpectedPFvvE), (8 bytes).
    Removing cxa_default_handlers.cpp.o(.text._ZSt13set_terminatePFvvE), (30 bytes).
    Removing cxa_default_handlers.cpp.o(.ARM.exidx.text._ZSt13set_terminatePFvvE), (8 bytes).
    Removing cxa_default_handlers.cpp.o(.data.__cxa_terminate_handler), (4 bytes).
    Removing cxa_default_handlers.cpp.o(.data.__cxa_unexpected_handler), (4 bytes).
    Removing abort_message.cpp.o(.text), (0 bytes).
    Removing abort_message.cpp.o(.text.abort_message), (4 bytes).
    Removing abort_message.cpp.o(.ARM.exidx.text.abort_message), (8 bytes).
    Removing ec_gpio_api.o(.ARM.exidx.text._ZN12EC_DigitalInC2EP12GPIO_TypeDefi), (8 bytes).
    Removing ec_gpio_api.o(.ARM.exidx.text._ZN12EC_DigitalInD2Ev), (8 bytes).
    Removing ec_gpio_api.o(.ARM.exidx.text._ZN13EC_DigitalOutD2Ev), (8 bytes).
    Removing ec_gpio_api.o(.ARM.exidx.text._ZN12EC_DigitalIncviEv), (8 bytes).
    Removing ec_gpio_api.o(.ARM.exidx.text._ZN12EC_DigitalIn4readEv), (8 bytes).

117 unused section(s) (total 1547 bytes) removed from the image.

==============================================================================

Image Symbol Table

    Local Symbols

    Symbol Name                              Value     Ov Type        Size  Object(Section)

    ../clib/angel/boardlib.s                 0x00000000   Number         0  boardinit1.o ABSOLUTE
    ../clib/angel/boardlib.s                 0x00000000   Number         0  boardinit2.o ABSOLUTE
    ../clib/angel/boardlib.s                 0x00000000   Number         0  boardinit3.o ABSOLUTE
    ../clib/angel/boardlib.s                 0x00000000   Number         0  boardshut.o ABSOLUTE
    ../clib/angel/handlers.s                 0x00000000   Number         0  __scatter_copy.o ABSOLUTE
    ../clib/angel/handlers.s                 0x00000000   Number         0  __scatter_zi.o ABSOLUTE
    ../clib/angel/kernel.s                   0x00000000   Number         0  __rtentry.o ABSOLUTE
    ../clib/angel/kernel.s                   0x00000000   Number         0  __rtentry2.o ABSOLUTE
    ../clib/angel/kernel.s                   0x00000000   Number         0  __rtentry4.o ABSOLUTE
    ../clib/angel/kernel.s                   0x00000000   Number         0  rtexit.o ABSOLUTE
    ../clib/angel/kernel.s                   0x00000000   Number         0  rtexit2.o ABSOLUTE
    ../clib/angel/rt.s                       0x00000000   Number         0  rt_heap_descriptor.o ABSOLUTE
    ../clib/angel/rt.s                       0x00000000   Number         0  rt_heap_descriptor_intlibspace.o ABSOLUTE
    ../clib/angel/rt.s                       0x00000000   Number         0  rt_ddtor_pointer_addr.o ABSOLUTE
    ../clib/angel/rt.s                       0x00000000   Number         0  rt_ddtor_pointer_addr_intlibspace.o ABSOLUTE
    ../clib/angel/rt.s                       0x00000000   Number         0  rt_raise.o ABSOLUTE
    ../clib/angel/scatter.s                  0x00000000   Number         0  __scatter.o ABSOLUTE
    ../clib/angel/startup.s                  0x00000000   Number         0  __main.o ABSOLUTE
    ../clib/angel/sys.s                      0x00000000   Number         0  mutex_dummy.o ABSOLUTE
    ../clib/angel/sys.s                      0x00000000   Number         0  libspace.o ABSOLUTE
    ../clib/angel/sys.s                      0x00000000   Number         0  use_no_semi.o ABSOLUTE
    ../clib/angel/sys.s                      0x00000000   Number         0  indicate_semi.o ABSOLUTE
    ../clib/angel/sys.s                      0x00000000   Number         0  sys_stackheap_outer.o ABSOLUTE
    ../clib/angel/sysapp.c                   0x00000000   Number         0  sys_exit.o ABSOLUTE
    ../clib/angel/sysapp.c                   0x00000000   Number         0  sys_exit_hlt.o ABSOLUTE
    ../clib/angel/sysapp.c                   0x00000000   Number         0  sys_command.o ABSOLUTE
    ../clib/angel/sysapp.c                   0x00000000   Number         0  sys_command_hlt.o ABSOLUTE
    ../clib/angel/sysapp.c                   0x00000000   Number         0  sys_wrch.o ABSOLUTE
    ../clib/angel/sysapp.c                   0x00000000   Number         0  sys_wrch_hlt.o ABSOLUTE
    ../clib/arm_runtime.c                    0x00000000   Number         0  init_aeabi.o ABSOLUTE
    ../clib/arm_runtime.c                    0x00000000   Number         0  init_aeabi.o ABSOLUTE
    ../clib/armsys.c                         0x00000000   Number         0  _get_argv.o ABSOLUTE
    ../clib/armsys.c                         0x00000000   Number         0  argv_veneer.o ABSOLUTE
    ../clib/armsys.c                         0x00000000   Number         0  argv_veneer.o ABSOLUTE
    ../clib/armsys.c                         0x00000000   Number         0  _get_argv_nomalloc.o ABSOLUTE
    ../clib/armsys.c                         0x00000000   Number         0  no_argv.o ABSOLUTE
    ../clib/heap1.c                          0x00000000   Number         0  h1_alloc.o ABSOLUTE
    ../clib/heap1.c                          0x00000000   Number         0  h1_free.o ABSOLUTE
    ../clib/heap1.c                          0x00000000   Number         0  h1_memalign.o ABSOLUTE
    ../clib/heap1.c                          0x00000000   Number         0  h1_alloc_threads.o ABSOLUTE
    ../clib/heap1.c                          0x00000000   Number         0  h1_free_threads.o ABSOLUTE
    ../clib/heap1.c                          0x00000000   Number         0  h1_memalign_threads.o ABSOLUTE
    ../clib/heap1.c                          0x00000000   Number         0  h1_init.o ABSOLUTE
    ../clib/heap1.c                          0x00000000   Number         0  h1_init_threads.o ABSOLUTE
    ../clib/heap1.c                          0x00000000   Number         0  h1_extend.o ABSOLUTE
    ../clib/heap1.c                          0x00000000   Number         0  h1_extend_threads.o ABSOLUTE
    ../clib/heap1.c                          0x00000000   Number         0  h1_final.o ABSOLUTE
    ../clib/heap1.c                          0x00000000   Number         0  h1_final_threads.o ABSOLUTE
    ../clib/heap2.c                          0x00000000   Number         0  heap2.o ABSOLUTE
    ../clib/heap2.c                          0x00000000   Number         0  heap2_threads.o ABSOLUTE
    ../clib/heap2.c                          0x00000000   Number         0  fdtree.o ABSOLUTE
    ../clib/heapalloc.c                      0x00000000   Number         0  malloc.o ABSOLUTE
    ../clib/heapalloc.c                      0x00000000   Number         0  free.o ABSOLUTE
    ../clib/heapalloc.c                      0x00000000   Number         0  hguard.o ABSOLUTE
    ../clib/heapalloc.c                      0x00000000   Number         0  init_alloc.o ABSOLUTE
    ../clib/heapalloc.c                      0x00000000   Number         0  heapstubs.o ABSOLUTE
    ../clib/heapalloc.c                      0x00000000   Number         0  hrguard.o ABSOLUTE
    ../clib/heapalloc.c                      0x00000000   Number         0  term_alloc.o ABSOLUTE
    ../clib/heapaux.c                        0x00000000   Number         0  heapauxi.o ABSOLUTE
    ../clib/heapaux.c                        0x00000000   Number         0  heapauxa.o ABSOLUTE
    ../clib/libinit.s                        0x00000000   Number         0  libinit2.o ABSOLUTE
    ../clib/libinit.s                        0x00000000   Number         0  libinit.o ABSOLUTE
    ../clib/libinit.s                        0x00000000   Number         0  libshutdown2.o ABSOLUTE
    ../clib/libinit.s                        0x00000000   Number         0  libshutdown.o ABSOLUTE
    ../clib/maybe.s                          0x00000000   Number         0  maybetermalloc1.o ABSOLUTE
    ../clib/maybe.s                          0x00000000   Number         0  maybetermalloc2.o ABSOLUTE
    ../clib/memcpset.s                       0x00000000   Number         0  rt_memcpy_w.o ABSOLUTE
    ../clib/r_arm_target.c                   0x00000000   Number         0  __ARM_resolve_target1.o ABSOLUTE
    ../clib/r_arm_target.c                   0x00000000   Number         0  __ARM_resolve_target1_abs32.o ABSOLUTE
    ../clib/signal.c                         0x00000000   Number         0  defsig_abrt_outer.o ABSOLUTE
    ../clib/signal.c                         0x00000000   Number         0  defsig_abrt_formal.o ABSOLUTE
    ../clib/signal.c                         0x00000000   Number         0  defsig_exit.o ABSOLUTE
    ../clib/signal.c                         0x00000000   Number         0  defsig_abrt_inner.o ABSOLUTE
    ../clib/signal.c                         0x00000000   Number         0  defsig_rtmem_outer.o ABSOLUTE
    ../clib/signal.c                         0x00000000   Number         0  defsig_rtmem_formal.o ABSOLUTE
    ../clib/signal.c                         0x00000000   Number         0  __raise.o ABSOLUTE
    ../clib/signal.c                         0x00000000   Number         0  defsig_general.o ABSOLUTE
    ../clib/signal.c                         0x00000000   Number         0  defsig_rtmem_inner.o ABSOLUTE
    ../clib/signal.c                         0x00000000   Number         0  defsig_fpe_inner.o ABSOLUTE
    ../clib/signal.c                         0x00000000   Number         0  defsig_rtred_inner.o ABSOLUTE
    ../clib/signal.c                         0x00000000   Number         0  defsig_stak_inner.o ABSOLUTE
    ../clib/signal.c                         0x00000000   Number         0  defsig_pvfn_inner.o ABSOLUTE
    ../clib/signal.c                         0x00000000   Number         0  defsig_cppl_inner.o ABSOLUTE
    ../clib/signal.c                         0x00000000   Number         0  defsig_segv_inner.o ABSOLUTE
    ../clib/signal.c                         0x00000000   Number         0  defsig_other.o ABSOLUTE
    ../clib/signal.s                         0x00000000   Number         0  defsig.o ABSOLUTE
    ../clib/stdlib.c                         0x00000000   Number         0  atexit_cxa.o ABSOLUTE
    ../clib/stdlib.c                         0x00000000   Number         0  cxa_atexit.o ABSOLUTE
    ../clib/stdlib.c                         0x00000000   Number         0  abort.o ABSOLUTE
    ../clib/stdlib.c                         0x00000000   Number         0  atexit_aeabi.o ABSOLUTE
    ../clib/stdlib.c                         0x00000000   Number         0  aeabi_atexit.o ABSOLUTE
    ../clib/stdlib.c                         0x00000000   Number         0  cxa_finalize.o ABSOLUTE
    ../clib/stdlib.c                         0x00000000   Number         0  exit.o ABSOLUTE
    ../fplib/fpinit.s                        0x00000000   Number         0  fpinit.o ABSOLUTE
    EC_GPIO_API.cpp                          0x00000000   Number         0  ec_gpio_api.o ABSOLUTE
    EC_GPIO_API.cpp                          0x00000000   Number         0  ec_gpio_api_1.o ABSOLUTE
    RTE/Device/STM32F411RETx/startup_stm32f411xe.s 0x00000000   Number         0  startup_stm32f411xe.o ABSOLUTE
    abort_message.cpp                        0x00000000   Number         0  abort_message.cpp.o ABSOLUTE
    cxa_default_handlers.cpp                 0x00000000   Number         0  cxa_default_handlers.cpp.o ABSOLUTE
    cxa_handlers.cpp                         0x00000000   Number         0  cxa_handlers.cpp.o ABSOLUTE
    dc.s                                     0x00000000   Number         0  dc.o ABSOLUTE
    ecGPIO.c                                 0x00000000   Number         0  ecgpio.o ABSOLUTE
    ecRCC.c                                  0x00000000   Number         0  ecrcc.o ABSOLUTE
    new.cpp                                  0x00000000   Number         0  new.cpp.o ABSOLUTE
    system_stm32f4xx.c                       0x00000000   Number         0  system_stm32f4xx.o ABSOLUTE
    RESET                                    0x08000000   Section      408  startup_stm32f411xe.o(RESET)
    !!!main                                  0x08000198   Section        8  __main.o(!!!main)
    !!!scatter                               0x080001a0   Section       52  __scatter.o(!!!scatter)
    !!handler_copy                           0x080001d4   Section       26  __scatter_copy.o(!!handler_copy)
    !!handler_zi                             0x080001f0   Section       28  __scatter_zi.o(!!handler_zi)
    .ARM.Collect$$libinit$$00000000          0x0800020c   Section        2  libinit.o(.ARM.Collect$$libinit$$00000000)
    .ARM.Collect$$libinit$$00000001          0x0800020e   Section        4  libinit2.o(.ARM.Collect$$libinit$$00000001)
    .ARM.Collect$$libinit$$00000004          0x08000212   Section        0  libinit2.o(.ARM.Collect$$libinit$$00000004)
    .ARM.Collect$$libinit$$00000005          0x08000212   Section        8  libinit2.o(.ARM.Collect$$libinit$$00000005)
    .ARM.Collect$$libinit$$0000000A          0x0800021a   Section        0  libinit2.o(.ARM.Collect$$libinit$$0000000A)
    .ARM.Collect$$libinit$$0000000C          0x0800021a   Section        0  libinit2.o(.ARM.Collect$$libinit$$0000000C)
    .ARM.Collect$$libinit$$0000000E          0x0800021a   Section        0  libinit2.o(.ARM.Collect$$libinit$$0000000E)
    .ARM.Collect$$libinit$$00000011          0x0800021a   Section        0  libinit2.o(.ARM.Collect$$libinit$$00000011)
    .ARM.Collect$$libinit$$00000013          0x0800021a   Section        0  libinit2.o(.ARM.Collect$$libinit$$00000013)
    .ARM.Collect$$libinit$$00000015          0x0800021a   Section        0  libinit2.o(.ARM.Collect$$libinit$$00000015)
    .ARM.Collect$$libinit$$00000017          0x0800021a   Section        0  libinit2.o(.ARM.Collect$$libinit$$00000017)
    .ARM.Collect$$libinit$$00000019          0x0800021a   Section        0  libinit2.o(.ARM.Collect$$libinit$$00000019)
    .ARM.Collect$$libinit$$0000001B          0x0800021a   Section        0  libinit2.o(.ARM.Collect$$libinit$$0000001B)
    .ARM.Collect$$libinit$$0000001D          0x0800021a   Section        0  libinit2.o(.ARM.Collect$$libinit$$0000001D)
    .ARM.Collect$$libinit$$0000001F          0x0800021a   Section        0  libinit2.o(.ARM.Collect$$libinit$$0000001F)
    .ARM.Collect$$libinit$$00000021          0x0800021a   Section        0  libinit2.o(.ARM.Collect$$libinit$$00000021)
    .ARM.Collect$$libinit$$00000023          0x0800021a   Section        0  libinit2.o(.ARM.Collect$$libinit$$00000023)
    .ARM.Collect$$libinit$$00000025          0x0800021a   Section        0  libinit2.o(.ARM.Collect$$libinit$$00000025)
    .ARM.Collect$$libinit$$0000002C          0x0800021a   Section        0  libinit2.o(.ARM.Collect$$libinit$$0000002C)
    .ARM.Collect$$libinit$$0000002E          0x0800021a   Section        0  libinit2.o(.ARM.Collect$$libinit$$0000002E)
    .ARM.Collect$$libinit$$00000030          0x0800021a   Section        0  libinit2.o(.ARM.Collect$$libinit$$00000030)
    .ARM.Collect$$libinit$$00000031          0x0800021a   Section        4  libinit2.o(.ARM.Collect$$libinit$$00000031)
    .ARM.Collect$$libinit$$00000032          0x0800021e   Section        0  libinit2.o(.ARM.Collect$$libinit$$00000032)
    .ARM.Collect$$libinit$$00000033          0x0800021e   Section        2  libinit2.o(.ARM.Collect$$libinit$$00000033)
    .ARM.Collect$$libshutdown$$00000000      0x08000220   Section        2  libshutdown.o(.ARM.Collect$$libshutdown$$00000000)
    .ARM.Collect$$libshutdown$$00000001      0x08000222   Section        6  libshutdown2.o(.ARM.Collect$$libshutdown$$00000001)
    .ARM.Collect$$libshutdown$$00000002      0x08000228   Section        0  libshutdown2.o(.ARM.Collect$$libshutdown$$00000002)
    .ARM.Collect$$libshutdown$$00000004      0x08000228   Section        0  libshutdown2.o(.ARM.Collect$$libshutdown$$00000004)
    .ARM.Collect$$libshutdown$$00000007      0x08000228   Section        0  libshutdown2.o(.ARM.Collect$$libshutdown$$00000007)
    .ARM.Collect$$libshutdown$$0000000A      0x08000228   Section        0  libshutdown2.o(.ARM.Collect$$libshutdown$$0000000A)
    .ARM.Collect$$libshutdown$$0000000C      0x08000228   Section        0  libshutdown2.o(.ARM.Collect$$libshutdown$$0000000C)
    .ARM.Collect$$libshutdown$$0000000F      0x08000228   Section        0  libshutdown2.o(.ARM.Collect$$libshutdown$$0000000F)
    .ARM.Collect$$libshutdown$$00000010      0x08000228   Section        2  libshutdown2.o(.ARM.Collect$$libshutdown$$00000010)
    .ARM.Collect$$rtentry$$00000000          0x0800022a   Section        0  __rtentry.o(.ARM.Collect$$rtentry$$00000000)
    .ARM.Collect$$rtentry$$00000002          0x0800022a   Section        0  __rtentry2.o(.ARM.Collect$$rtentry$$00000002)
    .ARM.Collect$$rtentry$$00000004          0x0800022a   Section        6  __rtentry4.o(.ARM.Collect$$rtentry$$00000004)
    .ARM.Collect$$rtentry$$00000009          0x08000230   Section        0  __rtentry2.o(.ARM.Collect$$rtentry$$00000009)
    .ARM.Collect$$rtentry$$0000000A          0x08000230   Section        4  __rtentry2.o(.ARM.Collect$$rtentry$$0000000A)
    .ARM.Collect$$rtentry$$0000000C          0x08000234   Section        0  __rtentry2.o(.ARM.Collect$$rtentry$$0000000C)
    .ARM.Collect$$rtentry$$0000000D          0x08000234   Section        8  __rtentry2.o(.ARM.Collect$$rtentry$$0000000D)
    .ARM.Collect$$rtexit$$00000000           0x0800023c   Section        2  rtexit.o(.ARM.Collect$$rtexit$$00000000)
    .ARM.Collect$$rtexit$$00000002           0x0800023e   Section        0  rtexit2.o(.ARM.Collect$$rtexit$$00000002)
    .ARM.Collect$$rtexit$$00000003           0x0800023e   Section        4  rtexit2.o(.ARM.Collect$$rtexit$$00000003)
    .ARM.Collect$$rtexit$$00000004           0x08000242   Section        6  rtexit2.o(.ARM.Collect$$rtexit$$00000004)
    $v0                                      0x08000248   Number         0  startup_stm32f411xe.o(.text)
    .text                                    0x08000248   Section       64  startup_stm32f411xe.o(.text)
    .text                                    0x08000288   Section        0  cxa_atexit.o(.text)
    .text                                    0x08000292   Section        0  heapauxi.o(.text)
    .text                                    0x08000298   Section        0  init_aeabi.o(.text)
    .text                                    0x080002bc   Section        0  h1_alloc.o(.text)
    .text                                    0x0800031a   Section        0  h1_free.o(.text)
    .text                                    0x08000368   Section        0  aeabi_atexit.o(.text)
    .text                                    0x08000398   Section        0  sys_exit.o(.text)
    .text                                    0x080003a4   Section        8  rt_heap_descriptor_intlibspace.o(.text)
    .text                                    0x080003ac   Section        8  rt_ddtor_pointer_addr_intlibspace.o(.text)
    .text                                    0x080003b4   Section        0  hguard.o(.text)
    .text                                    0x080003b8   Section        0  init_alloc.o(.text)
    .text                                    0x08000442   Section        0  h1_init.o(.text)
    .text                                    0x08000450   Section        0  cxa_finalize.o(.text)
    .text                                    0x08000494   Section        8  libspace.o(.text)
    .text                                    0x0800049c   Section        2  use_no_semi.o(.text)
    .text                                    0x0800049e   Section        0  indicate_semi.o(.text)
    .text                                    0x0800049e   Section       74  sys_stackheap_outer.o(.text)
    .text                                    0x080004e8   Section        0  maybetermalloc1.o(.text)
    .text                                    0x080004e8   Section        0  h1_extend.o(.text)
    .text                                    0x0800051c   Section        0  exit.o(.text)
    .text                                    0x0800052e   Section        0  defsig_exit.o(.text)
    .text                                    0x08000538   Section        0  defsig_rtmem_outer.o(.text)
    .text                                    0x08000546   Section        0  defsig_general.o(.text)
    .text                                    0x08000578   Section        0  defsig_rtmem_inner.o(.text)
    .text                                    0x080005c8   Section        0  sys_wrch.o(.text)
    [Anonymous Symbol]                       0x080005d8   Section        0  ecgpio.o(.text.GPIO_init)
    [Anonymous Symbol]                       0x08000620   Section        0  ecgpio.o(.text.GPIO_mode)
    [Anonymous Symbol]                       0x08000644   Section        0  ecgpio.o(.text.GPIO_read)
    [Anonymous Symbol]                       0x08000650   Section        0  ecgpio.o(.text.GPIO_write)
    [Anonymous Symbol]                       0x08000670   Section        0  ecrcc.o(.text.RCC_GPIOA_enable)
    [Anonymous Symbol]                       0x08000688   Section        0  ecrcc.o(.text.RCC_GPIOB_enable)
    [Anonymous Symbol]                       0x080006a0   Section        0  ecrcc.o(.text.RCC_GPIOC_enable)
    [Anonymous Symbol]                       0x080006b8   Section        0  ecrcc.o(.text.RCC_HSI_init)
    [Anonymous Symbol]                       0x080006fc   Section        0  system_stm32f4xx.o(.text.SystemInit)
    _GLOBAL__sub_I_EC_GPIO_API.cpp           0x08000719   Thumb Code    12  ec_gpio_api.o(.text._GLOBAL__sub_I_EC_GPIO_API.cpp)
    [Anonymous Symbol]                       0x08000718   Section        0  ec_gpio_api.o(.text._GLOBAL__sub_I_EC_GPIO_API.cpp)
    [Anonymous Symbol]                       0x08000724   Section        0  ec_gpio_api.o(.text._ZN12EC_DigitalIn4readEv)
    [Anonymous Symbol]                       0x08000734   Section        0  ec_gpio_api.o(.text._ZN12EC_DigitalInC2EP12GPIO_TypeDefi)
    [Anonymous Symbol]                       0x08000758   Section        0  ec_gpio_api.o(.text._ZN12EC_DigitalInD2Ev)
    [Anonymous Symbol]                       0x0800076c   Section        0  ec_gpio_api.o(.text._ZN12EC_DigitalIncviEv)
    [Anonymous Symbol]                       0x08000774   Section        0  ec_gpio_api_1.o(.text._ZN13EC_DigitalOut5writeEi)
    [Anonymous Symbol]                       0x08000788   Section        0  ec_gpio_api_1.o(.text._ZN13EC_DigitalOutC2EP12GPIO_TypeDefi)
    [Anonymous Symbol]                       0x080007ac   Section        0  ec_gpio_api.o(.text._ZN13EC_DigitalOutD2Ev)
    [Anonymous Symbol]                       0x080007be   Section        0  new.cpp.o(.text._ZdaPv)
    [Anonymous Symbol]                       0x080007c2   Section        0  new.cpp.o(.text._ZdlPv)
    __cxx_global_var_init                    0x080007c9   Thumb Code    50  ec_gpio_api.o(.text.__cxx_global_var_init)
    [Anonymous Symbol]                       0x080007c8   Section        0  ec_gpio_api.o(.text.__cxx_global_var_init)
    __cxx_global_var_init.1                  0x080007fd   Thumb Code    48  ec_gpio_api.o(.text.__cxx_global_var_init.1)
    [Anonymous Symbol]                       0x080007fc   Section        0  ec_gpio_api.o(.text.__cxx_global_var_init.1)
    [Anonymous Symbol]                       0x0800082c   Section        0  ec_gpio_api.o(.text.main)
    $v0                                      0x08000850   Number         0  fpinit.o(x$fpl$fpinit)
    x$fpl$fpinit                             0x08000850   Section       26  fpinit.o(x$fpl$fpinit)
    .init_array                              0x08000890   Section        0  init_aeabi.o(.init_array)
    .bss                                     0x20000008   Section       96  libspace.o(.bss)
    Heap_Mem                                 0x20000088   Data         512  startup_stm32f411xe.o(HEAP)
    HEAP                                     0x20000088   Section      512  startup_stm32f411xe.o(HEAP)
    Stack_Mem                                0x20000288   Data        1024  startup_stm32f411xe.o(STACK)
    STACK                                    0x20000288   Section     1024  startup_stm32f411xe.o(STACK)
    __initial_sp                             0x20000688   Data           0  startup_stm32f411xe.o(STACK)

    Global Symbols

    Symbol Name                              Value     Ov Type        Size  Object(Section)

    BuildAttributes$$THM_ISAv4$E$P$D$K$B$S$7EM$VFPi3$EXTD16$VFPS$VFMA$PE$A:L22UL41UL21$X:L11$S22US41US21$IEEE1$IW$~IW$USESV6$~STKCKD$USESV7$~SHL$OTIME$ROPI$EBA8$UX$STANDARDLIB$REQ8$PRES8$EABIv2 0x00000000   Number         0  anon$$obj.o ABSOLUTE
    __ARM_exceptions_init                     - Undefined Weak Reference
    __alloca_initialize                       - Undefined Weak Reference
    __arm_preinit_                            - Undefined Weak Reference
    __rt_locale                               - Undefined Weak Reference
    __sigvec_lookup                           - Undefined Weak Reference
    __user_heap_extent                        - Undefined Weak Reference
    _atexit_init                              - Undefined Weak Reference
    _call_atexit_fns                          - Undefined Weak Reference
    _clock_init                               - Undefined Weak Reference
    _fp_trap_init                             - Undefined Weak Reference
    _fp_trap_shutdown                         - Undefined Weak Reference
    _get_lc_collate                           - Undefined Weak Reference
    _get_lc_ctype                             - Undefined Weak Reference
    _get_lc_monetary                          - Undefined Weak Reference
    _get_lc_numeric                           - Undefined Weak Reference
    _get_lc_time                              - Undefined Weak Reference
    _getenv_init                              - Undefined Weak Reference
    _handle_redirection                       - Undefined Weak Reference
    _initio                                   - Undefined Weak Reference
    _mutex_acquire                            - Undefined Weak Reference
    _mutex_free                               - Undefined Weak Reference
    _mutex_release                            - Undefined Weak Reference
    _rand_init                                - Undefined Weak Reference
    _signal_finish                            - Undefined Weak Reference
    _signal_init                              - Undefined Weak Reference
    _terminateio                              - Undefined Weak Reference
    __Vectors_Size                           0x00000198   Number         0  startup_stm32f411xe.o ABSOLUTE
    __Vectors                                0x08000000   Data           4  startup_stm32f411xe.o(RESET)
    __dso_handle                             0x08000000   Number         0  startup_stm32f411xe.o(RESET)
    __Vectors_End                            0x08000198   Data           0  startup_stm32f411xe.o(RESET)
    __main                                   0x08000199   Thumb Code     8  __main.o(!!!main)
    __scatterload                            0x080001a1   Thumb Code     0  __scatter.o(!!!scatter)
    __scatterload_rt2                        0x080001a1   Thumb Code    44  __scatter.o(!!!scatter)
    __scatterload_rt2_thumb_only             0x080001a1   Thumb Code     0  __scatter.o(!!!scatter)
    __scatterload_null                       0x080001af   Thumb Code     0  __scatter.o(!!!scatter)
    __scatterload_copy                       0x080001d5   Thumb Code    26  __scatter_copy.o(!!handler_copy)
    __scatterload_zeroinit                   0x080001f1   Thumb Code    28  __scatter_zi.o(!!handler_zi)
    __rt_lib_init                            0x0800020d   Thumb Code     0  libinit.o(.ARM.Collect$$libinit$$00000000)
    __rt_lib_init_fp_1                       0x0800020f   Thumb Code     0  libinit2.o(.ARM.Collect$$libinit$$00000001)
    __rt_lib_init_heap_2                     0x08000213   Thumb Code     0  libinit2.o(.ARM.Collect$$libinit$$00000005)
    __rt_lib_init_preinit_1                  0x08000213   Thumb Code     0  libinit2.o(.ARM.Collect$$libinit$$00000004)
    __rt_lib_init_alloca_1                   0x0800021b   Thumb Code     0  libinit2.o(.ARM.Collect$$libinit$$0000002E)
    __rt_lib_init_argv_1                     0x0800021b   Thumb Code     0  libinit2.o(.ARM.Collect$$libinit$$0000002C)
    __rt_lib_init_atexit_1                   0x0800021b   Thumb Code     0  libinit2.o(.ARM.Collect$$libinit$$0000001B)
    __rt_lib_init_clock_1                    0x0800021b   Thumb Code     0  libinit2.o(.ARM.Collect$$libinit$$00000021)
    __rt_lib_init_cpp_2                      0x0800021b   Thumb Code     0  libinit2.o(.ARM.Collect$$libinit$$00000031)
    __rt_lib_init_exceptions_1               0x0800021b   Thumb Code     0  libinit2.o(.ARM.Collect$$libinit$$00000030)
    __rt_lib_init_fp_trap_1                  0x0800021b   Thumb Code     0  libinit2.o(.ARM.Collect$$libinit$$0000001F)
    __rt_lib_init_getenv_1                   0x0800021b   Thumb Code     0  libinit2.o(.ARM.Collect$$libinit$$00000023)
    __rt_lib_init_heap_1                     0x0800021b   Thumb Code     0  libinit2.o(.ARM.Collect$$libinit$$0000000A)
    __rt_lib_init_lc_collate_1               0x0800021b   Thumb Code     0  libinit2.o(.ARM.Collect$$libinit$$00000011)
    __rt_lib_init_lc_ctype_1                 0x0800021b   Thumb Code     0  libinit2.o(.ARM.Collect$$libinit$$00000013)
    __rt_lib_init_lc_monetary_1              0x0800021b   Thumb Code     0  libinit2.o(.ARM.Collect$$libinit$$00000015)
    __rt_lib_init_lc_numeric_1               0x0800021b   Thumb Code     0  libinit2.o(.ARM.Collect$$libinit$$00000017)
    __rt_lib_init_lc_time_1                  0x0800021b   Thumb Code     0  libinit2.o(.ARM.Collect$$libinit$$00000019)
    __rt_lib_init_rand_1                     0x0800021b   Thumb Code     0  libinit2.o(.ARM.Collect$$libinit$$0000000E)
    __rt_lib_init_signal_1                   0x0800021b   Thumb Code     0  libinit2.o(.ARM.Collect$$libinit$$0000001D)
    __rt_lib_init_stdio_1                    0x0800021b   Thumb Code     0  libinit2.o(.ARM.Collect$$libinit$$00000025)
    __rt_lib_init_user_alloc_1               0x0800021b   Thumb Code     0  libinit2.o(.ARM.Collect$$libinit$$0000000C)
    __rt_lib_init_cpp_1                      0x0800021f   Thumb Code     0  libinit2.o(.ARM.Collect$$libinit$$00000032)
    __rt_lib_init_return                     0x0800021f   Thumb Code     0  libinit2.o(.ARM.Collect$$libinit$$00000033)
    __rt_lib_shutdown                        0x08000221   Thumb Code     0  libshutdown.o(.ARM.Collect$$libshutdown$$00000000)
    __rt_lib_shutdown_cpp_2                  0x08000223   Thumb Code     0  libshutdown2.o(.ARM.Collect$$libshutdown$$00000001)
    __rt_lib_shutdown_cpp_1                  0x08000229   Thumb Code     0  libshutdown2.o(.ARM.Collect$$libshutdown$$00000002)
    __rt_lib_shutdown_fp_trap_1              0x08000229   Thumb Code     0  libshutdown2.o(.ARM.Collect$$libshutdown$$00000007)
    __rt_lib_shutdown_heap_1                 0x08000229   Thumb Code     0  libshutdown2.o(.ARM.Collect$$libshutdown$$0000000F)
    __rt_lib_shutdown_return                 0x08000229   Thumb Code     0  libshutdown2.o(.ARM.Collect$$libshutdown$$00000010)
    __rt_lib_shutdown_signal_1               0x08000229   Thumb Code     0  libshutdown2.o(.ARM.Collect$$libshutdown$$0000000A)
    __rt_lib_shutdown_stdio_1                0x08000229   Thumb Code     0  libshutdown2.o(.ARM.Collect$$libshutdown$$00000004)
    __rt_lib_shutdown_user_alloc_1           0x08000229   Thumb Code     0  libshutdown2.o(.ARM.Collect$$libshutdown$$0000000C)
    __rt_entry                               0x0800022b   Thumb Code     0  __rtentry.o(.ARM.Collect$$rtentry$$00000000)
    __rt_entry_presh_1                       0x0800022b   Thumb Code     0  __rtentry2.o(.ARM.Collect$$rtentry$$00000002)
    __rt_entry_sh                            0x0800022b   Thumb Code     0  __rtentry4.o(.ARM.Collect$$rtentry$$00000004)
    __rt_entry_li                            0x08000231   Thumb Code     0  __rtentry2.o(.ARM.Collect$$rtentry$$0000000A)
    __rt_entry_postsh_1                      0x08000231   Thumb Code     0  __rtentry2.o(.ARM.Collect$$rtentry$$00000009)
    __rt_entry_main                          0x08000235   Thumb Code     0  __rtentry2.o(.ARM.Collect$$rtentry$$0000000D)
    __rt_entry_postli_1                      0x08000235   Thumb Code     0  __rtentry2.o(.ARM.Collect$$rtentry$$0000000C)
    __rt_exit                                0x0800023d   Thumb Code     0  rtexit.o(.ARM.Collect$$rtexit$$00000000)
    __rt_exit_ls                             0x0800023f   Thumb Code     0  rtexit2.o(.ARM.Collect$$rtexit$$00000003)
    __rt_exit_prels_1                        0x0800023f   Thumb Code     0  rtexit2.o(.ARM.Collect$$rtexit$$00000002)
    __rt_exit_exit                           0x08000243   Thumb Code     0  rtexit2.o(.ARM.Collect$$rtexit$$00000004)
    Reset_Handler                            0x08000249   Thumb Code     8  startup_stm32f411xe.o(.text)
    NMI_Handler                              0x08000251   Thumb Code     2  startup_stm32f411xe.o(.text)
    HardFault_Handler                        0x08000253   Thumb Code     2  startup_stm32f411xe.o(.text)
    MemManage_Handler                        0x08000255   Thumb Code     2  startup_stm32f411xe.o(.text)
    BusFault_Handler                         0x08000257   Thumb Code     2  startup_stm32f411xe.o(.text)
    UsageFault_Handler                       0x08000259   Thumb Code     2  startup_stm32f411xe.o(.text)
    SVC_Handler                              0x0800025b   Thumb Code     2  startup_stm32f411xe.o(.text)
    DebugMon_Handler                         0x0800025d   Thumb Code     2  startup_stm32f411xe.o(.text)
    PendSV_Handler                           0x0800025f   Thumb Code     2  startup_stm32f411xe.o(.text)
    SysTick_Handler                          0x08000261   Thumb Code     2  startup_stm32f411xe.o(.text)
    ADC_IRQHandler                           0x08000263   Thumb Code     0  startup_stm32f411xe.o(.text)
    DMA1_Stream0_IRQHandler                  0x08000263   Thumb Code     0  startup_stm32f411xe.o(.text)
    DMA1_Stream1_IRQHandler                  0x08000263   Thumb Code     0  startup_stm32f411xe.o(.text)
    DMA1_Stream2_IRQHandler                  0x08000263   Thumb Code     0  startup_stm32f411xe.o(.text)
    DMA1_Stream3_IRQHandler                  0x08000263   Thumb Code     0  startup_stm32f411xe.o(.text)
    DMA1_Stream4_IRQHandler                  0x08000263   Thumb Code     0  startup_stm32f411xe.o(.text)
    DMA1_Stream5_IRQHandler                  0x08000263   Thumb Code     0  startup_stm32f411xe.o(.text)
    DMA1_Stream6_IRQHandler                  0x08000263   Thumb Code     0  startup_stm32f411xe.o(.text)
    DMA1_Stream7_IRQHandler                  0x08000263   Thumb Code     0  startup_stm32f411xe.o(.text)
    DMA2_Stream0_IRQHandler                  0x08000263   Thumb Code     0  startup_stm32f411xe.o(.text)
    DMA2_Stream1_IRQHandler                  0x08000263   Thumb Code     0  startup_stm32f411xe.o(.text)
    DMA2_Stream2_IRQHandler                  0x08000263   Thumb Code     0  startup_stm32f411xe.o(.text)
    DMA2_Stream3_IRQHandler                  0x08000263   Thumb Code     0  startup_stm32f411xe.o(.text)
    DMA2_Stream4_IRQHandler                  0x08000263   Thumb Code     0  startup_stm32f411xe.o(.text)
    DMA2_Stream5_IRQHandler                  0x08000263   Thumb Code     0  startup_stm32f411xe.o(.text)
    DMA2_Stream6_IRQHandler                  0x08000263   Thumb Code     0  startup_stm32f411xe.o(.text)
    DMA2_Stream7_IRQHandler                  0x08000263   Thumb Code     0  startup_stm32f411xe.o(.text)
    EXTI0_IRQHandler                         0x08000263   Thumb Code     0  startup_stm32f411xe.o(.text)
    EXTI15_10_IRQHandler                     0x08000263   Thumb Code     0  startup_stm32f411xe.o(.text)
    EXTI1_IRQHandler                         0x08000263   Thumb Code     0  startup_stm32f411xe.o(.text)
    EXTI2_IRQHandler                         0x08000263   Thumb Code     0  startup_stm32f411xe.o(.text)
    EXTI3_IRQHandler                         0x08000263   Thumb Code     0  startup_stm32f411xe.o(.text)
    EXTI4_IRQHandler                         0x08000263   Thumb Code     0  startup_stm32f411xe.o(.text)
    EXTI9_5_IRQHandler                       0x08000263   Thumb Code     0  startup_stm32f411xe.o(.text)
    FLASH_IRQHandler                         0x08000263   Thumb Code     0  startup_stm32f411xe.o(.text)
    FPU_IRQHandler                           0x08000263   Thumb Code     0  startup_stm32f411xe.o(.text)
    I2C1_ER_IRQHandler                       0x08000263   Thumb Code     0  startup_stm32f411xe.o(.text)
    I2C1_EV_IRQHandler                       0x08000263   Thumb Code     0  startup_stm32f411xe.o(.text)
    I2C2_ER_IRQHandler                       0x08000263   Thumb Code     0  startup_stm32f411xe.o(.text)
    I2C2_EV_IRQHandler                       0x08000263   Thumb Code     0  startup_stm32f411xe.o(.text)
    I2C3_ER_IRQHandler                       0x08000263   Thumb Code     0  startup_stm32f411xe.o(.text)
    I2C3_EV_IRQHandler                       0x08000263   Thumb Code     0  startup_stm32f411xe.o(.text)
    OTG_FS_IRQHandler                        0x08000263   Thumb Code     0  startup_stm32f411xe.o(.text)
    OTG_FS_WKUP_IRQHandler                   0x08000263   Thumb Code     0  startup_stm32f411xe.o(.text)
    PVD_IRQHandler                           0x08000263   Thumb Code     0  startup_stm32f411xe.o(.text)
    RCC_IRQHandler                           0x08000263   Thumb Code     0  startup_stm32f411xe.o(.text)
    RTC_Alarm_IRQHandler                     0x08000263   Thumb Code     0  startup_stm32f411xe.o(.text)
    RTC_WKUP_IRQHandler                      0x08000263   Thumb Code     0  startup_stm32f411xe.o(.text)
    SDIO_IRQHandler                          0x08000263   Thumb Code     0  startup_stm32f411xe.o(.text)
    SPI1_IRQHandler                          0x08000263   Thumb Code     0  startup_stm32f411xe.o(.text)
    SPI2_IRQHandler                          0x08000263   Thumb Code     0  startup_stm32f411xe.o(.text)
    SPI3_IRQHandler                          0x08000263   Thumb Code     0  startup_stm32f411xe.o(.text)
    SPI4_IRQHandler                          0x08000263   Thumb Code     0  startup_stm32f411xe.o(.text)
    SPI5_IRQHandler                          0x08000263   Thumb Code     0  startup_stm32f411xe.o(.text)
    TAMP_STAMP_IRQHandler                    0x08000263   Thumb Code     0  startup_stm32f411xe.o(.text)
    TIM1_BRK_TIM9_IRQHandler                 0x08000263   Thumb Code     0  startup_stm32f411xe.o(.text)
    TIM1_CC_IRQHandler                       0x08000263   Thumb Code     0  startup_stm32f411xe.o(.text)
    TIM1_TRG_COM_TIM11_IRQHandler            0x08000263   Thumb Code     0  startup_stm32f411xe.o(.text)
    TIM1_UP_TIM10_IRQHandler                 0x08000263   Thumb Code     0  startup_stm32f411xe.o(.text)
    TIM2_IRQHandler                          0x08000263   Thumb Code     0  startup_stm32f411xe.o(.text)
    TIM3_IRQHandler                          0x08000263   Thumb Code     0  startup_stm32f411xe.o(.text)
    TIM4_IRQHandler                          0x08000263   Thumb Code     0  startup_stm32f411xe.o(.text)
    TIM5_IRQHandler                          0x08000263   Thumb Code     0  startup_stm32f411xe.o(.text)
    USART1_IRQHandler                        0x08000263   Thumb Code     0  startup_stm32f411xe.o(.text)
    USART2_IRQHandler                        0x08000263   Thumb Code     0  startup_stm32f411xe.o(.text)
    USART6_IRQHandler                        0x08000263   Thumb Code     0  startup_stm32f411xe.o(.text)
    WWDG_IRQHandler                          0x08000263   Thumb Code     0  startup_stm32f411xe.o(.text)
    __user_initial_stackheap                 0x08000265   Thumb Code     0  startup_stm32f411xe.o(.text)
    __cxa_atexit                             0x08000289   Thumb Code    10  cxa_atexit.o(.text)
    __use_two_region_memory                  0x08000293   Thumb Code     2  heapauxi.o(.text)
    __rt_heap_escrow                         0x08000295   Thumb Code     2  heapauxi.o(.text)
    __rt_heap_expand                         0x08000297   Thumb Code     2  heapauxi.o(.text)
    __cpp_initialize__aeabi_                 0x08000299   Thumb Code    28  init_aeabi.o(.text)
    malloc                                   0x080002bd   Thumb Code    94  h1_alloc.o(.text)
    free                                     0x0800031b   Thumb Code    78  h1_free.o(.text)
    __aeabi_atexit                           0x08000369   Thumb Code    46  aeabi_atexit.o(.text)
    _sys_exit                                0x08000399   Thumb Code     8  sys_exit.o(.text)
    __rt_heap_descriptor                     0x080003a5   Thumb Code     8  rt_heap_descriptor_intlibspace.o(.text)
    __rt_ddtor_pointer_addr                  0x080003ad   Thumb Code     8  rt_ddtor_pointer_addr_intlibspace.o(.text)
    __use_no_heap                            0x080003b5   Thumb Code     2  hguard.o(.text)
    __heap$guard                             0x080003b7   Thumb Code     2  hguard.o(.text)
    _terminate_user_alloc                    0x080003b9   Thumb Code     2  init_alloc.o(.text)
    _init_user_alloc                         0x080003bb   Thumb Code     2  init_alloc.o(.text)
    __Heap_Full                              0x080003bd   Thumb Code    34  init_alloc.o(.text)
    __Heap_Broken                            0x080003df   Thumb Code     6  init_alloc.o(.text)
    _init_alloc                              0x080003e5   Thumb Code    94  init_alloc.o(.text)
    __Heap_Initialize                        0x08000443   Thumb Code    10  h1_init.o(.text)
    __Heap_DescSize                          0x0800044d   Thumb Code     4  h1_init.o(.text)
    __cxa_finalize                           0x08000451   Thumb Code    66  cxa_finalize.o(.text)
    __user_libspace                          0x08000495   Thumb Code     8  libspace.o(.text)
    __user_perproc_libspace                  0x08000495   Thumb Code     0  libspace.o(.text)
    __user_perthread_libspace                0x08000495   Thumb Code     0  libspace.o(.text)
    __I$use$semihosting                      0x0800049d   Thumb Code     0  use_no_semi.o(.text)
    __use_no_semihosting_swi                 0x0800049d   Thumb Code     2  use_no_semi.o(.text)
    __semihosting_library_function           0x0800049f   Thumb Code     0  indicate_semi.o(.text)
    __user_setup_stackheap                   0x0800049f   Thumb Code    74  sys_stackheap_outer.o(.text)
    __Heap_ProvideMemory                     0x080004e9   Thumb Code    52  h1_extend.o(.text)
    _maybe_terminate_alloc                   0x080004e9   Thumb Code     0  maybetermalloc1.o(.text)
    exit                                     0x0800051d   Thumb Code    18  exit.o(.text)
    __sig_exit                               0x0800052f   Thumb Code    10  defsig_exit.o(.text)
    __rt_SIGRTMEM                            0x08000539   Thumb Code    14  defsig_rtmem_outer.o(.text)
    __default_signal_display                 0x08000547   Thumb Code    50  defsig_general.o(.text)
    __rt_SIGRTMEM_inner                      0x08000579   Thumb Code    22  defsig_rtmem_inner.o(.text)
    _ttywrch                                 0x080005c9   Thumb Code    14  sys_wrch.o(.text)
    GPIO_init                                0x080005d9   Thumb Code    70  ecgpio.o(.text.GPIO_init)
    GPIO_mode                                0x08000621   Thumb Code    34  ecgpio.o(.text.GPIO_mode)
    GPIO_read                                0x08000645   Thumb Code    12  ecgpio.o(.text.GPIO_read)
    GPIO_write                               0x08000651   Thumb Code    32  ecgpio.o(.text.GPIO_write)
    RCC_GPIOA_enable                         0x08000671   Thumb Code    24  ecrcc.o(.text.RCC_GPIOA_enable)
    RCC_GPIOB_enable                         0x08000689   Thumb Code    24  ecrcc.o(.text.RCC_GPIOB_enable)
    RCC_GPIOC_enable                         0x080006a1   Thumb Code    24  ecrcc.o(.text.RCC_GPIOC_enable)
    RCC_HSI_init                             0x080006b9   Thumb Code    68  ecrcc.o(.text.RCC_HSI_init)
    SystemInit                               0x080006fd   Thumb Code    26  system_stm32f4xx.o(.text.SystemInit)
    EC_DigitalIn::read()                     0x08000725   Thumb Code    16  ec_gpio_api.o(.text._ZN12EC_DigitalIn4readEv)
    EC_DigitalIn::EC_DigitalIn__sub_object(GPIO_TypeDef*, int) 0x08000735   Thumb Code    34  ec_gpio_api.o(.text._ZN12EC_DigitalInC2EP12GPIO_TypeDefi)
    EC_DigitalIn::~EC_DigitalIn__sub_object() 0x08000759   Thumb Code    18  ec_gpio_api.o(.text._ZN12EC_DigitalInD2Ev)
    EC_DigitalIn::operator int()             0x0800076d   Thumb Code     8  ec_gpio_api.o(.text._ZN12EC_DigitalIncviEv)
    EC_DigitalOut::write(int)                0x08000775   Thumb Code    20  ec_gpio_api_1.o(.text._ZN13EC_DigitalOut5writeEi)
    EC_DigitalOut::EC_DigitalOut(GPIO_TypeDef*, int) 0x08000789   Thumb Code    34  ec_gpio_api_1.o(.text._ZN13EC_DigitalOutC2EP12GPIO_TypeDefi)
    EC_DigitalOut::EC_DigitalOut__sub_object(GPIO_TypeDef*, int) 0x08000789   Thumb Code    34  ec_gpio_api_1.o(.text._ZN13EC_DigitalOutC2EP12GPIO_TypeDefi)
    EC_DigitalOut::~EC_DigitalOut__sub_object() 0x080007ad   Thumb Code    18  ec_gpio_api.o(.text._ZN13EC_DigitalOutD2Ev)
    operator delete[](void*)                 0x080007bf   Thumb Code     4  new.cpp.o(.text._ZdaPv)
    operator delete(void*)                   0x080007c3   Thumb Code     4  new.cpp.o(.text._ZdlPv)
    main                                     0x0800082d   Thumb Code    36  ec_gpio_api.o(.text.main)
    _fp_init                                 0x08000851   Thumb Code    26  fpinit.o(x$fpl$fpinit)
    __fplib_config_fpu_vfp                   0x08000869   Thumb Code     0  fpinit.o(x$fpl$fpinit)
    __fplib_config_pureend_doubles           0x08000869   Thumb Code     0  fpinit.o(x$fpl$fpinit)
    Region$$Table$$Base                      0x0800086c   Number         0  anon$$obj.o(Region$$Table)
    Region$$Table$$Limit                     0x0800088c   Number         0  anon$$obj.o(Region$$Table)
    SHT$$INIT_ARRAY$$Base                    0x0800088c   Number         0  ec_gpio_api.o(.init_array)
    SHT$$INIT_ARRAY$$Limit                   0x08000890   Number         0  init_aeabi.o(.init_array)
    EC_SYSCLK                                0x20000000   Data           4  ecrcc.o(.data.EC_SYSCLK)
    __libspace_start                         0x20000008   Data          96  libspace.o(.bss)
    __temporary_stack_top$libspace           0x20000068   Data           0  libspace.o(.bss)
    button                                   0x20000068   Data          16  ec_gpio_api.o(.bss.button)
    led                                      0x20000078   Data          12  ec_gpio_api.o(.bss.led)



==============================================================================

Memory Map of the image

  Image Entry point : 0x08000199

  Load Region LR_IROM1 (Base: 0x08000000, Size: 0x00000898, Max: 0x00080000, ABSOLUTE)

    Execution Region ER_IROM1 (Exec base: 0x08000000, Load base: 0x08000000, Size: 0x00000890, Max: 0x00080000, ABSOLUTE)

    Exec Addr    Load Addr    Size         Type   Attr      Idx    E Section Name        Object

    0x08000000   0x08000000   0x00000198   Data   RO           94    RESET               startup_stm32f411xe.o
    0x08000198   0x08000198   0x00000008   Code   RO          125  * !!!main             c_w.l(__main.o)
    0x080001a0   0x080001a0   0x00000034   Code   RO          504    !!!scatter          c_w.l(__scatter.o)
    0x080001d4   0x080001d4   0x0000001a   Code   RO          506    !!handler_copy      c_w.l(__scatter_copy.o)
    0x080001ee   0x080001ee   0x00000002   PAD
    0x080001f0   0x080001f0   0x0000001c   Code   RO          508    !!handler_zi        c_w.l(__scatter_zi.o)
    0x0800020c   0x0800020c   0x00000002   Code   RO          441    .ARM.Collect$$libinit$$00000000  c_w.l(libinit.o)
    0x0800020e   0x0800020e   0x00000004   Code   RO          253    .ARM.Collect$$libinit$$00000001  c_w.l(libinit2.o)
    0x08000212   0x08000212   0x00000000   Code   RO          256    .ARM.Collect$$libinit$$00000004  c_w.l(libinit2.o)
    0x08000212   0x08000212   0x00000008   Code   RO          257    .ARM.Collect$$libinit$$00000005  c_w.l(libinit2.o)
    0x0800021a   0x0800021a   0x00000000   Code   RO          259    .ARM.Collect$$libinit$$0000000A  c_w.l(libinit2.o)
    0x0800021a   0x0800021a   0x00000000   Code   RO          261    .ARM.Collect$$libinit$$0000000C  c_w.l(libinit2.o)
    0x0800021a   0x0800021a   0x00000000   Code   RO          263    .ARM.Collect$$libinit$$0000000E  c_w.l(libinit2.o)
    0x0800021a   0x0800021a   0x00000000   Code   RO          266    .ARM.Collect$$libinit$$00000011  c_w.l(libinit2.o)
    0x0800021a   0x0800021a   0x00000000   Code   RO          268    .ARM.Collect$$libinit$$00000013  c_w.l(libinit2.o)
    0x0800021a   0x0800021a   0x00000000   Code   RO          270    .ARM.Collect$$libinit$$00000015  c_w.l(libinit2.o)
    0x0800021a   0x0800021a   0x00000000   Code   RO          272    .ARM.Collect$$libinit$$00000017  c_w.l(libinit2.o)
    0x0800021a   0x0800021a   0x00000000   Code   RO          274    .ARM.Collect$$libinit$$00000019  c_w.l(libinit2.o)
    0x0800021a   0x0800021a   0x00000000   Code   RO          276    .ARM.Collect$$libinit$$0000001B  c_w.l(libinit2.o)
    0x0800021a   0x0800021a   0x00000000   Code   RO          278    .ARM.Collect$$libinit$$0000001D  c_w.l(libinit2.o)
    0x0800021a   0x0800021a   0x00000000   Code   RO          280    .ARM.Collect$$libinit$$0000001F  c_w.l(libinit2.o)
    0x0800021a   0x0800021a   0x00000000   Code   RO          282    .ARM.Collect$$libinit$$00000021  c_w.l(libinit2.o)
    0x0800021a   0x0800021a   0x00000000   Code   RO          284    .ARM.Collect$$libinit$$00000023  c_w.l(libinit2.o)
    0x0800021a   0x0800021a   0x00000000   Code   RO          286    .ARM.Collect$$libinit$$00000025  c_w.l(libinit2.o)
    0x0800021a   0x0800021a   0x00000000   Code   RO          290    .ARM.Collect$$libinit$$0000002C  c_w.l(libinit2.o)
    0x0800021a   0x0800021a   0x00000000   Code   RO          292    .ARM.Collect$$libinit$$0000002E  c_w.l(libinit2.o)
    0x0800021a   0x0800021a   0x00000000   Code   RO          294    .ARM.Collect$$libinit$$00000030  c_w.l(libinit2.o)
    0x0800021a   0x0800021a   0x00000004   Code   RO          295    .ARM.Collect$$libinit$$00000031  c_w.l(libinit2.o)
    0x0800021e   0x0800021e   0x00000000   Code   RO          296    .ARM.Collect$$libinit$$00000032  c_w.l(libinit2.o)
    0x0800021e   0x0800021e   0x00000002   Code   RO          297    .ARM.Collect$$libinit$$00000033  c_w.l(libinit2.o)
    0x08000220   0x08000220   0x00000002   Code   RO          501    .ARM.Collect$$libshutdown$$00000000  c_w.l(libshutdown.o)
    0x08000222   0x08000222   0x00000006   Code   RO          442    .ARM.Collect$$libshutdown$$00000001  c_w.l(libshutdown2.o)
    0x08000228   0x08000228   0x00000000   Code   RO          443    .ARM.Collect$$libshutdown$$00000002  c_w.l(libshutdown2.o)
    0x08000228   0x08000228   0x00000000   Code   RO          445    .ARM.Collect$$libshutdown$$00000004  c_w.l(libshutdown2.o)
    0x08000228   0x08000228   0x00000000   Code   RO          448    .ARM.Collect$$libshutdown$$00000007  c_w.l(libshutdown2.o)
    0x08000228   0x08000228   0x00000000   Code   RO          451    .ARM.Collect$$libshutdown$$0000000A  c_w.l(libshutdown2.o)
    0x08000228   0x08000228   0x00000000   Code   RO          453    .ARM.Collect$$libshutdown$$0000000C  c_w.l(libshutdown2.o)
    0x08000228   0x08000228   0x00000000   Code   RO          456    .ARM.Collect$$libshutdown$$0000000F  c_w.l(libshutdown2.o)
    0x08000228   0x08000228   0x00000002   Code   RO          457    .ARM.Collect$$libshutdown$$00000010  c_w.l(libshutdown2.o)
    0x0800022a   0x0800022a   0x00000000   Code   RO          178    .ARM.Collect$$rtentry$$00000000  c_w.l(__rtentry.o)
    0x0800022a   0x0800022a   0x00000000   Code   RO          328    .ARM.Collect$$rtentry$$00000002  c_w.l(__rtentry2.o)
    0x0800022a   0x0800022a   0x00000006   Code   RO          340    .ARM.Collect$$rtentry$$00000004  c_w.l(__rtentry4.o)
    0x08000230   0x08000230   0x00000000   Code   RO          330    .ARM.Collect$$rtentry$$00000009  c_w.l(__rtentry2.o)
    0x08000230   0x08000230   0x00000004   Code   RO          331    .ARM.Collect$$rtentry$$0000000A  c_w.l(__rtentry2.o)
    0x08000234   0x08000234   0x00000000   Code   RO          333    .ARM.Collect$$rtentry$$0000000C  c_w.l(__rtentry2.o)
    0x08000234   0x08000234   0x00000008   Code   RO          334    .ARM.Collect$$rtentry$$0000000D  c_w.l(__rtentry2.o)
    0x0800023c   0x0800023c   0x00000002   Code   RO          458    .ARM.Collect$$rtexit$$00000000  c_w.l(rtexit.o)
    0x0800023e   0x0800023e   0x00000000   Code   RO          473    .ARM.Collect$$rtexit$$00000002  c_w.l(rtexit2.o)
    0x0800023e   0x0800023e   0x00000004   Code   RO          474    .ARM.Collect$$rtexit$$00000003  c_w.l(rtexit2.o)
    0x08000242   0x08000242   0x00000006   Code   RO          475    .ARM.Collect$$rtexit$$00000004  c_w.l(rtexit2.o)
    0x08000248   0x08000248   0x00000040   Code   RO           95    .text               startup_stm32f411xe.o
    0x08000288   0x08000288   0x0000000a   Code   RO          120    .text               c_w.l(cxa_atexit.o)
    0x08000292   0x08000292   0x00000006   Code   RO          123    .text               c_w.l(heapauxi.o)
    0x08000298   0x08000298   0x00000024   Code   RO          130    .text               c_w.l(init_aeabi.o)
    0x080002bc   0x080002bc   0x0000005e   Code   RO          183    .text               c_w.l(h1_alloc.o)
    0x0800031a   0x0800031a   0x0000004e   Code   RO          185    .text               c_w.l(h1_free.o)
    0x08000368   0x08000368   0x0000002e   Code   RO          250    .text               c_w.l(aeabi_atexit.o)
    0x08000396   0x08000396   0x00000002   PAD
    0x08000398   0x08000398   0x0000000c   Code   RO          321    .text               c_w.l(sys_exit.o)
    0x080003a4   0x080003a4   0x00000008   Code   RO          345    .text               c_w.l(rt_heap_descriptor_intlibspace.o)
    0x080003ac   0x080003ac   0x00000008   Code   RO          350    .text               c_w.l(rt_ddtor_pointer_addr_intlibspace.o)
    0x080003b4   0x080003b4   0x00000004   Code   RO          352    .text               c_w.l(hguard.o)
    0x080003b8   0x080003b8   0x0000008a   Code   RO          354    .text               c_w.l(init_alloc.o)
    0x08000442   0x08000442   0x0000000e   Code   RO          358    .text               c_w.l(h1_init.o)
    0x08000450   0x08000450   0x00000042   Code   RO          370    .text               c_w.l(cxa_finalize.o)
    0x08000492   0x08000492   0x00000002   PAD
    0x08000494   0x08000494   0x00000008   Code   RO          401    .text               c_w.l(libspace.o)
    0x0800049c   0x0800049c   0x00000002   Code   RO          404    .text               c_w.l(use_no_semi.o)
    0x0800049e   0x0800049e   0x00000000   Code   RO          406    .text               c_w.l(indicate_semi.o)
    0x0800049e   0x0800049e   0x0000004a   Code   RO          407    .text               c_w.l(sys_stackheap_outer.o)
    0x080004e8   0x080004e8   0x00000000   Code   RO          413    .text               c_w.l(maybetermalloc1.o)
    0x080004e8   0x080004e8   0x00000034   Code   RO          415    .text               c_w.l(h1_extend.o)
    0x0800051c   0x0800051c   0x00000012   Code   RO          419    .text               c_w.l(exit.o)
    0x0800052e   0x0800052e   0x0000000a   Code   RO          421    .text               c_w.l(defsig_exit.o)
    0x08000538   0x08000538   0x0000000e   Code   RO          425    .text               c_w.l(defsig_rtmem_outer.o)
    0x08000546   0x08000546   0x00000032   Code   RO          464    .text               c_w.l(defsig_general.o)
    0x08000578   0x08000578   0x00000050   Code   RO          466    .text               c_w.l(defsig_rtmem_inner.o)
    0x080005c8   0x080005c8   0x0000000e   Code   RO          468    .text               c_w.l(sys_wrch.o)
    0x080005d6   0x080005d6   0x00000002   PAD
    0x080005d8   0x080005d8   0x00000046   Code   RO           33    .text.GPIO_init     ecgpio.o
    0x0800061e   0x0800061e   0x00000002   PAD
    0x08000620   0x08000620   0x00000022   Code   RO           35    .text.GPIO_mode     ecgpio.o
    0x08000642   0x08000642   0x00000002   PAD
    0x08000644   0x08000644   0x0000000c   Code   RO           39    .text.GPIO_read     ecgpio.o
    0x08000650   0x08000650   0x00000020   Code   RO           37    .text.GPIO_write    ecgpio.o
    0x08000670   0x08000670   0x00000018   Code   RO           61    .text.RCC_GPIOA_enable  ecrcc.o
    0x08000688   0x08000688   0x00000018   Code   RO           63    .text.RCC_GPIOB_enable  ecrcc.o
    0x080006a0   0x080006a0   0x00000018   Code   RO           65    .text.RCC_GPIOC_enable  ecrcc.o
    0x080006b8   0x080006b8   0x00000044   Code   RO           57    .text.RCC_HSI_init  ecrcc.o
    0x080006fc   0x080006fc   0x0000001a   Code   RO          101    .text.SystemInit    system_stm32f4xx.o
    0x08000716   0x08000716   0x00000002   PAD
    0x08000718   0x08000718   0x0000000c   Code   RO            8    .text._GLOBAL__sub_I_EC_GPIO_API.cpp  ec_gpio_api.o
    0x08000724   0x08000724   0x00000010   Code   RO           30    .text._ZN12EC_DigitalIn4readEv  ec_gpio_api.o
    0x08000734   0x08000734   0x00000022   Code   RO           22    .text._ZN12EC_DigitalInC2EP12GPIO_TypeDefi  ec_gpio_api.o
    0x08000756   0x08000756   0x00000002   PAD
    0x08000758   0x08000758   0x00000012   Code   RO           24    .text._ZN12EC_DigitalInD2Ev  ec_gpio_api.o
    0x0800076a   0x0800076a   0x00000002   PAD
    0x0800076c   0x0800076c   0x00000008   Code   RO           28    .text._ZN12EC_DigitalIncviEv  ec_gpio_api.o
    0x08000774   0x08000774   0x00000014   Code   RO           77    .text._ZN13EC_DigitalOut5writeEi  ec_gpio_api_1.o
    0x08000788   0x08000788   0x00000022   Code   RO           75    .text._ZN13EC_DigitalOutC2EP12GPIO_TypeDefi  ec_gpio_api_1.o
    0x080007aa   0x080007aa   0x00000002   PAD
    0x080007ac   0x080007ac   0x00000012   Code   RO           26    .text._ZN13EC_DigitalOutD2Ev  ec_gpio_api.o
    0x080007be   0x080007be   0x00000004   Code   RO          150    .text._ZdaPv        libcpp_w.l(new.cpp.o)
    0x080007c2   0x080007c2   0x00000004   Code   RO          144    .text._ZdlPv        libcpp_w.l(new.cpp.o)
    0x080007c6   0x080007c6   0x00000002   PAD
    0x080007c8   0x080007c8   0x00000032   Code   RO            2    .text.__cxx_global_var_init  ec_gpio_api.o
    0x080007fa   0x080007fa   0x00000002   PAD
    0x080007fc   0x080007fc   0x00000030   Code   RO            4    .text.__cxx_global_var_init.1  ec_gpio_api.o
    0x0800082c   0x0800082c   0x00000024   Code   RO            6    .text.main          ec_gpio_api.o
    0x08000850   0x08000850   0x0000001a   Code   RO          383    x$fpl$fpinit        fz_wm.l(fpinit.o)
    0x0800086a   0x0800086a   0x00000002   PAD
    0x0800086c   0x0800086c   0x00000020   Data   RO          503    Region$$Table       anon$$obj.o
    0x0800088c   0x0800088c   0x00000004   Data   RO           12    .init_array         ec_gpio_api.o
    0x08000890   0x0800088c   0x00000000   Data   RO          128    .init_array         c_w.l(init_aeabi.o)


    Execution Region RW_IRAM1 (Exec base: 0x20000000, Load base: 0x08000890, Size: 0x00000688, Max: 0x00020000, ABSOLUTE)

    Exec Addr    Load Addr    Size         Type   Attr      Idx    E Section Name        Object

    0x20000000   0x08000890   0x00000004   Data   RW           67    .data.EC_SYSCLK     ecrcc.o
    0x20000004   0x08000894   0x00000004   PAD
    0x20000008        -       0x00000060   Zero   RW          402    .bss                c_w.l(libspace.o)
    0x20000068        -       0x00000010   Zero   RW           10    .bss.button         ec_gpio_api.o
    0x20000078        -       0x0000000c   Zero   RW           11    .bss.led            ec_gpio_api.o
    0x20000084   0x08000894   0x00000004   PAD
    0x20000088        -       0x00000200   Zero   RW           93    HEAP                startup_stm32f411xe.o
    0x20000288        -       0x00000400   Zero   RW           92    STACK               startup_stm32f411xe.o


==============================================================================

Image component sizes


      Code (inc. data)   RO Data    RW Data    ZI Data      Debug   Object Name

       240          0          4          0         28       4336   ec_gpio_api.o
        54          0          0          0          0       3801   ec_gpio_api_1.o
       148          0          0          0          0       2695   ecgpio.o
       140          0          0          4          0       2195   ecrcc.o
        64         26        408          0       1536        900   startup_stm32f411xe.o
        26          0          0          0          0       2837   system_stm32f4xx.o

    ----------------------------------------------------------------------
       686         26        444          4       1572      16764   Object Totals
         0          0         32          0          0          0   (incl. Generated)
        14          0          0          0          8          0   (incl. Padding)

    ----------------------------------------------------------------------

      Code (inc. data)   RO Data    RW Data    ZI Data      Debug   Library Member Name

         8          0          0          0          0         68   __main.o
         0          0          0          0          0          0   __rtentry.o
        12          0          0          0          0          0   __rtentry2.o
         6          0          0          0          0          0   __rtentry4.o
        52          8          0          0          0          0   __scatter.o
        26          0          0          0          0          0   __scatter_copy.o
        28          0          0          0          0          0   __scatter_zi.o
        46          0          0          0          0         84   aeabi_atexit.o
        10          0          0          0          0         68   cxa_atexit.o
        66          0          0          0          0         84   cxa_finalize.o
        10          0          0          0          0         68   defsig_exit.o
        50          0          0          0          0         88   defsig_general.o
        80         58          0          0          0         76   defsig_rtmem_inner.o
        14          0          0          0          0         80   defsig_rtmem_outer.o
        18          0          0          0          0         80   exit.o
        94          0          0          0          0         80   h1_alloc.o
        52          0          0          0          0         68   h1_extend.o
        78          0          0          0          0         80   h1_free.o
        14          0          0          0          0         84   h1_init.o
         6          0          0          0          0        152   heapauxi.o
         4          0          0          0          0        136   hguard.o
         0          0          0          0          0          0   indicate_semi.o
        36          8          0          0          0         80   init_aeabi.o
       138          0          0          0          0        168   init_alloc.o
         2          0          0          0          0          0   libinit.o
        18          0          0          0          0          0   libinit2.o
         2          0          0          0          0          0   libshutdown.o
         8          0          0          0          0          0   libshutdown2.o
         8          4          0          0         96         68   libspace.o
         0          0          0          0          0          0   maybetermalloc1.o
         8          4          0          0          0         68   rt_ddtor_pointer_addr_intlibspace.o
         8          4          0          0          0         68   rt_heap_descriptor_intlibspace.o
         2          0          0          0          0          0   rtexit.o
        10          0          0          0          0          0   rtexit2.o
        12          4          0          0          0         68   sys_exit.o
        74          0          0          0          0         80   sys_stackheap_outer.o
        14          0          0          0          0         76   sys_wrch.o
         2          0          0          0          0         68   use_no_semi.o
        26          0          0          0          0        116   fpinit.o
         8          0          0          0          0        380   new.cpp.o

    ----------------------------------------------------------------------
      1062         90          0          0         96       2536   Library Totals
        12          0          0          0          0          0   (incl. Padding)

    ----------------------------------------------------------------------

      Code (inc. data)   RO Data    RW Data    ZI Data      Debug   Library Name

      1016         90          0          0         96       2040   c_w.l
        26          0          0          0          0        116   fz_wm.l
         8          0          0          0          0        380   libcpp_w.l

    ----------------------------------------------------------------------
      1062         90          0          0         96       2536   Library Totals

    ----------------------------------------------------------------------

==============================================================================


      Code (inc. data)   RO Data    RW Data    ZI Data      Debug   

      1748        116        444          4       1668      18108   Grand Totals
      1748        116        444          4       1668      18108   ELF Image Totals
      1748        116        444          4          0          0   ROM Totals

==============================================================================

    Total RO  Size (Code + RO Data)                 2192 (   2.14kB)
    Total RW  Size (RW Data + ZI Data)              1672 (   1.63kB)
    Total ROM Size (Code + RO Data + RW Data)       2196 (   2.14kB)

==============================================================================

